{
'project:Silverpeas-Core-master/war-core/src/main/webapp/admin/jsp/MainFrameSilverpeasV5.jsp':[
198,
199,
202,
204,
205,
206,
],
'project:Silverpeas-Core-master/war-core/src/main/webapp/admin/jsp/frameBottomSilverpeasV5.jsp':[
145,
146,
],
'project:Silverpeas-Core-master/war-core/src/main/webapp/attachment/jsp/AjaxFileUpload.html':[
55,
],
'project:Silverpeas-Core-master/war-core/src/main/webapp/jobDomainPeas/jsp/jobDomain.jsp':[
46,
47,
],
'project:Silverpeas-Core-master/war-core/src/main/webapp/jobManagerPeas/jsp/jobManager.jsp':[
46,
47,
48,
],
'project:Silverpeas-Core-master/war-core/src/main/webapp/jobStartPagePeas/jsp/jobStartPage.jsp':[
54,
55,
],
'project:Silverpeas-Core-master/war-core/src/main/webapp/portlet/jsp/admin/adminPortlet.jsp':[
44,
45,
],
'project:Silverpeas-Core-master/war-core/src/main/webapp/portlet/jsp/admin/column.jsp':[
60,
],
'project:Silverpeas-Core-master/war-core/src/main/webapp/portlet/jsp/admin/columnSet.jsp':[
44,
45,
],
'project:Silverpeas-Core-master/war-core/src/main/webapp/portlet/jsp/admin/main.jsp':[
57,
],
'project:Silverpeas-Core-master/war-core/src/main/webapp/portlet/jsp/admin/portlet.jsp':[
50,
51,
52,
58,
59,
62,
63,
64,
66,
67,
70,
71,
72,
73,
74,
77,
78,
79,
80,
81,
],
'project:Silverpeas-Core-master/war-core/src/main/webapp/portlet/jsp/column.jsp':[
40,
],
'project:Silverpeas-Core-master/war-core/src/main/webapp/portlet/jsp/main.jsp':[
56,
],
'project:Silverpeas-Core-master/war-core/src/main/webapp/portlet/jsp/portlet.jsp':[
40,
41,
42,
45,
46,
50,
],
'project:Silverpeas-Core-master/war-core/src/main/webapp/portlet/jsp/portletmax.jsp':[
42,
43,
44,
45,
46,
49,
50,
51,
55,
56,
],
'project:Silverpeas-Core-master/war-core/src/main/webapp/portlet/jsp/portletmin.jsp':[
41,
42,
43,
44,
45,
52,
53,
54,
55,
56,
58,
59,
60,
61,
62,
],
'project:Silverpeas-Core-master/war-core/src/main/webapp/portlets/jsp/componentInstance/portlet.jsp':[
50,
],
'project:Silverpeas-Core-master/war-core/src/main/webapp/portlets/jsp/iframe/portlet.jsp':[
51,
],
'project:Silverpeas-Core-master/war-core/src/main/webapp/wysiwyg/jsp/ckeditor/_source/plugins/wsc/dialogs/tmpFrameset.html':[
47,
48,
49,
50,
],
'project:Silverpeas-Core-master/war-core/src/main/webapp/wysiwyg/jsp/ckeditor/plugins/wsc/dialogs/tmpFrameset.html':[
47,
48,
49,
50,
],
'project:external_webkit-jb-mr1/LayoutTests/dom/html/level2/html/HTMLBaseElement02.html':[
824,
826,
],
'project:external_webkit-jb-mr1/LayoutTests/dom/html/level2/html/HTMLFrameElement01.html':[
10,
12,
],
'project:external_webkit-jb-mr1/LayoutTests/dom/html/level2/html/HTMLFrameElement02.html':[
10,
12,
],
'project:external_webkit-jb-mr1/LayoutTests/dom/html/level2/html/HTMLFrameElement03.html':[
10,
12,
],
'project:external_webkit-jb-mr1/LayoutTests/dom/html/level2/html/HTMLFrameElement04.html':[
10,
12,
],
'project:external_webkit-jb-mr1/LayoutTests/dom/html/level2/html/HTMLFrameElement05.html':[
10,
12,
],
'project:external_webkit-jb-mr1/LayoutTests/dom/html/level2/html/HTMLFrameElement06.html':[
10,
12,
],
'project:external_webkit-jb-mr1/LayoutTests/dom/html/level2/html/HTMLFrameElement07.html':[
10,
12,
],
'project:external_webkit-jb-mr1/LayoutTests/dom/html/level2/html/HTMLFrameElement08.html':[
10,
12,
],
'project:external_webkit-jb-mr1/LayoutTests/dom/html/level2/html/HTMLFrameElement09.html':[
12,
14,
],
'project:external_webkit-jb-mr1/LayoutTests/dom/html/level2/html/HTMLFrameSetElement01.html':[
10,
12,
],
'project:external_webkit-jb-mr1/LayoutTests/dom/html/level2/html/HTMLFrameSetElement02.html':[
10,
12,
],
'project:external_webkit-jb-mr1/LayoutTests/dom/html/level2/html/HTMLIFrameElement01.html':[
8,
],
'project:external_webkit-jb-mr1/LayoutTests/dom/html/level2/html/HTMLIFrameElement02.html':[
8,
],
'project:external_webkit-jb-mr1/LayoutTests/dom/html/level2/html/HTMLIFrameElement03.html':[
8,
],
'project:external_webkit-jb-mr1/LayoutTests/dom/html/level2/html/HTMLIFrameElement04.html':[
8,
],
'project:external_webkit-jb-mr1/LayoutTests/dom/html/level2/html/HTMLIFrameElement05.html':[
8,
],
'project:external_webkit-jb-mr1/LayoutTests/dom/html/level2/html/HTMLIFrameElement06.html':[
8,
],
'project:external_webkit-jb-mr1/LayoutTests/dom/html/level2/html/HTMLIFrameElement07.html':[
8,
],
'project:external_webkit-jb-mr1/LayoutTests/dom/html/level2/html/HTMLIFrameElement08.html':[
8,
],
'project:external_webkit-jb-mr1/LayoutTests/dom/html/level2/html/HTMLIFrameElement09.html':[
8,
],
'project:external_webkit-jb-mr1/LayoutTests/dom/html/level2/html/HTMLIFrameElement10.html':[
8,
],
'project:external_webkit-jb-mr1/LayoutTests/dom/html/level2/html/HTMLIFrameElement11.html':[
10,
11,
],
'project:external_webkit-jb-mr1/LayoutTests/dom/html/level2/html/resources/frame.html':[
10,
12,
],
'project:external_webkit-jb-mr1/LayoutTests/dom/html/level2/html/resources/iframe.html':[
8,
],
'project:external_webkit-jb-mr1/LayoutTests/dom/xhtml/level2/html/HTMLBaseElement02.xhtml':[
848,
850,
],
'project:external_webkit-jb-mr1/LayoutTests/dom/xhtml/level2/html/HTMLFrameElement01.xhtml':[
11,
13,
],
'project:external_webkit-jb-mr1/LayoutTests/dom/xhtml/level2/html/HTMLFrameElement02.xhtml':[
11,
13,
],
'project:external_webkit-jb-mr1/LayoutTests/dom/xhtml/level2/html/HTMLFrameElement03.xhtml':[
11,
13,
],
'project:external_webkit-jb-mr1/LayoutTests/dom/xhtml/level2/html/HTMLFrameElement04.xhtml':[
11,
13,
],
'project:external_webkit-jb-mr1/LayoutTests/dom/xhtml/level2/html/HTMLFrameElement05.xhtml':[
11,
13,
],
'project:external_webkit-jb-mr1/LayoutTests/dom/xhtml/level2/html/HTMLFrameElement06.xhtml':[
11,
13,
],
'project:external_webkit-jb-mr1/LayoutTests/dom/xhtml/level2/html/HTMLFrameElement07.xhtml':[
11,
13,
],
'project:external_webkit-jb-mr1/LayoutTests/dom/xhtml/level2/html/HTMLFrameElement08.xhtml':[
11,
13,
],
'project:external_webkit-jb-mr1/LayoutTests/dom/xhtml/level2/html/HTMLFrameSetElement01.xhtml':[
11,
13,
],
'project:external_webkit-jb-mr1/LayoutTests/dom/xhtml/level2/html/HTMLFrameSetElement02.xhtml':[
11,
13,
],
'project:external_webkit-jb-mr1/LayoutTests/dom/xhtml/level2/html/HTMLIFrameElement01.xhtml':[
10,
],
'project:external_webkit-jb-mr1/LayoutTests/dom/xhtml/level2/html/HTMLIFrameElement02.xhtml':[
10,
],
'project:external_webkit-jb-mr1/LayoutTests/dom/xhtml/level2/html/HTMLIFrameElement03.xhtml':[
10,
],
'project:external_webkit-jb-mr1/LayoutTests/dom/xhtml/level2/html/HTMLIFrameElement04.xhtml':[
10,
],
'project:external_webkit-jb-mr1/LayoutTests/dom/xhtml/level2/html/HTMLIFrameElement05.xhtml':[
10,
],
'project:external_webkit-jb-mr1/LayoutTests/dom/xhtml/level2/html/HTMLIFrameElement06.xhtml':[
10,
],
'project:external_webkit-jb-mr1/LayoutTests/dom/xhtml/level2/html/HTMLIFrameElement07.xhtml':[
10,
],
'project:external_webkit-jb-mr1/LayoutTests/dom/xhtml/level2/html/HTMLIFrameElement08.xhtml':[
10,
],
'project:external_webkit-jb-mr1/LayoutTests/dom/xhtml/level2/html/HTMLIFrameElement09.xhtml':[
10,
],
'project:external_webkit-jb-mr1/LayoutTests/dom/xhtml/level2/html/HTMLIFrameElement10.xhtml':[
10,
],
'project:external_webkit-jb-mr1/LayoutTests/dom/xhtml/level2/html/HTMLIFrameElement11.xhtml':[
12,
13,
],
'project:external_webkit-jb-mr1/LayoutTests/dom/xhtml/level2/html/resources/frame.xhtml':[
11,
13,
],
'project:external_webkit-jb-mr1/LayoutTests/dom/xhtml/level2/html/resources/iframe.xhtml':[
10,
],
'project:external_webkit-jb-mr1/LayoutTests/fast/dom/DOMImplementation/createDocument-with-used-doctype.html':[
32,
],
'project:external_webkit-jb-mr1/LayoutTests/fast/dom/DOMImplementation/implementation-identity.html':[
29,
],
'project:external_webkit-jb-mr1/LayoutTests/fast/dom/HTMLFormElement/document-deactivation-callback-crash.html':[
8,
],
'project:external_webkit-jb-mr1/LayoutTests/fast/dom/NodeList/adoptNode-node-list-cache.html':[
54,
],
'project:external_webkit-jb-mr1/LayoutTests/fast/dom/beforeload/frame-before-load.html':[
13,
],
'project:external_webkit-jb-mr1/LayoutTests/fast/dom/beforeload/remove-frame-in-beforeload-listener.html':[
20,
],
'project:external_webkit-jb-mr1/LayoutTests/fast/encoding/char-encoding-mac.html':[
12,
],
'project:external_webkit-jb-mr1/LayoutTests/fast/encoding/char-encoding.html':[
12,
],
'project:external_webkit-jb-mr1/LayoutTests/fast/encoding/css-cached-bom.html':[
18,
],
'project:external_webkit-jb-mr1/LayoutTests/fast/encoding/frame-default-enc.html':[
24,
25,
],
'project:external_webkit-jb-mr1/LayoutTests/fast/events/touch/touch-inside-iframe.html':[
6,
],
'project:external_webkit-jb-mr1/LayoutTests/fast/leaks/002.html':[
6,
],
'project:external_webkit-jb-mr1/LayoutTests/http/tests/appcache/deferred-events-delete-while-raising.html':[
33,
],
'project:external_webkit-jb-mr1/LayoutTests/http/tests/appcache/destroyed-frame.html':[
4,
],
'project:external_webkit-jb-mr1/LayoutTests/http/tests/appcache/detached-iframe.html':[
3,
],
'project:external_webkit-jb-mr1/LayoutTests/http/tests/appcache/different-https-origin-resource-main.html':[
17,
],
'project:external_webkit-jb-mr1/LayoutTests/http/tests/appcache/reload.html':[
38,
],
'project:external_webkit-jb-mr1/LayoutTests/http/tests/cookies/third-party-cookie-relaxing.html':[
94,
],
'project:external_webkit-jb-mr1/LayoutTests/storage/close-during-stress-test.html':[
18,
],
'project:external_webkit-jb-mr1/Source/WebCore/manual-tests/Default-port-frame.html':[
5,
],
'project:external_webkit-jb-mr1/Source/WebCore/manual-tests/autocorrection/autocorrection-in-iframe.html':[
13,
],
'project:external_webkit-jb-mr1/Source/WebCore/manual-tests/autoscroll.html':[
27,
29,
],
'project:external_webkit-jb-mr1/Source/WebCore/manual-tests/bugzilla-4840.html':[
23,
],
'project:external_webkit-jb-mr1/Source/WebCore/manual-tests/bugzilla-5768.html':[
39,
],
'project:external_webkit-jb-mr1/Source/WebCore/manual-tests/compositing/caret-in-compositing-frame.html':[
7,
],
'project:external_webkit-jb-mr1/Source/WebCore/manual-tests/compositing/missing-iframe-contents.html':[
28,
],
'project:external_webkit-jb-mr1/Source/WebCore/manual-tests/compositing/resources/tab-repaint-part-2.html':[
17,
],
'project:external_webkit-jb-mr1/Source/WebCore/manual-tests/compositing/show-composited-iframe-on-back-button.html':[
72,
],
'project:external_webkit-jb-mr1/Source/WebCore/manual-tests/context-click-unfocused-frame.html':[
2,
],
'project:external_webkit-jb-mr1/Source/WebCore/manual-tests/dictionary-scrolled-iframe.html':[
24,
],
'project:external_webkit-jb-mr1/Source/WebCore/manual-tests/drag-image-to-address-bar.html':[
21,
],
'project:external_webkit-jb-mr1/Source/WebCore/manual-tests/focus-change-between-key-events.html':[
2,
],
'project:external_webkit-jb-mr1/Source/WebCore/manual-tests/form-control-madness.html':[
46,
],
'project:external_webkit-jb-mr1/Source/WebCore/manual-tests/frame-hover.html':[
3,
3,
],
'project:external_webkit-jb-mr1/Source/WebCore/manual-tests/frames/nested-iframe-blit-on-scroll.html':[
28,
],
'project:external_webkit-jb-mr1/Source/WebCore/manual-tests/frames/resources/blit-on-scroll-subframe.html':[
10,
],
'project:external_webkit-jb-mr1/Source/WebCore/manual-tests/input-type-file-autocomplete-refresh.html':[
6,
7,
],
'project:external_webkit-jb-mr1/Source/WebCore/manual-tests/inspector/dom-mutation.html':[
29,
],
'project:external_webkit-jb-mr1/Source/WebCore/manual-tests/media-controls.html':[
254,
],
'project:external_webkit-jb-mr1/Source/WebCore/manual-tests/nested-plug-ins.html':[
45,
],
'project:external_webkit-jb-mr1/Source/WebCore/manual-tests/panScroll.html':[
21,
22,
23,
24,
25,
26,
27,
28,
],
'project:external_webkit-jb-mr1/Source/WebCore/manual-tests/paste-crash.html':[
11,
12,
24,
25,
],
'project:external_webkit-jb-mr1/Source/WebCore/manual-tests/plug-in-mutates-NSView-hierarchy-during-resize.html':[
31,
32,
33,
],
'project:external_webkit-jb-mr1/Source/WebCore/manual-tests/plugin-in-iframe-scroll.html':[
3,
6,
],
'project:external_webkit-jb-mr1/Source/WebCore/manual-tests/plugins/windowed-in-iframe.html':[
17,
],
'project:external_webkit-jb-mr1/Source/WebCore/manual-tests/post-multi-file-upload.html':[
32,
],
'project:external_webkit-jb-mr1/Source/WebCore/manual-tests/qt/main.html':[
7,
],
'project:external_webkit-jb-mr1/Source/WebCore/manual-tests/qt/plugin-iframe.html':[
21,
],
'project:external_webkit-jb-mr1/Source/WebCore/manual-tests/qt/plugin-painting.html':[
15,
16,
17,
18,
19,
20,
21,
22,
23,
24,
25,
26,
27,
28,
29,
30,
31,
32,
],
'project:external_webkit-jb-mr1/Source/WebCore/manual-tests/qt/plugin-sibling-frame.html':[
4,
],
'project:external_webkit-jb-mr1/Source/WebCore/manual-tests/resources/navigation-during-onload-container.html':[
7,
],
'project:external_webkit-jb-mr1/Source/WebCore/manual-tests/resources/nested-plug-ins-outer-frame.html':[
3,
],
'project:external_webkit-jb-mr1/Source/WebCore/manual-tests/resources/nestedframesets.html':[
2,
3,
],
'project:external_webkit-jb-mr1/Source/WebCore/manual-tests/resources/testframeset.html':[
2,
3,
],
'project:external_webkit-jb-mr1/Source/WebCore/manual-tests/scrolling-nestedframesets.html':[
25,
],
'project:external_webkit-jb-mr1/Source/WebCore/manual-tests/spatial-navigation/frameset.html':[
3,
4,
5,
],
'project:external_webkit-jb-mr1/Source/WebCore/manual-tests/spatial-navigation/spatial-navigation-test-cases.html':[
134,
],
'project:external_webkit-jb-mr1/Source/WebCore/manual-tests/subview-click-assertion.html':[
22,
],
'project:external_webkit-jb-mr1/Source/WebCore/manual-tests/svg-deep-clone-to-new-doc.html':[
52,
],
'project:external_webkit-jb-mr1/Source/WebCore/manual-tests/test-iframes-loading-the-same-resource.html':[
16,
17,
],
'project:external_webkit-jb-mr1/Source/WebCore/manual-tests/textarea-iframe-navigation.html':[
14,
],
'project:external_webkit-jb-mr1/Source/WebCore/manual-tests/textarea-reset-default-value.html':[
21,
],
'project:external_webkit-jb-mr1/Source/WebCore/manual-tests/webarchive-test.html':[
7,
],
'project:external_webkit-jb-mr1/Source/WebCore/manual-tests/window-print-subframe.html':[
5,
],
'project:external_webkit-jb-mr1/Source/WebKit/chromium/tests/data/iframes_test.html':[
3,
4,
5,
],
'project:external_webkit-jb-mr1/Source/WebKit/chromium/tests/data/pageserialization/top_frame.html':[
10,
13,
14,
],
'project:external_webkit-jb-mr1/Source/WebKit/qt/tests/qwebframe/resources/testiframe.html':[
51,
],
'project:external_webkit-jb-mr1/Source/WebKit/qt/tests/qwebpage/resources/framedindex.html':[
2,
3,
],
'project:external_webkit-jb-mr1/Source/WebKit/qt/tests/qwebpage/resources/iframe.html':[
4,
],
'project:external_webkit-jb-mr1/Source/WebKit/qt/tests/qwebpage/resources/iframe2.html':[
4,
],
'project:external_webkit-jb-mr1/Source/WebKit/qt/tests/qwebpage/resources/index.html':[
2,
3,
],
'project:external_webkit-jb-mr1/Source/WebKit/qt/tests/qwebview/resources/index.html':[
2,
3,
],
'project:external_webkit-jb-mr1/Tools/CSSTestSuiteHarness/harness/harness.html':[
209,
213,
],
'project:external_webkit-jb-mr1/Tools/RebaselineQueueServer/templates/builder-picker.html':[
22,
],
'project:phpMyAdmin-4.0.4-english/libraries/display_import.lib.php':[
36,
],
'project:sonar-master/sonar-server/src/main/webapp/WEB-INF/app/views/settings/_special.html.erb':[
1,
],
}
