{
'project:voten/resources/assets/js/components/passport/Clients.vue':[
100,
168,
],
}
