{
'project:Silverpeas-Core-master/war-core/src/main/webapp/agenda/jsp/importCalendar.jsp':[
55,
],
'project:external_webkit-jb-mr1/Source/WebCore/manual-tests/crash-and-no-repaint-after-wake-from-sleep.html':[
6,
],
'project:external_webkit-jb-mr1/Source/WebCore/manual-tests/plugins/timeout-dialog-displayed-over-navigation.html':[
5,
],
'project:external_webkit-jb-mr1/Source/WebCore/manual-tests/redirect.html':[
1,
],
'project:external_webkit-jb-mr1/Source/WebCore/manual-tests/redirectHistory/redir-1.html':[
3,
],
'project:external_webkit-jb-mr1/Source/WebCore/manual-tests/redirectHistory/redir-2.html':[
3,
],
'project:external_webkit-jb-mr1/Tools/WebKitLauncher/start.html':[
4,
],
'project:external_webkit-jb-mr1/Tools/iExploder/iexploder-1.7.2/testcases/testcase-Linux_x86_64_rv2.0b6pre_Gecko-20100904_Firefox-4.0b6pre-TEST-8375-1_59.html':[
2,
],
'project:external_webkit-jb-mr1/Tools/iExploder/iexploder-1.7.2/testcases/testcase-U_Intel_Mac_OS_X_10_6_4_en-US_AppleWebKit-534.8_hrome-7.0.529.0-TEST-55313622206-3_6,0.html':[
5,
],
'project:external_webkit-jb-mr1/Tools/iExploder/iexploder-1.7.2/testcases/testcase-U_Linux_x86_64_en-US_AppleWebKit-534.7_Chrome-7.0.513.0-4800-5_80,65,15.html':[
3,
],
'project:external_webkit-jb-mr1/Tools/iExploder/iexploder-1.7.2/testcases/testcase-U_Linux_x86_64_en-US_AppleWebKit-534.7_Chrome-7.0.513.0-TEST-23583190347-3_15,12.html':[
3,
],
'project:sonar-master/sonar-server/src/main/webapp/WEB-INF/app/views/bulk_deletion/_pending_deletions_screen.html.erb':[
9,
],
'project:sonar-master/sonar-server/src/main/webapp/WEB-INF/app/views/setup/db_uptodate.html.erb':[
1,
],
'project:sonar-master/sonar-server/src/main/webapp/WEB-INF/app/views/setup/migration_running.html.erb':[
1,
],
}
