{
'project:external_webkit-jb-mr1/LayoutTests/fast/dom/beforeload/flash-before-load.html':[
12,
],
'project:external_webkit-jb-mr1/LayoutTests/fast/dom/beforeload/remove-flash-in-beforeload-listener.html':[
22,
],
'project:external_webkit-jb-mr1/Source/WebCore/manual-tests/compositing/resources/flash-frame.html':[
3,
],
'project:external_webkit-jb-mr1/Source/WebCore/manual-tests/flash-unload-tab.html':[
23,
],
'project:external_webkit-jb-mr1/Source/WebCore/manual-tests/gtk/plugin-resize-scroll.html':[
22,
],
'project:external_webkit-jb-mr1/Source/WebCore/manual-tests/qt/plugin-painting.html':[
33,
34,
35,
36,
37,
38,
39,
40,
41,
42,
43,
44,
45,
46,
47,
48,
49,
50,
51,
52,
],
'project:external_webkit-jb-mr1/Source/WebCore/manual-tests/resources/nested-plug-ins-inner-frame.html':[
1,
],
'project:external_webkit-jb-mr1/Source/WebCore/manual-tests/resources/nested-plug-ins-outer-frame.html':[
1,
],
'project:external_webkit-jb-mr1/Source/WebCore/manual-tests/show-hide-object.html':[
56,
],
'project:external_webkit-jb-mr1/Source/WebKit/chromium/tests/data/pageserialization/top_frame.html':[
19,
],
}
