{
'project:Silverpeas-Core-master/war-core/src/main/webapp/portlet/jsp/jsr/admin.jsp':[
42,
],
'project:Silverpeas-Core-master/war-core/src/main/webapp/portlet/jsp/jsr/deployer.jsp':[
44,
45,
],
'project:Silverpeas-Core-master/war-core/src/main/webapp/portlet/jsp/jsr/desktop.jsp':[
77,
80,
83,
],
'project:Silverpeas-Core-master/war-core/src/main/webapp/portlet/jsp/jsr/spaceDesktop.jsp':[
59,
62,
65,
],
}
