{
'project:external_webkit-jb-mr1/LayoutTests/fast/encoding/decoder-allow-null-chars.html':[
14,
],
'project:external_webkit-jb-mr1/LayoutTests/fast/encoding/mismatched-end-tag.html':[
3,
],
'project:external_webkit-jb-mr1/Source/WebCore/manual-tests/gtk/plugin-resize-scroll.html':[
14,
],
'project:external_webkit-jb-mr1/Source/WebCore/manual-tests/qt/plugin-iframe.html':[
14,
],
}
