{
'project:external_webkit-jb-mr1/LayoutTests/dom/html/level2/html/AppletsCollection.html':[
40,
],
'project:external_webkit-jb-mr1/LayoutTests/dom/html/level2/html/HTMLElement01.html':[
9,
],
'project:external_webkit-jb-mr1/LayoutTests/dom/html/level2/html/HTMLElement02.html':[
9,
],
'project:external_webkit-jb-mr1/LayoutTests/dom/html/level2/html/HTMLElement03.html':[
9,
],
'project:external_webkit-jb-mr1/LayoutTests/dom/html/level2/html/HTMLElement04.html':[
9,
],
'project:external_webkit-jb-mr1/LayoutTests/dom/html/level2/html/HTMLElement05.html':[
9,
],
'project:external_webkit-jb-mr1/LayoutTests/dom/html/level2/html/HTMLElement06.html':[
9,
],
'project:external_webkit-jb-mr1/LayoutTests/dom/html/level2/html/HTMLElement07.html':[
9,
],
'project:external_webkit-jb-mr1/LayoutTests/dom/html/level2/html/HTMLElement08.html':[
9,
],
'project:external_webkit-jb-mr1/LayoutTests/dom/html/level2/html/HTMLElement09.html':[
9,
],
'project:external_webkit-jb-mr1/LayoutTests/dom/html/level2/html/HTMLElement10.html':[
9,
],
'project:external_webkit-jb-mr1/LayoutTests/dom/html/level2/html/HTMLElement100.html':[
9,
],
'project:external_webkit-jb-mr1/LayoutTests/dom/html/level2/html/HTMLElement101.html':[
9,
],
'project:external_webkit-jb-mr1/LayoutTests/dom/html/level2/html/HTMLElement102.html':[
9,
],
'project:external_webkit-jb-mr1/LayoutTests/dom/html/level2/html/HTMLElement103.html':[
9,
],
'project:external_webkit-jb-mr1/LayoutTests/dom/html/level2/html/HTMLElement104.html':[
9,
],
'project:external_webkit-jb-mr1/LayoutTests/dom/html/level2/html/HTMLElement105.html':[
9,
],
'project:external_webkit-jb-mr1/LayoutTests/dom/html/level2/html/HTMLElement106.html':[
9,
],
'project:external_webkit-jb-mr1/LayoutTests/dom/html/level2/html/HTMLElement107.html':[
9,
],
'project:external_webkit-jb-mr1/LayoutTests/dom/html/level2/html/HTMLElement108.html':[
9,
],
'project:external_webkit-jb-mr1/LayoutTests/dom/html/level2/html/HTMLElement109.html':[
9,
],
'project:external_webkit-jb-mr1/LayoutTests/dom/html/level2/html/HTMLElement11.html':[
9,
],
'project:external_webkit-jb-mr1/LayoutTests/dom/html/level2/html/HTMLElement110.html':[
9,
],
'project:external_webkit-jb-mr1/LayoutTests/dom/html/level2/html/HTMLElement111.html':[
9,
],
'project:external_webkit-jb-mr1/LayoutTests/dom/html/level2/html/HTMLElement112.html':[
9,
],
'project:external_webkit-jb-mr1/LayoutTests/dom/html/level2/html/HTMLElement113.html':[
9,
],
'project:external_webkit-jb-mr1/LayoutTests/dom/html/level2/html/HTMLElement114.html':[
9,
],
'project:external_webkit-jb-mr1/LayoutTests/dom/html/level2/html/HTMLElement115.html':[
9,
],
'project:external_webkit-jb-mr1/LayoutTests/dom/html/level2/html/HTMLElement116.html':[
9,
],
'project:external_webkit-jb-mr1/LayoutTests/dom/html/level2/html/HTMLElement117.html':[
9,
],
'project:external_webkit-jb-mr1/LayoutTests/dom/html/level2/html/HTMLElement118.html':[
9,
],
'project:external_webkit-jb-mr1/LayoutTests/dom/html/level2/html/HTMLElement119.html':[
9,
],
'project:external_webkit-jb-mr1/LayoutTests/dom/html/level2/html/HTMLElement12.html':[
9,
],
'project:external_webkit-jb-mr1/LayoutTests/dom/html/level2/html/HTMLElement120.html':[
9,
],
'project:external_webkit-jb-mr1/LayoutTests/dom/html/level2/html/HTMLElement121.html':[
9,
],
'project:external_webkit-jb-mr1/LayoutTests/dom/html/level2/html/HTMLElement122.html':[
9,
],
'project:external_webkit-jb-mr1/LayoutTests/dom/html/level2/html/HTMLElement123.html':[
9,
],
'project:external_webkit-jb-mr1/LayoutTests/dom/html/level2/html/HTMLElement124.html':[
9,
],
'project:external_webkit-jb-mr1/LayoutTests/dom/html/level2/html/HTMLElement125.html':[
9,
],
'project:external_webkit-jb-mr1/LayoutTests/dom/html/level2/html/HTMLElement126.html':[
9,
],
'project:external_webkit-jb-mr1/LayoutTests/dom/html/level2/html/HTMLElement127.html':[
9,
],
'project:external_webkit-jb-mr1/LayoutTests/dom/html/level2/html/HTMLElement128.html':[
9,
],
'project:external_webkit-jb-mr1/LayoutTests/dom/html/level2/html/HTMLElement129.html':[
9,
],
'project:external_webkit-jb-mr1/LayoutTests/dom/html/level2/html/HTMLElement13.html':[
9,
],
'project:external_webkit-jb-mr1/LayoutTests/dom/html/level2/html/HTMLElement130.html':[
9,
],
'project:external_webkit-jb-mr1/LayoutTests/dom/html/level2/html/HTMLElement131.html':[
9,
],
'project:external_webkit-jb-mr1/LayoutTests/dom/html/level2/html/HTMLElement132.html':[
9,
],
'project:external_webkit-jb-mr1/LayoutTests/dom/html/level2/html/HTMLElement133.html':[
9,
],
'project:external_webkit-jb-mr1/LayoutTests/dom/html/level2/html/HTMLElement134.html':[
9,
],
'project:external_webkit-jb-mr1/LayoutTests/dom/html/level2/html/HTMLElement135.html':[
9,
],
'project:external_webkit-jb-mr1/LayoutTests/dom/html/level2/html/HTMLElement136.html':[
9,
],
'project:external_webkit-jb-mr1/LayoutTests/dom/html/level2/html/HTMLElement137.html':[
9,
],
'project:external_webkit-jb-mr1/LayoutTests/dom/html/level2/html/HTMLElement138.html':[
9,
],
'project:external_webkit-jb-mr1/LayoutTests/dom/html/level2/html/HTMLElement139.html':[
9,
],
'project:external_webkit-jb-mr1/LayoutTests/dom/html/level2/html/HTMLElement14.html':[
9,
],
'project:external_webkit-jb-mr1/LayoutTests/dom/html/level2/html/HTMLElement140.html':[
9,
],
'project:external_webkit-jb-mr1/LayoutTests/dom/html/level2/html/HTMLElement141.html':[
9,
],
'project:external_webkit-jb-mr1/LayoutTests/dom/html/level2/html/HTMLElement142.html':[
9,
],
'project:external_webkit-jb-mr1/LayoutTests/dom/html/level2/html/HTMLElement143.html':[
9,
],
'project:external_webkit-jb-mr1/LayoutTests/dom/html/level2/html/HTMLElement144.html':[
9,
],
'project:external_webkit-jb-mr1/LayoutTests/dom/html/level2/html/HTMLElement145.html':[
9,
],
'project:external_webkit-jb-mr1/LayoutTests/dom/html/level2/html/HTMLElement15.html':[
9,
],
'project:external_webkit-jb-mr1/LayoutTests/dom/html/level2/html/HTMLElement16.html':[
9,
],
'project:external_webkit-jb-mr1/LayoutTests/dom/html/level2/html/HTMLElement17.html':[
9,
],
'project:external_webkit-jb-mr1/LayoutTests/dom/html/level2/html/HTMLElement18.html':[
9,
],
'project:external_webkit-jb-mr1/LayoutTests/dom/html/level2/html/HTMLElement19.html':[
9,
],
'project:external_webkit-jb-mr1/LayoutTests/dom/html/level2/html/HTMLElement20.html':[
9,
],
'project:external_webkit-jb-mr1/LayoutTests/dom/html/level2/html/HTMLElement21.html':[
9,
],
'project:external_webkit-jb-mr1/LayoutTests/dom/html/level2/html/HTMLElement22.html':[
9,
],
'project:external_webkit-jb-mr1/LayoutTests/dom/html/level2/html/HTMLElement23.html':[
9,
],
'project:external_webkit-jb-mr1/LayoutTests/dom/html/level2/html/HTMLElement24.html':[
9,
],
'project:external_webkit-jb-mr1/LayoutTests/dom/html/level2/html/HTMLElement25.html':[
9,
],
'project:external_webkit-jb-mr1/LayoutTests/dom/html/level2/html/HTMLElement26.html':[
9,
],
'project:external_webkit-jb-mr1/LayoutTests/dom/html/level2/html/HTMLElement27.html':[
9,
],
'project:external_webkit-jb-mr1/LayoutTests/dom/html/level2/html/HTMLElement28.html':[
9,
],
'project:external_webkit-jb-mr1/LayoutTests/dom/html/level2/html/HTMLElement29.html':[
9,
],
'project:external_webkit-jb-mr1/LayoutTests/dom/html/level2/html/HTMLElement30.html':[
9,
],
'project:external_webkit-jb-mr1/LayoutTests/dom/html/level2/html/HTMLElement31.html':[
9,
],
'project:external_webkit-jb-mr1/LayoutTests/dom/html/level2/html/HTMLElement32.html':[
9,
],
'project:external_webkit-jb-mr1/LayoutTests/dom/html/level2/html/HTMLElement33.html':[
9,
],
'project:external_webkit-jb-mr1/LayoutTests/dom/html/level2/html/HTMLElement34.html':[
9,
],
'project:external_webkit-jb-mr1/LayoutTests/dom/html/level2/html/HTMLElement35.html':[
9,
],
'project:external_webkit-jb-mr1/LayoutTests/dom/html/level2/html/HTMLElement36.html':[
9,
],
'project:external_webkit-jb-mr1/LayoutTests/dom/html/level2/html/HTMLElement37.html':[
9,
],
'project:external_webkit-jb-mr1/LayoutTests/dom/html/level2/html/HTMLElement38.html':[
9,
],
'project:external_webkit-jb-mr1/LayoutTests/dom/html/level2/html/HTMLElement39.html':[
9,
],
'project:external_webkit-jb-mr1/LayoutTests/dom/html/level2/html/HTMLElement40.html':[
9,
],
'project:external_webkit-jb-mr1/LayoutTests/dom/html/level2/html/HTMLElement41.html':[
9,
],
'project:external_webkit-jb-mr1/LayoutTests/dom/html/level2/html/HTMLElement42.html':[
9,
],
'project:external_webkit-jb-mr1/LayoutTests/dom/html/level2/html/HTMLElement43.html':[
9,
],
'project:external_webkit-jb-mr1/LayoutTests/dom/html/level2/html/HTMLElement44.html':[
9,
],
'project:external_webkit-jb-mr1/LayoutTests/dom/html/level2/html/HTMLElement45.html':[
9,
],
'project:external_webkit-jb-mr1/LayoutTests/dom/html/level2/html/HTMLElement46.html':[
9,
],
'project:external_webkit-jb-mr1/LayoutTests/dom/html/level2/html/HTMLElement47.html':[
9,
],
'project:external_webkit-jb-mr1/LayoutTests/dom/html/level2/html/HTMLElement48.html':[
9,
],
'project:external_webkit-jb-mr1/LayoutTests/dom/html/level2/html/HTMLElement49.html':[
9,
],
'project:external_webkit-jb-mr1/LayoutTests/dom/html/level2/html/HTMLElement50.html':[
9,
],
'project:external_webkit-jb-mr1/LayoutTests/dom/html/level2/html/HTMLElement51.html':[
9,
],
'project:external_webkit-jb-mr1/LayoutTests/dom/html/level2/html/HTMLElement52.html':[
9,
],
'project:external_webkit-jb-mr1/LayoutTests/dom/html/level2/html/HTMLElement53.html':[
9,
],
'project:external_webkit-jb-mr1/LayoutTests/dom/html/level2/html/HTMLElement54.html':[
9,
],
'project:external_webkit-jb-mr1/LayoutTests/dom/html/level2/html/HTMLElement55.html':[
9,
],
'project:external_webkit-jb-mr1/LayoutTests/dom/html/level2/html/HTMLElement56.html':[
9,
],
'project:external_webkit-jb-mr1/LayoutTests/dom/html/level2/html/HTMLElement57.html':[
9,
],
'project:external_webkit-jb-mr1/LayoutTests/dom/html/level2/html/HTMLElement58.html':[
9,
],
'project:external_webkit-jb-mr1/LayoutTests/dom/html/level2/html/HTMLElement59.html':[
9,
],
'project:external_webkit-jb-mr1/LayoutTests/dom/html/level2/html/HTMLElement60.html':[
9,
],
'project:external_webkit-jb-mr1/LayoutTests/dom/html/level2/html/HTMLElement61.html':[
9,
],
'project:external_webkit-jb-mr1/LayoutTests/dom/html/level2/html/HTMLElement62.html':[
9,
],
'project:external_webkit-jb-mr1/LayoutTests/dom/html/level2/html/HTMLElement63.html':[
9,
],
'project:external_webkit-jb-mr1/LayoutTests/dom/html/level2/html/HTMLElement64.html':[
9,
],
'project:external_webkit-jb-mr1/LayoutTests/dom/html/level2/html/HTMLElement65.html':[
9,
],
'project:external_webkit-jb-mr1/LayoutTests/dom/html/level2/html/HTMLElement66.html':[
9,
],
'project:external_webkit-jb-mr1/LayoutTests/dom/html/level2/html/HTMLElement67.html':[
9,
],
'project:external_webkit-jb-mr1/LayoutTests/dom/html/level2/html/HTMLElement68.html':[
9,
],
'project:external_webkit-jb-mr1/LayoutTests/dom/html/level2/html/HTMLElement69.html':[
9,
],
'project:external_webkit-jb-mr1/LayoutTests/dom/html/level2/html/HTMLElement70.html':[
9,
],
'project:external_webkit-jb-mr1/LayoutTests/dom/html/level2/html/HTMLElement71.html':[
9,
],
'project:external_webkit-jb-mr1/LayoutTests/dom/html/level2/html/HTMLElement72.html':[
9,
],
'project:external_webkit-jb-mr1/LayoutTests/dom/html/level2/html/HTMLElement73.html':[
9,
],
'project:external_webkit-jb-mr1/LayoutTests/dom/html/level2/html/HTMLElement74.html':[
9,
],
'project:external_webkit-jb-mr1/LayoutTests/dom/html/level2/html/HTMLElement75.html':[
9,
],
'project:external_webkit-jb-mr1/LayoutTests/dom/html/level2/html/HTMLElement76.html':[
9,
],
'project:external_webkit-jb-mr1/LayoutTests/dom/html/level2/html/HTMLElement77.html':[
9,
],
'project:external_webkit-jb-mr1/LayoutTests/dom/html/level2/html/HTMLElement78.html':[
9,
],
'project:external_webkit-jb-mr1/LayoutTests/dom/html/level2/html/HTMLElement79.html':[
9,
],
'project:external_webkit-jb-mr1/LayoutTests/dom/html/level2/html/HTMLElement80.html':[
9,
],
'project:external_webkit-jb-mr1/LayoutTests/dom/html/level2/html/HTMLElement81.html':[
9,
],
'project:external_webkit-jb-mr1/LayoutTests/dom/html/level2/html/HTMLElement82.html':[
9,
],
'project:external_webkit-jb-mr1/LayoutTests/dom/html/level2/html/HTMLElement83.html':[
9,
],
'project:external_webkit-jb-mr1/LayoutTests/dom/html/level2/html/HTMLElement84.html':[
9,
],
'project:external_webkit-jb-mr1/LayoutTests/dom/html/level2/html/HTMLElement85.html':[
9,
],
'project:external_webkit-jb-mr1/LayoutTests/dom/html/level2/html/HTMLElement86.html':[
9,
],
'project:external_webkit-jb-mr1/LayoutTests/dom/html/level2/html/HTMLElement87.html':[
9,
],
'project:external_webkit-jb-mr1/LayoutTests/dom/html/level2/html/HTMLElement88.html':[
9,
],
'project:external_webkit-jb-mr1/LayoutTests/dom/html/level2/html/HTMLElement89.html':[
9,
],
'project:external_webkit-jb-mr1/LayoutTests/dom/html/level2/html/HTMLElement90.html':[
9,
],
'project:external_webkit-jb-mr1/LayoutTests/dom/html/level2/html/HTMLElement91.html':[
9,
],
'project:external_webkit-jb-mr1/LayoutTests/dom/html/level2/html/HTMLElement92.html':[
9,
],
'project:external_webkit-jb-mr1/LayoutTests/dom/html/level2/html/HTMLElement93.html':[
9,
],
'project:external_webkit-jb-mr1/LayoutTests/dom/html/level2/html/HTMLElement94.html':[
9,
],
'project:external_webkit-jb-mr1/LayoutTests/dom/html/level2/html/HTMLElement95.html':[
9,
],
'project:external_webkit-jb-mr1/LayoutTests/dom/html/level2/html/HTMLElement96.html':[
9,
],
'project:external_webkit-jb-mr1/LayoutTests/dom/html/level2/html/HTMLElement97.html':[
9,
],
'project:external_webkit-jb-mr1/LayoutTests/dom/html/level2/html/HTMLElement98.html':[
9,
],
'project:external_webkit-jb-mr1/LayoutTests/dom/html/level2/html/HTMLElement99.html':[
9,
],
'project:external_webkit-jb-mr1/LayoutTests/dom/html/level2/html/HTMLObjectElement01.html':[
9,
13,
],
'project:external_webkit-jb-mr1/LayoutTests/dom/html/level2/html/HTMLObjectElement02.html':[
9,
13,
],
'project:external_webkit-jb-mr1/LayoutTests/dom/html/level2/html/HTMLObjectElement03.html':[
9,
13,
],
'project:external_webkit-jb-mr1/LayoutTests/dom/html/level2/html/HTMLObjectElement04.html':[
9,
13,
],
'project:external_webkit-jb-mr1/LayoutTests/dom/html/level2/html/HTMLObjectElement05.html':[
9,
13,
],
'project:external_webkit-jb-mr1/LayoutTests/dom/html/level2/html/HTMLObjectElement06.html':[
9,
13,
],
'project:external_webkit-jb-mr1/LayoutTests/dom/html/level2/html/HTMLObjectElement07.html':[
9,
13,
],
'project:external_webkit-jb-mr1/LayoutTests/dom/html/level2/html/HTMLObjectElement08.html':[
9,
13,
],
'project:external_webkit-jb-mr1/LayoutTests/dom/html/level2/html/HTMLObjectElement09.html':[
9,
13,
],
'project:external_webkit-jb-mr1/LayoutTests/dom/html/level2/html/HTMLObjectElement10.html':[
9,
13,
],
'project:external_webkit-jb-mr1/LayoutTests/dom/html/level2/html/HTMLObjectElement11.html':[
9,
13,
],
'project:external_webkit-jb-mr1/LayoutTests/dom/html/level2/html/HTMLObjectElement12.html':[
9,
13,
],
'project:external_webkit-jb-mr1/LayoutTests/dom/html/level2/html/HTMLObjectElement13.html':[
9,
13,
],
'project:external_webkit-jb-mr1/LayoutTests/dom/html/level2/html/HTMLObjectElement14.html':[
9,
13,
],
'project:external_webkit-jb-mr1/LayoutTests/dom/html/level2/html/HTMLObjectElement15.html':[
9,
13,
],
'project:external_webkit-jb-mr1/LayoutTests/dom/html/level2/html/HTMLObjectElement16.html':[
9,
13,
],
'project:external_webkit-jb-mr1/LayoutTests/dom/html/level2/html/HTMLObjectElement17.html':[
9,
13,
],
'project:external_webkit-jb-mr1/LayoutTests/dom/html/level2/html/HTMLObjectElement18.html':[
9,
13,
],
'project:external_webkit-jb-mr1/LayoutTests/dom/html/level2/html/HTMLObjectElement19.html':[
9,
13,
],
'project:external_webkit-jb-mr1/LayoutTests/dom/html/level2/html/HTMLObjectElement20.html':[
9,
13,
],
'project:external_webkit-jb-mr1/LayoutTests/dom/html/level2/html/object01.html':[
9,
13,
],
'project:external_webkit-jb-mr1/LayoutTests/dom/html/level2/html/object02.html':[
9,
13,
],
'project:external_webkit-jb-mr1/LayoutTests/dom/html/level2/html/object03.html':[
9,
13,
],
'project:external_webkit-jb-mr1/LayoutTests/dom/html/level2/html/object04.html':[
9,
13,
],
'project:external_webkit-jb-mr1/LayoutTests/dom/html/level2/html/object05.html':[
9,
13,
],
'project:external_webkit-jb-mr1/LayoutTests/dom/html/level2/html/object07.html':[
9,
13,
],
'project:external_webkit-jb-mr1/LayoutTests/dom/html/level2/html/object08.html':[
9,
13,
],
'project:external_webkit-jb-mr1/LayoutTests/dom/html/level2/html/object09.html':[
9,
13,
],
'project:external_webkit-jb-mr1/LayoutTests/dom/html/level2/html/object10.html':[
9,
13,
],
'project:external_webkit-jb-mr1/LayoutTests/dom/html/level2/html/object11.html':[
9,
13,
],
'project:external_webkit-jb-mr1/LayoutTests/dom/html/level2/html/object12.html':[
9,
13,
],
'project:external_webkit-jb-mr1/LayoutTests/dom/html/level2/html/object13.html':[
9,
13,
],
'project:external_webkit-jb-mr1/LayoutTests/dom/html/level2/html/object14.html':[
9,
13,
],
'project:external_webkit-jb-mr1/LayoutTests/dom/html/level2/html/object15.html':[
9,
13,
],
'project:external_webkit-jb-mr1/LayoutTests/dom/xhtml/level2/html/HTMLElement01.xhtml':[
11,
],
'project:external_webkit-jb-mr1/LayoutTests/dom/xhtml/level2/html/HTMLElement02.xhtml':[
11,
],
'project:external_webkit-jb-mr1/LayoutTests/dom/xhtml/level2/html/HTMLElement03.xhtml':[
11,
],
'project:external_webkit-jb-mr1/LayoutTests/dom/xhtml/level2/html/HTMLElement04.xhtml':[
11,
],
'project:external_webkit-jb-mr1/LayoutTests/dom/xhtml/level2/html/HTMLElement05.xhtml':[
11,
],
'project:external_webkit-jb-mr1/LayoutTests/dom/xhtml/level2/html/HTMLElement06.xhtml':[
11,
],
'project:external_webkit-jb-mr1/LayoutTests/dom/xhtml/level2/html/HTMLElement07.xhtml':[
11,
],
'project:external_webkit-jb-mr1/LayoutTests/dom/xhtml/level2/html/HTMLElement08.xhtml':[
11,
],
'project:external_webkit-jb-mr1/LayoutTests/dom/xhtml/level2/html/HTMLElement09.xhtml':[
11,
],
'project:external_webkit-jb-mr1/LayoutTests/dom/xhtml/level2/html/HTMLElement10.xhtml':[
11,
],
'project:external_webkit-jb-mr1/LayoutTests/dom/xhtml/level2/html/HTMLElement100.xhtml':[
11,
],
'project:external_webkit-jb-mr1/LayoutTests/dom/xhtml/level2/html/HTMLElement101.xhtml':[
11,
],
'project:external_webkit-jb-mr1/LayoutTests/dom/xhtml/level2/html/HTMLElement102.xhtml':[
11,
],
'project:external_webkit-jb-mr1/LayoutTests/dom/xhtml/level2/html/HTMLElement103.xhtml':[
11,
],
'project:external_webkit-jb-mr1/LayoutTests/dom/xhtml/level2/html/HTMLElement104.xhtml':[
11,
],
'project:external_webkit-jb-mr1/LayoutTests/dom/xhtml/level2/html/HTMLElement105.xhtml':[
11,
],
'project:external_webkit-jb-mr1/LayoutTests/dom/xhtml/level2/html/HTMLElement106.xhtml':[
11,
],
'project:external_webkit-jb-mr1/LayoutTests/dom/xhtml/level2/html/HTMLElement107.xhtml':[
11,
],
'project:external_webkit-jb-mr1/LayoutTests/dom/xhtml/level2/html/HTMLElement108.xhtml':[
11,
],
'project:external_webkit-jb-mr1/LayoutTests/dom/xhtml/level2/html/HTMLElement109.xhtml':[
11,
],
'project:external_webkit-jb-mr1/LayoutTests/dom/xhtml/level2/html/HTMLElement11.xhtml':[
11,
],
'project:external_webkit-jb-mr1/LayoutTests/dom/xhtml/level2/html/HTMLElement110.xhtml':[
11,
],
'project:external_webkit-jb-mr1/LayoutTests/dom/xhtml/level2/html/HTMLElement111.xhtml':[
11,
],
'project:external_webkit-jb-mr1/LayoutTests/dom/xhtml/level2/html/HTMLElement112.xhtml':[
11,
],
'project:external_webkit-jb-mr1/LayoutTests/dom/xhtml/level2/html/HTMLElement113.xhtml':[
11,
],
'project:external_webkit-jb-mr1/LayoutTests/dom/xhtml/level2/html/HTMLElement114.xhtml':[
11,
],
'project:external_webkit-jb-mr1/LayoutTests/dom/xhtml/level2/html/HTMLElement115.xhtml':[
11,
],
'project:external_webkit-jb-mr1/LayoutTests/dom/xhtml/level2/html/HTMLElement116.xhtml':[
11,
],
'project:external_webkit-jb-mr1/LayoutTests/dom/xhtml/level2/html/HTMLElement117.xhtml':[
11,
],
'project:external_webkit-jb-mr1/LayoutTests/dom/xhtml/level2/html/HTMLElement118.xhtml':[
11,
],
'project:external_webkit-jb-mr1/LayoutTests/dom/xhtml/level2/html/HTMLElement119.xhtml':[
11,
],
'project:external_webkit-jb-mr1/LayoutTests/dom/xhtml/level2/html/HTMLElement12.xhtml':[
11,
],
'project:external_webkit-jb-mr1/LayoutTests/dom/xhtml/level2/html/HTMLElement120.xhtml':[
11,
],
'project:external_webkit-jb-mr1/LayoutTests/dom/xhtml/level2/html/HTMLElement121.xhtml':[
11,
],
'project:external_webkit-jb-mr1/LayoutTests/dom/xhtml/level2/html/HTMLElement122.xhtml':[
11,
],
'project:external_webkit-jb-mr1/LayoutTests/dom/xhtml/level2/html/HTMLElement123.xhtml':[
11,
],
'project:external_webkit-jb-mr1/LayoutTests/dom/xhtml/level2/html/HTMLElement124.xhtml':[
11,
],
'project:external_webkit-jb-mr1/LayoutTests/dom/xhtml/level2/html/HTMLElement125.xhtml':[
11,
],
'project:external_webkit-jb-mr1/LayoutTests/dom/xhtml/level2/html/HTMLElement126.xhtml':[
11,
],
'project:external_webkit-jb-mr1/LayoutTests/dom/xhtml/level2/html/HTMLElement127.xhtml':[
11,
],
'project:external_webkit-jb-mr1/LayoutTests/dom/xhtml/level2/html/HTMLElement128.xhtml':[
11,
],
'project:external_webkit-jb-mr1/LayoutTests/dom/xhtml/level2/html/HTMLElement129.xhtml':[
11,
],
'project:external_webkit-jb-mr1/LayoutTests/dom/xhtml/level2/html/HTMLElement13.xhtml':[
11,
],
'project:external_webkit-jb-mr1/LayoutTests/dom/xhtml/level2/html/HTMLElement130.xhtml':[
11,
],
'project:external_webkit-jb-mr1/LayoutTests/dom/xhtml/level2/html/HTMLElement131.xhtml':[
11,
],
'project:external_webkit-jb-mr1/LayoutTests/dom/xhtml/level2/html/HTMLElement132.xhtml':[
11,
],
'project:external_webkit-jb-mr1/LayoutTests/dom/xhtml/level2/html/HTMLElement133.xhtml':[
11,
],
'project:external_webkit-jb-mr1/LayoutTests/dom/xhtml/level2/html/HTMLElement134.xhtml':[
11,
],
'project:external_webkit-jb-mr1/LayoutTests/dom/xhtml/level2/html/HTMLElement135.xhtml':[
11,
],
'project:external_webkit-jb-mr1/LayoutTests/dom/xhtml/level2/html/HTMLElement136.xhtml':[
11,
],
'project:external_webkit-jb-mr1/LayoutTests/dom/xhtml/level2/html/HTMLElement137.xhtml':[
11,
],
'project:external_webkit-jb-mr1/LayoutTests/dom/xhtml/level2/html/HTMLElement138.xhtml':[
11,
],
'project:external_webkit-jb-mr1/LayoutTests/dom/xhtml/level2/html/HTMLElement139.xhtml':[
11,
],
'project:external_webkit-jb-mr1/LayoutTests/dom/xhtml/level2/html/HTMLElement14.xhtml':[
11,
],
'project:external_webkit-jb-mr1/LayoutTests/dom/xhtml/level2/html/HTMLElement140.xhtml':[
11,
],
'project:external_webkit-jb-mr1/LayoutTests/dom/xhtml/level2/html/HTMLElement141.xhtml':[
11,
],
'project:external_webkit-jb-mr1/LayoutTests/dom/xhtml/level2/html/HTMLElement142.xhtml':[
11,
],
'project:external_webkit-jb-mr1/LayoutTests/dom/xhtml/level2/html/HTMLElement143.xhtml':[
11,
],
'project:external_webkit-jb-mr1/LayoutTests/dom/xhtml/level2/html/HTMLElement144.xhtml':[
11,
],
'project:external_webkit-jb-mr1/LayoutTests/dom/xhtml/level2/html/HTMLElement145.xhtml':[
11,
],
'project:external_webkit-jb-mr1/LayoutTests/dom/xhtml/level2/html/HTMLElement15.xhtml':[
11,
],
'project:external_webkit-jb-mr1/LayoutTests/dom/xhtml/level2/html/HTMLElement16.xhtml':[
11,
],
'project:external_webkit-jb-mr1/LayoutTests/dom/xhtml/level2/html/HTMLElement17.xhtml':[
11,
],
'project:external_webkit-jb-mr1/LayoutTests/dom/xhtml/level2/html/HTMLElement18.xhtml':[
11,
],
'project:external_webkit-jb-mr1/LayoutTests/dom/xhtml/level2/html/HTMLElement19.xhtml':[
11,
],
'project:external_webkit-jb-mr1/LayoutTests/dom/xhtml/level2/html/HTMLElement20.xhtml':[
11,
],
'project:external_webkit-jb-mr1/LayoutTests/dom/xhtml/level2/html/HTMLElement21.xhtml':[
11,
],
'project:external_webkit-jb-mr1/LayoutTests/dom/xhtml/level2/html/HTMLElement22.xhtml':[
11,
],
'project:external_webkit-jb-mr1/LayoutTests/dom/xhtml/level2/html/HTMLElement23.xhtml':[
11,
],
'project:external_webkit-jb-mr1/LayoutTests/dom/xhtml/level2/html/HTMLElement24.xhtml':[
11,
],
'project:external_webkit-jb-mr1/LayoutTests/dom/xhtml/level2/html/HTMLElement25.xhtml':[
11,
],
'project:external_webkit-jb-mr1/LayoutTests/dom/xhtml/level2/html/HTMLElement26.xhtml':[
11,
],
'project:external_webkit-jb-mr1/LayoutTests/dom/xhtml/level2/html/HTMLElement27.xhtml':[
11,
],
'project:external_webkit-jb-mr1/LayoutTests/dom/xhtml/level2/html/HTMLElement28.xhtml':[
11,
],
'project:external_webkit-jb-mr1/LayoutTests/dom/xhtml/level2/html/HTMLElement29.xhtml':[
11,
],
'project:external_webkit-jb-mr1/LayoutTests/dom/xhtml/level2/html/HTMLElement30.xhtml':[
11,
],
'project:external_webkit-jb-mr1/LayoutTests/dom/xhtml/level2/html/HTMLElement31.xhtml':[
11,
],
'project:external_webkit-jb-mr1/LayoutTests/dom/xhtml/level2/html/HTMLElement32.xhtml':[
11,
],
'project:external_webkit-jb-mr1/LayoutTests/dom/xhtml/level2/html/HTMLElement33.xhtml':[
11,
],
'project:external_webkit-jb-mr1/LayoutTests/dom/xhtml/level2/html/HTMLElement34.xhtml':[
11,
],
'project:external_webkit-jb-mr1/LayoutTests/dom/xhtml/level2/html/HTMLElement35.xhtml':[
11,
],
'project:external_webkit-jb-mr1/LayoutTests/dom/xhtml/level2/html/HTMLElement36.xhtml':[
11,
],
'project:external_webkit-jb-mr1/LayoutTests/dom/xhtml/level2/html/HTMLElement37.xhtml':[
11,
],
'project:external_webkit-jb-mr1/LayoutTests/dom/xhtml/level2/html/HTMLElement38.xhtml':[
11,
],
'project:external_webkit-jb-mr1/LayoutTests/dom/xhtml/level2/html/HTMLElement39.xhtml':[
11,
],
'project:external_webkit-jb-mr1/LayoutTests/dom/xhtml/level2/html/HTMLElement40.xhtml':[
11,
],
'project:external_webkit-jb-mr1/LayoutTests/dom/xhtml/level2/html/HTMLElement41.xhtml':[
11,
],
'project:external_webkit-jb-mr1/LayoutTests/dom/xhtml/level2/html/HTMLElement42.xhtml':[
11,
],
'project:external_webkit-jb-mr1/LayoutTests/dom/xhtml/level2/html/HTMLElement43.xhtml':[
11,
],
'project:external_webkit-jb-mr1/LayoutTests/dom/xhtml/level2/html/HTMLElement44.xhtml':[
11,
],
'project:external_webkit-jb-mr1/LayoutTests/dom/xhtml/level2/html/HTMLElement45.xhtml':[
11,
],
'project:external_webkit-jb-mr1/LayoutTests/dom/xhtml/level2/html/HTMLElement46.xhtml':[
11,
],
'project:external_webkit-jb-mr1/LayoutTests/dom/xhtml/level2/html/HTMLElement47.xhtml':[
11,
],
'project:external_webkit-jb-mr1/LayoutTests/dom/xhtml/level2/html/HTMLElement48.xhtml':[
11,
],
'project:external_webkit-jb-mr1/LayoutTests/dom/xhtml/level2/html/HTMLElement49.xhtml':[
11,
],
'project:external_webkit-jb-mr1/LayoutTests/dom/xhtml/level2/html/HTMLElement50.xhtml':[
11,
],
'project:external_webkit-jb-mr1/LayoutTests/dom/xhtml/level2/html/HTMLElement51.xhtml':[
11,
],
'project:external_webkit-jb-mr1/LayoutTests/dom/xhtml/level2/html/HTMLElement52.xhtml':[
11,
],
'project:external_webkit-jb-mr1/LayoutTests/dom/xhtml/level2/html/HTMLElement53.xhtml':[
11,
],
'project:external_webkit-jb-mr1/LayoutTests/dom/xhtml/level2/html/HTMLElement54.xhtml':[
11,
],
'project:external_webkit-jb-mr1/LayoutTests/dom/xhtml/level2/html/HTMLElement55.xhtml':[
11,
],
'project:external_webkit-jb-mr1/LayoutTests/dom/xhtml/level2/html/HTMLElement56.xhtml':[
11,
],
'project:external_webkit-jb-mr1/LayoutTests/dom/xhtml/level2/html/HTMLElement57.xhtml':[
11,
],
'project:external_webkit-jb-mr1/LayoutTests/dom/xhtml/level2/html/HTMLElement58.xhtml':[
11,
],
'project:external_webkit-jb-mr1/LayoutTests/dom/xhtml/level2/html/HTMLElement59.xhtml':[
11,
],
'project:external_webkit-jb-mr1/LayoutTests/dom/xhtml/level2/html/HTMLElement60.xhtml':[
11,
],
'project:external_webkit-jb-mr1/LayoutTests/dom/xhtml/level2/html/HTMLElement61.xhtml':[
11,
],
'project:external_webkit-jb-mr1/LayoutTests/dom/xhtml/level2/html/HTMLElement62.xhtml':[
11,
],
'project:external_webkit-jb-mr1/LayoutTests/dom/xhtml/level2/html/HTMLElement63.xhtml':[
11,
],
'project:external_webkit-jb-mr1/LayoutTests/dom/xhtml/level2/html/HTMLElement64.xhtml':[
11,
],
'project:external_webkit-jb-mr1/LayoutTests/dom/xhtml/level2/html/HTMLElement65.xhtml':[
11,
],
'project:external_webkit-jb-mr1/LayoutTests/dom/xhtml/level2/html/HTMLElement66.xhtml':[
11,
],
'project:external_webkit-jb-mr1/LayoutTests/dom/xhtml/level2/html/HTMLElement67.xhtml':[
11,
],
'project:external_webkit-jb-mr1/LayoutTests/dom/xhtml/level2/html/HTMLElement68.xhtml':[
11,
],
'project:external_webkit-jb-mr1/LayoutTests/dom/xhtml/level2/html/HTMLElement69.xhtml':[
11,
],
'project:external_webkit-jb-mr1/LayoutTests/dom/xhtml/level2/html/HTMLElement70.xhtml':[
11,
],
'project:external_webkit-jb-mr1/LayoutTests/dom/xhtml/level2/html/HTMLElement71.xhtml':[
11,
],
'project:external_webkit-jb-mr1/LayoutTests/dom/xhtml/level2/html/HTMLElement72.xhtml':[
11,
],
'project:external_webkit-jb-mr1/LayoutTests/dom/xhtml/level2/html/HTMLElement73.xhtml':[
11,
],
'project:external_webkit-jb-mr1/LayoutTests/dom/xhtml/level2/html/HTMLElement74.xhtml':[
11,
],
'project:external_webkit-jb-mr1/LayoutTests/dom/xhtml/level2/html/HTMLElement75.xhtml':[
11,
],
'project:external_webkit-jb-mr1/LayoutTests/dom/xhtml/level2/html/HTMLElement76.xhtml':[
11,
],
'project:external_webkit-jb-mr1/LayoutTests/dom/xhtml/level2/html/HTMLElement77.xhtml':[
11,
],
'project:external_webkit-jb-mr1/LayoutTests/dom/xhtml/level2/html/HTMLElement78.xhtml':[
11,
],
'project:external_webkit-jb-mr1/LayoutTests/dom/xhtml/level2/html/HTMLElement79.xhtml':[
11,
],
'project:external_webkit-jb-mr1/LayoutTests/dom/xhtml/level2/html/HTMLElement80.xhtml':[
11,
],
'project:external_webkit-jb-mr1/LayoutTests/dom/xhtml/level2/html/HTMLElement81.xhtml':[
11,
],
'project:external_webkit-jb-mr1/LayoutTests/dom/xhtml/level2/html/HTMLElement82.xhtml':[
11,
],
'project:external_webkit-jb-mr1/LayoutTests/dom/xhtml/level2/html/HTMLElement83.xhtml':[
11,
],
'project:external_webkit-jb-mr1/LayoutTests/dom/xhtml/level2/html/HTMLElement84.xhtml':[
11,
],
'project:external_webkit-jb-mr1/LayoutTests/dom/xhtml/level2/html/HTMLElement85.xhtml':[
11,
],
'project:external_webkit-jb-mr1/LayoutTests/dom/xhtml/level2/html/HTMLElement86.xhtml':[
11,
],
'project:external_webkit-jb-mr1/LayoutTests/dom/xhtml/level2/html/HTMLElement87.xhtml':[
11,
],
'project:external_webkit-jb-mr1/LayoutTests/dom/xhtml/level2/html/HTMLElement88.xhtml':[
11,
],
'project:external_webkit-jb-mr1/LayoutTests/dom/xhtml/level2/html/HTMLElement89.xhtml':[
11,
],
'project:external_webkit-jb-mr1/LayoutTests/dom/xhtml/level2/html/HTMLElement90.xhtml':[
11,
],
'project:external_webkit-jb-mr1/LayoutTests/dom/xhtml/level2/html/HTMLElement91.xhtml':[
11,
],
'project:external_webkit-jb-mr1/LayoutTests/dom/xhtml/level2/html/HTMLElement92.xhtml':[
11,
],
'project:external_webkit-jb-mr1/LayoutTests/dom/xhtml/level2/html/HTMLElement93.xhtml':[
11,
],
'project:external_webkit-jb-mr1/LayoutTests/dom/xhtml/level2/html/HTMLElement94.xhtml':[
11,
],
'project:external_webkit-jb-mr1/LayoutTests/dom/xhtml/level2/html/HTMLElement95.xhtml':[
11,
],
'project:external_webkit-jb-mr1/LayoutTests/dom/xhtml/level2/html/HTMLElement96.xhtml':[
11,
],
'project:external_webkit-jb-mr1/LayoutTests/dom/xhtml/level2/html/HTMLElement97.xhtml':[
11,
],
'project:external_webkit-jb-mr1/LayoutTests/dom/xhtml/level2/html/HTMLElement98.xhtml':[
11,
],
'project:external_webkit-jb-mr1/LayoutTests/dom/xhtml/level2/html/HTMLElement99.xhtml':[
11,
],
'project:external_webkit-jb-mr1/LayoutTests/dom/xhtml/level2/html/HTMLObjectElement01.xhtml':[
11,
15,
],
'project:external_webkit-jb-mr1/LayoutTests/dom/xhtml/level2/html/HTMLObjectElement02.xhtml':[
11,
15,
],
'project:external_webkit-jb-mr1/LayoutTests/dom/xhtml/level2/html/HTMLObjectElement03.xhtml':[
11,
15,
],
'project:external_webkit-jb-mr1/LayoutTests/dom/xhtml/level2/html/HTMLObjectElement04.xhtml':[
11,
15,
],
'project:external_webkit-jb-mr1/LayoutTests/dom/xhtml/level2/html/HTMLObjectElement05.xhtml':[
11,
15,
],
'project:external_webkit-jb-mr1/LayoutTests/dom/xhtml/level2/html/HTMLObjectElement06.xhtml':[
11,
15,
],
'project:external_webkit-jb-mr1/LayoutTests/dom/xhtml/level2/html/HTMLObjectElement07.xhtml':[
11,
15,
],
'project:external_webkit-jb-mr1/LayoutTests/dom/xhtml/level2/html/HTMLObjectElement08.xhtml':[
11,
15,
],
'project:external_webkit-jb-mr1/LayoutTests/dom/xhtml/level2/html/HTMLObjectElement09.xhtml':[
11,
15,
],
'project:external_webkit-jb-mr1/LayoutTests/dom/xhtml/level2/html/HTMLObjectElement10.xhtml':[
11,
15,
],
'project:external_webkit-jb-mr1/LayoutTests/dom/xhtml/level2/html/HTMLObjectElement11.xhtml':[
11,
15,
],
'project:external_webkit-jb-mr1/LayoutTests/dom/xhtml/level2/html/HTMLObjectElement12.xhtml':[
11,
15,
],
'project:external_webkit-jb-mr1/LayoutTests/dom/xhtml/level2/html/HTMLObjectElement13.xhtml':[
11,
15,
],
'project:external_webkit-jb-mr1/LayoutTests/dom/xhtml/level2/html/HTMLObjectElement14.xhtml':[
11,
15,
],
'project:external_webkit-jb-mr1/LayoutTests/dom/xhtml/level2/html/HTMLObjectElement15.xhtml':[
11,
15,
],
'project:external_webkit-jb-mr1/LayoutTests/dom/xhtml/level2/html/HTMLObjectElement16.xhtml':[
11,
15,
],
'project:external_webkit-jb-mr1/LayoutTests/dom/xhtml/level2/html/HTMLObjectElement17.xhtml':[
11,
15,
],
'project:external_webkit-jb-mr1/LayoutTests/dom/xhtml/level2/html/HTMLObjectElement18.xhtml':[
11,
15,
],
'project:external_webkit-jb-mr1/LayoutTests/dom/xhtml/level2/html/HTMLObjectElement19.xhtml':[
11,
15,
],
'project:external_webkit-jb-mr1/LayoutTests/dom/xhtml/level2/html/HTMLObjectElement20.xhtml':[
11,
15,
],
'project:external_webkit-jb-mr1/LayoutTests/dom/xhtml/level2/html/object01.xhtml':[
11,
15,
],
'project:external_webkit-jb-mr1/LayoutTests/dom/xhtml/level2/html/object02.xhtml':[
11,
15,
],
'project:external_webkit-jb-mr1/LayoutTests/dom/xhtml/level2/html/object03.xhtml':[
11,
15,
],
'project:external_webkit-jb-mr1/LayoutTests/dom/xhtml/level2/html/object04.xhtml':[
11,
15,
],
'project:external_webkit-jb-mr1/LayoutTests/dom/xhtml/level2/html/object05.xhtml':[
11,
15,
],
'project:external_webkit-jb-mr1/LayoutTests/dom/xhtml/level2/html/object07.xhtml':[
11,
15,
],
'project:external_webkit-jb-mr1/LayoutTests/dom/xhtml/level2/html/object08.xhtml':[
11,
15,
],
'project:external_webkit-jb-mr1/LayoutTests/dom/xhtml/level2/html/object09.xhtml':[
11,
15,
],
'project:external_webkit-jb-mr1/LayoutTests/dom/xhtml/level2/html/object10.xhtml':[
11,
15,
],
'project:external_webkit-jb-mr1/LayoutTests/dom/xhtml/level2/html/object11.xhtml':[
11,
15,
],
'project:external_webkit-jb-mr1/LayoutTests/dom/xhtml/level2/html/object12.xhtml':[
11,
15,
],
'project:external_webkit-jb-mr1/LayoutTests/dom/xhtml/level2/html/object13.xhtml':[
11,
15,
],
'project:external_webkit-jb-mr1/LayoutTests/dom/xhtml/level2/html/object14.xhtml':[
11,
15,
],
'project:external_webkit-jb-mr1/LayoutTests/dom/xhtml/level2/html/object15.xhtml':[
11,
15,
],
'project:external_webkit-jb-mr1/LayoutTests/fast/dom/beforeload/remove-flash-in-beforeload-listener.html':[
22,
],
'project:external_webkit-jb-mr1/Source/WebCore/manual-tests/plugins/flip4mac-update-alert-over-navigation.html':[
26,
],
'project:external_webkit-jb-mr1/Source/WebCore/manual-tests/qt/qtplugin-scrolling.html':[
18,
22,
],
'project:external_webkit-jb-mr1/Source/WebCore/manual-tests/qt/qtplugin.html':[
10,
16,
],
'project:external_webkit-jb-mr1/Source/WebKit/chromium/tests/data/pageserialization/top_frame.html':[
18,
19,
],
}
