{
'project:Silverpeas-Core-master/war-core/src/main/webapp/agenda/jsp/agenda.jsp':[
323,
],
'project:Silverpeas-Core-master/war-core/src/main/webapp/attachment/jsp/displayAttachedFiles.jsp':[
259,
262,
],
'project:Silverpeas-Core-master/war-core/src/main/webapp/form/jsp/editor.jsp':[
503,
506,
],
'project:Silverpeas-Core-master/war-core/src/main/webapp/jobDomainPeas/jsp/userCreate.jsp':[
238,
],
'project:Silverpeas-Core-master/war-core/src/main/webapp/jobDomainPeas/jsp/userImport.jsp':[
201,
209,
],
'project:Silverpeas-Core-master/war-core/src/main/webapp/pdcPeas/jsp/axisManager.jsp':[
283,
284,
],
'project:Silverpeas-Core-master/war-core/src/main/webapp/pdcPeas/jsp/globalResult.jsp':[
593,
],
'project:Silverpeas-Core-master/war-core/src/main/webapp/pdcPeas/jsp/searchContext.jsp':[
411,
557,
],
'project:Silverpeas-Core-master/war-core/src/main/webapp/pdcPeas/jsp/searchContextInComponent.jsp':[
550,
710,
],
'project:Silverpeas-Core-master/war-core/src/main/webapp/pdcPeas/jsp/searchToSelect.jsp':[
616,
778,
],
'project:Silverpeas-Core-master/war-core/src/main/webapp/portlet/jsp/admin/portletAdminBarre.jsp':[
60,
],
'project:Silverpeas-Core-master/war-core/src/main/webapp/sharing/jsp/ticketManager.jsp':[
190,
],
'project:external_webkit-jb-mr1/LayoutTests/dom/html/level2/html/HTMLInputElement01.html':[
36,
],
'project:external_webkit-jb-mr1/LayoutTests/dom/html/level2/html/HTMLInputElement02.html':[
36,
],
'project:external_webkit-jb-mr1/LayoutTests/dom/html/level2/html/HTMLInputElement03.html':[
36,
],
'project:external_webkit-jb-mr1/LayoutTests/dom/html/level2/html/HTMLInputElement04.html':[
36,
],
'project:external_webkit-jb-mr1/LayoutTests/dom/html/level2/html/HTMLInputElement05.html':[
36,
],
'project:external_webkit-jb-mr1/LayoutTests/dom/html/level2/html/HTMLInputElement06.html':[
36,
],
'project:external_webkit-jb-mr1/LayoutTests/dom/html/level2/html/HTMLInputElement07.html':[
36,
],
'project:external_webkit-jb-mr1/LayoutTests/dom/html/level2/html/HTMLInputElement08.html':[
36,
],
'project:external_webkit-jb-mr1/LayoutTests/dom/html/level2/html/HTMLInputElement09.html':[
36,
],
'project:external_webkit-jb-mr1/LayoutTests/dom/html/level2/html/HTMLInputElement10.html':[
36,
],
'project:external_webkit-jb-mr1/LayoutTests/dom/html/level2/html/HTMLInputElement11.html':[
36,
],
'project:external_webkit-jb-mr1/LayoutTests/dom/html/level2/html/HTMLInputElement12.html':[
36,
],
'project:external_webkit-jb-mr1/LayoutTests/dom/html/level2/html/HTMLInputElement13.html':[
36,
],
'project:external_webkit-jb-mr1/LayoutTests/dom/html/level2/html/HTMLInputElement14.html':[
36,
],
'project:external_webkit-jb-mr1/LayoutTests/dom/html/level2/html/HTMLInputElement15.html':[
36,
],
'project:external_webkit-jb-mr1/LayoutTests/dom/html/level2/html/HTMLInputElement16.html':[
36,
],
'project:external_webkit-jb-mr1/LayoutTests/dom/html/level2/html/HTMLInputElement17.html':[
36,
],
'project:external_webkit-jb-mr1/LayoutTests/dom/html/level2/html/HTMLInputElement18.html':[
36,
],
'project:external_webkit-jb-mr1/LayoutTests/dom/html/level2/html/HTMLInputElement19.html':[
36,
],
'project:external_webkit-jb-mr1/LayoutTests/dom/html/level2/html/HTMLInputElement20.html':[
36,
],
'project:external_webkit-jb-mr1/LayoutTests/dom/html/level2/html/HTMLInputElement21.html':[
36,
],
'project:external_webkit-jb-mr1/LayoutTests/dom/html/level2/html/HTMLInputElement22.html':[
36,
],
'project:external_webkit-jb-mr1/LayoutTests/dom/xhtml/level2/html/HTMLInputElement01.xhtml':[
38,
],
'project:external_webkit-jb-mr1/LayoutTests/dom/xhtml/level2/html/HTMLInputElement02.xhtml':[
38,
],
'project:external_webkit-jb-mr1/LayoutTests/dom/xhtml/level2/html/HTMLInputElement03.xhtml':[
38,
],
'project:external_webkit-jb-mr1/LayoutTests/dom/xhtml/level2/html/HTMLInputElement04.xhtml':[
38,
],
'project:external_webkit-jb-mr1/LayoutTests/dom/xhtml/level2/html/HTMLInputElement05.xhtml':[
38,
],
'project:external_webkit-jb-mr1/LayoutTests/dom/xhtml/level2/html/HTMLInputElement06.xhtml':[
38,
],
'project:external_webkit-jb-mr1/LayoutTests/dom/xhtml/level2/html/HTMLInputElement07.xhtml':[
38,
],
'project:external_webkit-jb-mr1/LayoutTests/dom/xhtml/level2/html/HTMLInputElement08.xhtml':[
38,
],
'project:external_webkit-jb-mr1/LayoutTests/dom/xhtml/level2/html/HTMLInputElement09.xhtml':[
38,
],
'project:external_webkit-jb-mr1/LayoutTests/dom/xhtml/level2/html/HTMLInputElement10.xhtml':[
38,
],
'project:external_webkit-jb-mr1/LayoutTests/dom/xhtml/level2/html/HTMLInputElement11.xhtml':[
38,
],
'project:external_webkit-jb-mr1/LayoutTests/dom/xhtml/level2/html/HTMLInputElement12.xhtml':[
38,
],
'project:external_webkit-jb-mr1/LayoutTests/dom/xhtml/level2/html/HTMLInputElement13.xhtml':[
38,
],
'project:external_webkit-jb-mr1/LayoutTests/dom/xhtml/level2/html/HTMLInputElement14.xhtml':[
38,
],
'project:external_webkit-jb-mr1/LayoutTests/dom/xhtml/level2/html/HTMLInputElement15.xhtml':[
38,
],
'project:external_webkit-jb-mr1/LayoutTests/dom/xhtml/level2/html/HTMLInputElement16.xhtml':[
38,
],
'project:external_webkit-jb-mr1/LayoutTests/dom/xhtml/level2/html/HTMLInputElement17.xhtml':[
38,
],
'project:external_webkit-jb-mr1/LayoutTests/dom/xhtml/level2/html/HTMLInputElement18.xhtml':[
38,
],
'project:external_webkit-jb-mr1/LayoutTests/dom/xhtml/level2/html/HTMLInputElement19.xhtml':[
38,
],
'project:external_webkit-jb-mr1/LayoutTests/dom/xhtml/level2/html/HTMLInputElement20.xhtml':[
38,
],
'project:external_webkit-jb-mr1/LayoutTests/dom/xhtml/level2/html/HTMLInputElement21.xhtml':[
38,
],
'project:external_webkit-jb-mr1/LayoutTests/dom/xhtml/level2/html/HTMLInputElement22.xhtml':[
38,
],
'project:external_webkit-jb-mr1/PerformanceTests/XSSFilter/resources/target-for-large-post-many-inline-scripts-and-events.html':[
8,
12,
16,
20,
24,
28,
32,
36,
40,
44,
48,
52,
56,
60,
64,
68,
72,
76,
80,
84,
88,
92,
96,
100,
104,
108,
112,
116,
120,
124,
128,
132,
136,
140,
144,
148,
152,
156,
160,
164,
168,
172,
176,
180,
184,
188,
192,
196,
200,
204,
208,
212,
216,
220,
224,
228,
232,
236,
240,
244,
248,
252,
256,
260,
264,
268,
272,
276,
280,
284,
288,
292,
296,
300,
304,
308,
312,
316,
320,
324,
328,
332,
336,
340,
344,
348,
352,
356,
360,
364,
368,
372,
376,
380,
384,
388,
392,
396,
400,
404,
408,
412,
416,
420,
424,
428,
432,
436,
440,
444,
448,
452,
456,
460,
464,
468,
472,
476,
480,
484,
488,
492,
496,
500,
504,
508,
512,
516,
520,
524,
528,
532,
536,
540,
544,
548,
552,
556,
560,
564,
568,
572,
576,
580,
584,
588,
592,
596,
600,
604,
608,
612,
616,
620,
624,
628,
632,
636,
640,
644,
648,
652,
656,
660,
664,
668,
672,
676,
680,
684,
688,
692,
696,
700,
704,
708,
712,
716,
720,
724,
728,
732,
736,
740,
744,
748,
752,
756,
760,
764,
768,
772,
776,
780,
784,
788,
792,
796,
800,
804,
808,
812,
816,
820,
824,
828,
832,
836,
840,
844,
848,
852,
856,
860,
864,
868,
872,
876,
880,
884,
888,
892,
896,
900,
904,
908,
912,
916,
920,
924,
928,
932,
936,
940,
944,
948,
952,
956,
960,
964,
968,
972,
976,
980,
984,
988,
992,
996,
1000,
1004,
1008,
1012,
1016,
1020,
1024,
1028,
1032,
1036,
1040,
1044,
1048,
1052,
1056,
1060,
1064,
1068,
1072,
1076,
1080,
1084,
1088,
1092,
1096,
1100,
1104,
1108,
1112,
1116,
1120,
1124,
1128,
1132,
1136,
1140,
1144,
1148,
1152,
1156,
1160,
1164,
1168,
1172,
1176,
1180,
1184,
1188,
1192,
1196,
1200,
1204,
1208,
1212,
1216,
1220,
1224,
1228,
1232,
1236,
1240,
1244,
1248,
1252,
1256,
1260,
1264,
1268,
1272,
1276,
1280,
1284,
],
'project:external_webkit-jb-mr1/Source/JavaScriptCore/tests/mozilla/importList.html':[
55,
],
'project:external_webkit-jb-mr1/Source/WebCore/manual-tests/animate-duration.html':[
49,
54,
59,
],
'project:external_webkit-jb-mr1/Source/WebCore/manual-tests/bugzilla-6821.html':[
51,
],
'project:external_webkit-jb-mr1/Source/WebCore/manual-tests/computed-transform-value.html':[
25,
],
'project:external_webkit-jb-mr1/Source/WebCore/manual-tests/nested-plug-ins.html':[
26,
29,
34,
37,
40,
],
'project:external_webkit-jb-mr1/Source/WebCore/manual-tests/onclick_in_noncontent.html':[
13,
],
'project:external_webkit-jb-mr1/Source/WebCore/manual-tests/resources/hover-subframe-1.html':[
25,
],
'project:external_webkit-jb-mr1/Source/WebCore/manual-tests/resources/hover-subframe-2.html':[
25,
],
'project:external_webkit-jb-mr1/Source/WebCore/manual-tests/transition-delay.html':[
47,
],
'project:external_webkit-jb-mr1/Source/WebCore/manual-tests/transition-events.html':[
79,
],
'project:external_webkit-jb-mr1/Tools/QueueStatusServer/templates/dashboard.html':[
34,
],
'project:external_webkit-jb-mr1/Tools/QueueStatusServer/templates/statusbubble.html':[
66,
],
'project:phpMyAdmin-4.0.4-english/pmd_general.php':[
168,
257,
269,
273,
],
'project:sonar-master/plugins/sonar-core-plugin/src/main/resources/org/sonar/plugins/core/widgets/complexity.html.erb':[
81,
87,
93,
],
'project:sonar-master/sonar-server/src/main/webapp/WEB-INF/app/views/bulk_deletion/index.html.erb':[
48,
],
'project:sonar-master/sonar-server/src/main/webapp/WEB-INF/app/views/cloud/index.html.erb':[
34,
37,
],
'project:sonar-master/sonar-server/src/main/webapp/WEB-INF/app/views/resource/_options.html.erb':[
26,
],
'project:voten/resources/assets/js/components/GifPlayer.vue':[
22,
],
'project:voten/resources/assets/js/components/submission/GifSubmission.vue':[
19,
],
'project:voten/resources/views/passport/index.blade.php':[
26,
27,
],
}
