{
'project:Silverpeas-Core-master/war-core/src/main/webapp/attachment/jsp/displayAttachedFiles.jsp':[
0,
],
'project:Silverpeas-Core-master/war-core/src/main/webapp/attachment/jsp/editAttachedFiles.jsp':[
0,
],
'project:Silverpeas-Core-master/war-core/src/main/webapp/jobStartPagePeas/jsp/spaceLook.jsp':[
0,
],
'project:Silverpeas-Core-master/war-core/src/main/webapp/portlet/jsp/jsr/layout-1.jsp':[
0,
],
'project:Silverpeas-Core-master/war-core/src/main/webapp/portlet/jsp/jsr/portletSP.jsp':[
0,
],
'project:Silverpeas-Core-master/war-core/src/main/webapp/selection/jsp/userpanel.jsp':[
0,
],
'project:Silverpeas-Core-master/war-core/src/main/webapp/silverStatisticsPeas/jsp/viewAccess.jsp':[
0,
],
'project:Silverpeas-Core-master/war-core/src/main/webapp/silverStatisticsPeas/jsp/viewAccessPDC.jsp':[
0,
],
'project:Silverpeas-Core-master/war-core/src/main/webapp/silverStatisticsPeas/jsp/viewConnection.jsp':[
0,
],
'project:Silverpeas-Core-master/war-core/src/main/webapp/silverStatisticsPeas/jsp/viewCrossPDCAccess.jsp':[
0,
],
'project:Silverpeas-Core-master/war-core/src/main/webapp/socialNetwork/jsp/myProfil/myProfileTabSettings.jsp':[
0,
],
}
