{
'project:Silverpeas-Core-master/it-test-core/src/test/resources/com/silverpeas/converter/wysiwyg2.html':[
27,
74,
78,
88,
94,
99,
108,
112,
115,
],
'project:Silverpeas-Core-master/lib-core/src/test/resources/com/silverpeas/wysiwyg/dynamicvalue/test-without_keys.html':[
15,
],
'project:Silverpeas-Core-master/lib-core/src/test/resources/com/silverpeas/wysiwyg/dynamicvalue/test.html':[
15,
],
'project:Silverpeas-Core-master/war-core/src/main/webapp/admin/jsp/appInMaintenance.jsp':[
62,
],
'project:Silverpeas-Core-master/war-core/src/main/webapp/agenda/jsp/journal.jsp':[
444,
454,
],
'project:Silverpeas-Core-master/war-core/src/main/webapp/alertUserPeas/jsp/messageOk.jsp':[
60,
],
'project:Silverpeas-Core-master/war-core/src/main/webapp/attachment/jsp/displayAttachedFiles.jsp':[
201,
284,
285,
],
'project:Silverpeas-Core-master/war-core/src/main/webapp/clipboard/jsp/Idle.jsp':[
72,
],
'project:Silverpeas-Core-master/war-core/src/main/webapp/clipboard/jsp/PasteError.jsp':[
47,
],
'project:Silverpeas-Core-master/war-core/src/main/webapp/defaultLogin.jsp':[
258,
],
'project:Silverpeas-Core-master/war-core/src/main/webapp/form/jsp/editor.jsp':[
296,
297,
],
'project:Silverpeas-Core-master/war-core/src/main/webapp/importExportPeas/jsp/pingExport.jsp':[
35,
],
'project:Silverpeas-Core-master/war-core/src/main/webapp/interestCenterPeas/jsp/usedICenter.jsp':[
57,
67,
],
'project:Silverpeas-Core-master/war-core/src/main/webapp/jobDomainPeas/jsp/domainSynchroPing.jsp':[
42,
],
'project:Silverpeas-Core-master/war-core/src/main/webapp/jobStartPagePeas/jsp/componentsList.jsp':[
120,
126,
],
'project:Silverpeas-Core-master/war-core/src/main/webapp/jobStartPagePeas/jsp/jobStartPageNav.jsp':[
43,
],
'project:Silverpeas-Core-master/war-core/src/main/webapp/pdcPeas/jsp/consultNavigation.jsp':[
249,
],
'project:Silverpeas-Core-master/war-core/src/main/webapp/pdcPeas/jsp/consultSearchInit.jsp':[
80,
],
'project:Silverpeas-Core-master/war-core/src/main/webapp/pdcPeas/jsp/consultSearchResult.jsp':[
119,
187,
],
'project:Silverpeas-Core-master/war-core/src/main/webapp/pdcPeas/jsp/moveValue.jsp':[
97,
99,
],
'project:Silverpeas-Core-master/war-core/src/main/webapp/pdcPeas/jsp/newDaughterValue.jsp':[
111,
118,
],
'project:Silverpeas-Core-master/war-core/src/main/webapp/pdcPeas/jsp/newMotherValue.jsp':[
111,
],
'project:Silverpeas-Core-master/war-core/src/main/webapp/pdcPeas/jsp/resultSearchToSelect.jsp':[
176,
],
'project:Silverpeas-Core-master/war-core/src/main/webapp/pdcPeas/jsp/searchContext.jsp':[
207,
],
'project:Silverpeas-Core-master/war-core/src/main/webapp/pdcPeas/jsp/searchContextInComponent.jsp':[
324,
],
'project:Silverpeas-Core-master/war-core/src/main/webapp/pdcPeas/jsp/searchDomainSelection.jsp':[
56,
],
'project:Silverpeas-Core-master/war-core/src/main/webapp/pdcPeas/jsp/searchResult.jsp':[
174,
],
'project:Silverpeas-Core-master/war-core/src/main/webapp/pdcPeas/jsp/searchToSelect.jsp':[
382,
],
'project:Silverpeas-Core-master/war-core/src/main/webapp/pdcPeas/jsp/value.jsp':[
151,
],
'project:Silverpeas-Core-master/war-core/src/main/webapp/portlet/jsp/jsr/header.jsp':[
82,
],
'project:Silverpeas-Core-master/war-core/src/main/webapp/portlet/jsp/jsr/layout-1.jsp':[
78,
81,
84,
98,
101,
],
'project:Silverpeas-Core-master/war-core/src/main/webapp/silverStatisticsPeas/jsp/viewAccessPDC.jsp':[
86,
98,
],
'project:Silverpeas-Core-master/war-core/src/main/webapp/silverStatisticsPeas/jsp/viewConnection.jsp':[
113,
130,
],
'project:Silverpeas-Core-master/war-core/src/main/webapp/silverStatisticsPeas/jsp/viewCrossPDCAccess.jsp':[
89,
101,
],
'project:Silverpeas-Core-master/war-core/src/main/webapp/silverStatisticsPeas/jsp/writeMessage.jsp':[
85,
],
'project:Silverpeas-Core-master/war-core/src/main/webapp/tools/domainSP2LDAP/domainSP2LDAP.jsp':[
87,
99,
152,
153,
],
'project:Silverpeas-Core-master/war-core/src/main/webapp/tools/index.jsp':[
52,
58,
],
'project:external_webkit-jb-mr1/LayoutTests/dom/html/level2/html/HTMLElement01.html':[
77,
],
'project:external_webkit-jb-mr1/LayoutTests/dom/html/level2/html/HTMLElement02.html':[
77,
],
'project:external_webkit-jb-mr1/LayoutTests/dom/html/level2/html/HTMLElement03.html':[
77,
],
'project:external_webkit-jb-mr1/LayoutTests/dom/html/level2/html/HTMLElement04.html':[
77,
],
'project:external_webkit-jb-mr1/LayoutTests/dom/html/level2/html/HTMLElement05.html':[
77,
],
'project:external_webkit-jb-mr1/LayoutTests/dom/html/level2/html/HTMLElement06.html':[
77,
],
'project:external_webkit-jb-mr1/LayoutTests/dom/html/level2/html/HTMLElement07.html':[
77,
],
'project:external_webkit-jb-mr1/LayoutTests/dom/html/level2/html/HTMLElement08.html':[
77,
],
'project:external_webkit-jb-mr1/LayoutTests/dom/html/level2/html/HTMLElement09.html':[
77,
],
'project:external_webkit-jb-mr1/LayoutTests/dom/html/level2/html/HTMLElement10.html':[
77,
],
'project:external_webkit-jb-mr1/LayoutTests/dom/html/level2/html/HTMLElement100.html':[
77,
],
'project:external_webkit-jb-mr1/LayoutTests/dom/html/level2/html/HTMLElement101.html':[
77,
],
'project:external_webkit-jb-mr1/LayoutTests/dom/html/level2/html/HTMLElement102.html':[
77,
],
'project:external_webkit-jb-mr1/LayoutTests/dom/html/level2/html/HTMLElement103.html':[
77,
],
'project:external_webkit-jb-mr1/LayoutTests/dom/html/level2/html/HTMLElement104.html':[
77,
],
'project:external_webkit-jb-mr1/LayoutTests/dom/html/level2/html/HTMLElement105.html':[
77,
],
'project:external_webkit-jb-mr1/LayoutTests/dom/html/level2/html/HTMLElement106.html':[
77,
],
'project:external_webkit-jb-mr1/LayoutTests/dom/html/level2/html/HTMLElement107.html':[
77,
],
'project:external_webkit-jb-mr1/LayoutTests/dom/html/level2/html/HTMLElement108.html':[
77,
],
'project:external_webkit-jb-mr1/LayoutTests/dom/html/level2/html/HTMLElement109.html':[
77,
],
'project:external_webkit-jb-mr1/LayoutTests/dom/html/level2/html/HTMLElement11.html':[
77,
],
'project:external_webkit-jb-mr1/LayoutTests/dom/html/level2/html/HTMLElement110.html':[
77,
],
'project:external_webkit-jb-mr1/LayoutTests/dom/html/level2/html/HTMLElement111.html':[
77,
],
'project:external_webkit-jb-mr1/LayoutTests/dom/html/level2/html/HTMLElement112.html':[
77,
],
'project:external_webkit-jb-mr1/LayoutTests/dom/html/level2/html/HTMLElement113.html':[
77,
],
'project:external_webkit-jb-mr1/LayoutTests/dom/html/level2/html/HTMLElement114.html':[
77,
],
'project:external_webkit-jb-mr1/LayoutTests/dom/html/level2/html/HTMLElement115.html':[
77,
],
'project:external_webkit-jb-mr1/LayoutTests/dom/html/level2/html/HTMLElement116.html':[
77,
],
'project:external_webkit-jb-mr1/LayoutTests/dom/html/level2/html/HTMLElement117.html':[
77,
],
'project:external_webkit-jb-mr1/LayoutTests/dom/html/level2/html/HTMLElement118.html':[
77,
],
'project:external_webkit-jb-mr1/LayoutTests/dom/html/level2/html/HTMLElement119.html':[
77,
],
'project:external_webkit-jb-mr1/LayoutTests/dom/html/level2/html/HTMLElement12.html':[
77,
],
'project:external_webkit-jb-mr1/LayoutTests/dom/html/level2/html/HTMLElement120.html':[
77,
],
'project:external_webkit-jb-mr1/LayoutTests/dom/html/level2/html/HTMLElement121.html':[
77,
],
'project:external_webkit-jb-mr1/LayoutTests/dom/html/level2/html/HTMLElement122.html':[
77,
],
'project:external_webkit-jb-mr1/LayoutTests/dom/html/level2/html/HTMLElement123.html':[
77,
],
'project:external_webkit-jb-mr1/LayoutTests/dom/html/level2/html/HTMLElement124.html':[
77,
],
'project:external_webkit-jb-mr1/LayoutTests/dom/html/level2/html/HTMLElement125.html':[
77,
],
'project:external_webkit-jb-mr1/LayoutTests/dom/html/level2/html/HTMLElement126.html':[
77,
],
'project:external_webkit-jb-mr1/LayoutTests/dom/html/level2/html/HTMLElement127.html':[
77,
],
'project:external_webkit-jb-mr1/LayoutTests/dom/html/level2/html/HTMLElement128.html':[
77,
],
'project:external_webkit-jb-mr1/LayoutTests/dom/html/level2/html/HTMLElement129.html':[
77,
],
'project:external_webkit-jb-mr1/LayoutTests/dom/html/level2/html/HTMLElement13.html':[
77,
],
'project:external_webkit-jb-mr1/LayoutTests/dom/html/level2/html/HTMLElement130.html':[
77,
],
'project:external_webkit-jb-mr1/LayoutTests/dom/html/level2/html/HTMLElement131.html':[
77,
],
'project:external_webkit-jb-mr1/LayoutTests/dom/html/level2/html/HTMLElement132.html':[
77,
],
'project:external_webkit-jb-mr1/LayoutTests/dom/html/level2/html/HTMLElement133.html':[
77,
],
'project:external_webkit-jb-mr1/LayoutTests/dom/html/level2/html/HTMLElement134.html':[
77,
],
'project:external_webkit-jb-mr1/LayoutTests/dom/html/level2/html/HTMLElement135.html':[
77,
],
'project:external_webkit-jb-mr1/LayoutTests/dom/html/level2/html/HTMLElement136.html':[
77,
],
'project:external_webkit-jb-mr1/LayoutTests/dom/html/level2/html/HTMLElement137.html':[
77,
],
'project:external_webkit-jb-mr1/LayoutTests/dom/html/level2/html/HTMLElement138.html':[
77,
],
'project:external_webkit-jb-mr1/LayoutTests/dom/html/level2/html/HTMLElement139.html':[
77,
],
'project:external_webkit-jb-mr1/LayoutTests/dom/html/level2/html/HTMLElement14.html':[
77,
],
'project:external_webkit-jb-mr1/LayoutTests/dom/html/level2/html/HTMLElement140.html':[
77,
],
'project:external_webkit-jb-mr1/LayoutTests/dom/html/level2/html/HTMLElement141.html':[
77,
],
'project:external_webkit-jb-mr1/LayoutTests/dom/html/level2/html/HTMLElement142.html':[
77,
],
'project:external_webkit-jb-mr1/LayoutTests/dom/html/level2/html/HTMLElement143.html':[
77,
],
'project:external_webkit-jb-mr1/LayoutTests/dom/html/level2/html/HTMLElement144.html':[
77,
],
'project:external_webkit-jb-mr1/LayoutTests/dom/html/level2/html/HTMLElement145.html':[
77,
],
'project:external_webkit-jb-mr1/LayoutTests/dom/html/level2/html/HTMLElement15.html':[
77,
],
'project:external_webkit-jb-mr1/LayoutTests/dom/html/level2/html/HTMLElement16.html':[
77,
],
'project:external_webkit-jb-mr1/LayoutTests/dom/html/level2/html/HTMLElement17.html':[
77,
],
'project:external_webkit-jb-mr1/LayoutTests/dom/html/level2/html/HTMLElement18.html':[
77,
],
'project:external_webkit-jb-mr1/LayoutTests/dom/html/level2/html/HTMLElement19.html':[
77,
],
'project:external_webkit-jb-mr1/LayoutTests/dom/html/level2/html/HTMLElement20.html':[
77,
],
'project:external_webkit-jb-mr1/LayoutTests/dom/html/level2/html/HTMLElement21.html':[
77,
],
'project:external_webkit-jb-mr1/LayoutTests/dom/html/level2/html/HTMLElement22.html':[
77,
],
'project:external_webkit-jb-mr1/LayoutTests/dom/html/level2/html/HTMLElement23.html':[
77,
],
'project:external_webkit-jb-mr1/LayoutTests/dom/html/level2/html/HTMLElement24.html':[
77,
],
'project:external_webkit-jb-mr1/LayoutTests/dom/html/level2/html/HTMLElement25.html':[
77,
],
'project:external_webkit-jb-mr1/LayoutTests/dom/html/level2/html/HTMLElement26.html':[
77,
],
'project:external_webkit-jb-mr1/LayoutTests/dom/html/level2/html/HTMLElement27.html':[
77,
],
'project:external_webkit-jb-mr1/LayoutTests/dom/html/level2/html/HTMLElement28.html':[
77,
],
'project:external_webkit-jb-mr1/LayoutTests/dom/html/level2/html/HTMLElement29.html':[
77,
],
'project:external_webkit-jb-mr1/LayoutTests/dom/html/level2/html/HTMLElement30.html':[
77,
],
'project:external_webkit-jb-mr1/LayoutTests/dom/html/level2/html/HTMLElement31.html':[
77,
],
'project:external_webkit-jb-mr1/LayoutTests/dom/html/level2/html/HTMLElement32.html':[
77,
],
'project:external_webkit-jb-mr1/LayoutTests/dom/html/level2/html/HTMLElement33.html':[
77,
],
'project:external_webkit-jb-mr1/LayoutTests/dom/html/level2/html/HTMLElement34.html':[
77,
],
'project:external_webkit-jb-mr1/LayoutTests/dom/html/level2/html/HTMLElement35.html':[
77,
],
'project:external_webkit-jb-mr1/LayoutTests/dom/html/level2/html/HTMLElement36.html':[
77,
],
'project:external_webkit-jb-mr1/LayoutTests/dom/html/level2/html/HTMLElement37.html':[
77,
],
'project:external_webkit-jb-mr1/LayoutTests/dom/html/level2/html/HTMLElement38.html':[
77,
],
'project:external_webkit-jb-mr1/LayoutTests/dom/html/level2/html/HTMLElement39.html':[
77,
],
'project:external_webkit-jb-mr1/LayoutTests/dom/html/level2/html/HTMLElement40.html':[
77,
],
'project:external_webkit-jb-mr1/LayoutTests/dom/html/level2/html/HTMLElement41.html':[
77,
],
'project:external_webkit-jb-mr1/LayoutTests/dom/html/level2/html/HTMLElement42.html':[
77,
],
'project:external_webkit-jb-mr1/LayoutTests/dom/html/level2/html/HTMLElement43.html':[
77,
],
'project:external_webkit-jb-mr1/LayoutTests/dom/html/level2/html/HTMLElement44.html':[
77,
],
'project:external_webkit-jb-mr1/LayoutTests/dom/html/level2/html/HTMLElement45.html':[
77,
],
'project:external_webkit-jb-mr1/LayoutTests/dom/html/level2/html/HTMLElement46.html':[
77,
],
'project:external_webkit-jb-mr1/LayoutTests/dom/html/level2/html/HTMLElement47.html':[
77,
],
'project:external_webkit-jb-mr1/LayoutTests/dom/html/level2/html/HTMLElement48.html':[
77,
],
'project:external_webkit-jb-mr1/LayoutTests/dom/html/level2/html/HTMLElement49.html':[
77,
],
'project:external_webkit-jb-mr1/LayoutTests/dom/html/level2/html/HTMLElement50.html':[
77,
],
'project:external_webkit-jb-mr1/LayoutTests/dom/html/level2/html/HTMLElement51.html':[
77,
],
'project:external_webkit-jb-mr1/LayoutTests/dom/html/level2/html/HTMLElement52.html':[
77,
],
'project:external_webkit-jb-mr1/LayoutTests/dom/html/level2/html/HTMLElement53.html':[
77,
],
'project:external_webkit-jb-mr1/LayoutTests/dom/html/level2/html/HTMLElement54.html':[
77,
],
'project:external_webkit-jb-mr1/LayoutTests/dom/html/level2/html/HTMLElement55.html':[
77,
],
'project:external_webkit-jb-mr1/LayoutTests/dom/html/level2/html/HTMLElement56.html':[
77,
],
'project:external_webkit-jb-mr1/LayoutTests/dom/html/level2/html/HTMLElement57.html':[
77,
],
'project:external_webkit-jb-mr1/LayoutTests/dom/html/level2/html/HTMLElement58.html':[
77,
],
'project:external_webkit-jb-mr1/LayoutTests/dom/html/level2/html/HTMLElement59.html':[
77,
],
'project:external_webkit-jb-mr1/LayoutTests/dom/html/level2/html/HTMLElement60.html':[
77,
],
'project:external_webkit-jb-mr1/LayoutTests/dom/html/level2/html/HTMLElement61.html':[
77,
],
'project:external_webkit-jb-mr1/LayoutTests/dom/html/level2/html/HTMLElement62.html':[
77,
],
'project:external_webkit-jb-mr1/LayoutTests/dom/html/level2/html/HTMLElement63.html':[
77,
],
'project:external_webkit-jb-mr1/LayoutTests/dom/html/level2/html/HTMLElement64.html':[
77,
],
'project:external_webkit-jb-mr1/LayoutTests/dom/html/level2/html/HTMLElement65.html':[
77,
],
'project:external_webkit-jb-mr1/LayoutTests/dom/html/level2/html/HTMLElement66.html':[
77,
],
'project:external_webkit-jb-mr1/LayoutTests/dom/html/level2/html/HTMLElement67.html':[
77,
],
'project:external_webkit-jb-mr1/LayoutTests/dom/html/level2/html/HTMLElement68.html':[
77,
],
'project:external_webkit-jb-mr1/LayoutTests/dom/html/level2/html/HTMLElement69.html':[
77,
],
'project:external_webkit-jb-mr1/LayoutTests/dom/html/level2/html/HTMLElement70.html':[
77,
],
'project:external_webkit-jb-mr1/LayoutTests/dom/html/level2/html/HTMLElement71.html':[
77,
],
'project:external_webkit-jb-mr1/LayoutTests/dom/html/level2/html/HTMLElement72.html':[
77,
],
'project:external_webkit-jb-mr1/LayoutTests/dom/html/level2/html/HTMLElement73.html':[
77,
],
'project:external_webkit-jb-mr1/LayoutTests/dom/html/level2/html/HTMLElement74.html':[
77,
],
'project:external_webkit-jb-mr1/LayoutTests/dom/html/level2/html/HTMLElement75.html':[
77,
],
'project:external_webkit-jb-mr1/LayoutTests/dom/html/level2/html/HTMLElement76.html':[
77,
],
'project:external_webkit-jb-mr1/LayoutTests/dom/html/level2/html/HTMLElement77.html':[
77,
],
'project:external_webkit-jb-mr1/LayoutTests/dom/html/level2/html/HTMLElement78.html':[
77,
],
'project:external_webkit-jb-mr1/LayoutTests/dom/html/level2/html/HTMLElement79.html':[
77,
],
'project:external_webkit-jb-mr1/LayoutTests/dom/html/level2/html/HTMLElement80.html':[
77,
],
'project:external_webkit-jb-mr1/LayoutTests/dom/html/level2/html/HTMLElement81.html':[
77,
],
'project:external_webkit-jb-mr1/LayoutTests/dom/html/level2/html/HTMLElement82.html':[
77,
],
'project:external_webkit-jb-mr1/LayoutTests/dom/html/level2/html/HTMLElement83.html':[
77,
],
'project:external_webkit-jb-mr1/LayoutTests/dom/html/level2/html/HTMLElement84.html':[
77,
],
'project:external_webkit-jb-mr1/LayoutTests/dom/html/level2/html/HTMLElement85.html':[
77,
],
'project:external_webkit-jb-mr1/LayoutTests/dom/html/level2/html/HTMLElement86.html':[
77,
],
'project:external_webkit-jb-mr1/LayoutTests/dom/html/level2/html/HTMLElement87.html':[
77,
],
'project:external_webkit-jb-mr1/LayoutTests/dom/html/level2/html/HTMLElement88.html':[
77,
],
'project:external_webkit-jb-mr1/LayoutTests/dom/html/level2/html/HTMLElement89.html':[
77,
],
'project:external_webkit-jb-mr1/LayoutTests/dom/html/level2/html/HTMLElement90.html':[
77,
],
'project:external_webkit-jb-mr1/LayoutTests/dom/html/level2/html/HTMLElement91.html':[
77,
],
'project:external_webkit-jb-mr1/LayoutTests/dom/html/level2/html/HTMLElement92.html':[
77,
],
'project:external_webkit-jb-mr1/LayoutTests/dom/html/level2/html/HTMLElement93.html':[
77,
],
'project:external_webkit-jb-mr1/LayoutTests/dom/html/level2/html/HTMLElement94.html':[
77,
],
'project:external_webkit-jb-mr1/LayoutTests/dom/html/level2/html/HTMLElement95.html':[
77,
],
'project:external_webkit-jb-mr1/LayoutTests/dom/html/level2/html/HTMLElement96.html':[
77,
],
'project:external_webkit-jb-mr1/LayoutTests/dom/html/level2/html/HTMLElement97.html':[
77,
],
'project:external_webkit-jb-mr1/LayoutTests/dom/html/level2/html/HTMLElement98.html':[
77,
],
'project:external_webkit-jb-mr1/LayoutTests/dom/html/level2/html/HTMLElement99.html':[
77,
],
'project:external_webkit-jb-mr1/LayoutTests/fast/dom/DOMImplementation/createHTMLDocument-title.html':[
1,
],
'project:external_webkit-jb-mr1/LayoutTests/fast/dom/DOMImplementation/detached-doctype.html':[
1,
],
'project:external_webkit-jb-mr1/LayoutTests/fast/dom/HTMLFormElement/associated-elements-after-index-assertion-fail1.html':[
15,
],
'project:external_webkit-jb-mr1/LayoutTests/fast/dom/HTMLFormElement/associated-elements-after-index-assertion-fail2.html':[
15,
15,
15,
],
'project:external_webkit-jb-mr1/LayoutTests/fast/dom/HTMLFormElement/invalid-form-field.html':[
7,
],
'project:external_webkit-jb-mr1/LayoutTests/fast/dom/HTMLFormElement/move-option-between-documents.html':[
7,
],
'project:external_webkit-jb-mr1/LayoutTests/fast/dom/HTMLLabelElement/click-label.html':[
37,
38,
],
'project:external_webkit-jb-mr1/LayoutTests/fast/dom/HTMLLabelElement/focus-label.html':[
26,
27,
],
'project:external_webkit-jb-mr1/LayoutTests/fast/dom/Node/default-namespace-empty-argument.html':[
1,
],
'project:external_webkit-jb-mr1/LayoutTests/fast/encoding/bandai-co-jp-releases.html':[
1,
],
'project:external_webkit-jb-mr1/LayoutTests/fast/encoding/bracket-in-tag.html':[
3,
],
'project:external_webkit-jb-mr1/LayoutTests/fast/encoding/escaped-bracket.html':[
3,
],
'project:external_webkit-jb-mr1/LayoutTests/fast/encoding/quotes-in-title.html':[
3,
4,
],
'project:external_webkit-jb-mr1/LayoutTests/fast/encoding/resources/007.html':[
2,
],
'project:external_webkit-jb-mr1/LayoutTests/fast/encoding/tag-name-digit.html':[
3,
],
'project:external_webkit-jb-mr1/LayoutTests/fast/encoding/yahoo-mail.html':[
8,
],
'project:external_webkit-jb-mr1/LayoutTests/http/tests/ssl/referer-301.html':[
2,
],
'project:external_webkit-jb-mr1/LayoutTests/http/tests/ssl/referer-303.html':[
2,
],
'project:external_webkit-jb-mr1/LayoutTests/storage/change-version-handle-reuse.html':[
7,
],
'project:external_webkit-jb-mr1/LayoutTests/storage/open-database-empty-version.html':[
17,
],
'project:external_webkit-jb-mr1/LayoutTests/storage/open-database-over-quota.html':[
19,
],
'project:external_webkit-jb-mr1/PerformanceTests/Parser/resources/html5.html':[
191,
197,
198,
1252,
83760,
83770,
83775,
83780,
83794,
83801,
83805,
83810,
83815,
83841,
83845,
83850,
83859,
83864,
83868,
83872,
83876,
83897,
83924,
83963,
84004,
84018,
84040,
84064,
84220,
84240,
84254,
84259,
84278,
84283,
84292,
84304,
84308,
84312,
84321,
84325,
84359,
84363,
84368,
84372,
],
'project:external_webkit-jb-mr1/PerformanceTests/XSSFilter/large-post-many-events.html':[
38,
],
'project:external_webkit-jb-mr1/Source/JavaScriptCore/tests/mozilla/README-jsDriver.html':[
54,
],
'project:external_webkit-jb-mr1/Source/JavaScriptCore/tests/mozilla/expected.html':[
446,
],
'project:external_webkit-jb-mr1/Source/JavaScriptCore/tests/mozilla/menuhead.html':[
135,
],
'project:external_webkit-jb-mr1/Source/WebCore/manual-tests/NPN_Invoke/test.html':[
7,
],
'project:external_webkit-jb-mr1/Source/WebCore/manual-tests/applet-finish-parsing-children.html':[
7,
],
'project:external_webkit-jb-mr1/Source/WebCore/manual-tests/autocorrection/autocorrection-cancelled-by-ESC.html':[
33,
],
'project:external_webkit-jb-mr1/Source/WebCore/manual-tests/autocorrection/autocorrection-contraction.html':[
33,
],
'project:external_webkit-jb-mr1/Source/WebCore/manual-tests/autocorrection/close-window-when-correction-is-shown.html':[
36,
],
'project:external_webkit-jb-mr1/Source/WebCore/manual-tests/autocorrection/continue-typing-to-dismiss-reversion.html':[
34,
],
'project:external_webkit-jb-mr1/Source/WebCore/manual-tests/autocorrection/delete-to-dismiss-reversion.html':[
34,
],
'project:external_webkit-jb-mr1/Source/WebCore/manual-tests/autocorrection/delete-to-end-of-word-to-show-reversion.html':[
34,
],
'project:external_webkit-jb-mr1/Source/WebCore/manual-tests/autocorrection/dismiss-multiple-guesses.html':[
36,
],
'project:external_webkit-jb-mr1/Source/WebCore/manual-tests/autocorrection/move-to-end-of-word-to-show-reversion.html':[
34,
],
'project:external_webkit-jb-mr1/Source/WebCore/manual-tests/autocorrection/select-from-multiple-guesses.html':[
36,
],
'project:external_webkit-jb-mr1/Source/WebCore/manual-tests/autocorrection/spell-checking-after-reversion.html':[
33,
],
'project:external_webkit-jb-mr1/Source/WebCore/manual-tests/autocorrection/type-whitespace-to-dismiss-reversion.html':[
34,
],
'project:external_webkit-jb-mr1/Source/WebCore/manual-tests/autocorrection/undo-autocorrection.html':[
15,
],
'project:external_webkit-jb-mr1/Source/WebCore/manual-tests/bugzilla-14899.html':[
30,
],
'project:external_webkit-jb-mr1/Source/WebCore/manual-tests/compositing/resources/flash-frame.html':[
3,
],
'project:external_webkit-jb-mr1/Source/WebCore/manual-tests/contenteditable-link.html':[
6,
],
'project:external_webkit-jb-mr1/Source/WebCore/manual-tests/disabled-option-elements.html':[
11,
21,
],
'project:external_webkit-jb-mr1/Source/WebCore/manual-tests/divx-plugin-fails-to-draw.html':[
10,
],
'project:external_webkit-jb-mr1/Source/WebCore/manual-tests/drag-image-to-desktop.html':[
5,
],
'project:external_webkit-jb-mr1/Source/WebCore/manual-tests/flash-unload-tab.html':[
23,
],
'project:external_webkit-jb-mr1/Source/WebCore/manual-tests/hash-ref.html':[
12,
],
'project:external_webkit-jb-mr1/Source/WebCore/manual-tests/inspector/duplicate-resource-urls.html':[
35,
],
'project:external_webkit-jb-mr1/Source/WebCore/manual-tests/linkjump-3.html':[
50,
],
'project:external_webkit-jb-mr1/Source/WebCore/manual-tests/no-listbox-rendering.html':[
10,
11,
],
'project:external_webkit-jb-mr1/Source/WebCore/manual-tests/plain-text-paste.html':[
26,
],
'project:external_webkit-jb-mr1/Source/WebCore/manual-tests/plugins/timeout-dialog-displayed-over-navigation.html':[
21,
],
'project:external_webkit-jb-mr1/Source/WebCore/manual-tests/print-onload-with-image.html':[
8,
],
'project:external_webkit-jb-mr1/Source/WebCore/manual-tests/resources/nested-plug-ins-inner-frame.html':[
1,
],
'project:external_webkit-jb-mr1/Source/WebCore/manual-tests/resources/nested-plug-ins-outer-frame.html':[
1,
],
'project:external_webkit-jb-mr1/Source/WebCore/manual-tests/resources/video-tab.html':[
1,
],
'project:external_webkit-jb-mr1/Source/WebCore/manual-tests/scrolling-nestedframesets.html':[
25,
],
'project:external_webkit-jb-mr1/Source/WebCore/manual-tests/select-popup-on-spacebar.html':[
7,
],
'project:external_webkit-jb-mr1/Source/WebCore/manual-tests/select_alignment.html':[
4,
],
'project:external_webkit-jb-mr1/Source/WebCore/manual-tests/select_dropdown_box_alignment.html':[
4,
],
'project:external_webkit-jb-mr1/Source/WebCore/manual-tests/show-modal-dialog-test.html':[
13,
],
'project:external_webkit-jb-mr1/Source/WebCore/manual-tests/visited-link-new-window.html':[
4,
],
'project:external_webkit-jb-mr1/Source/WebCore/manual-tests/window-print-subframe.html':[
5,
],
'project:external_webkit-jb-mr1/Source/WebCore/manual-tests/write-after-open.html':[
38,
],
'project:external_webkit-jb-mr1/Source/WebKit/chromium/tests/data/pageserialization/top_frame.html':[
22,
],
'project:external_webkit-jb-mr1/Source/WebKit/gtk/resources/error.html':[
47,
],
'project:external_webkit-jb-mr1/Tools/QueueStatusServer/templates/dashboard.html':[
16,
],
'project:external_webkit-jb-mr1/Tools/QueueStatusServer/templates/releasepatch.html':[
1,
],
'project:external_webkit-jb-mr1/Tools/QueueStatusServer/templates/submittoews.html':[
1,
],
'project:external_webkit-jb-mr1/Tools/RebaselineQueueServer/templates/builder-queue-edit.html':[
8,
],
'project:external_webkit-jb-mr1/Tools/iExploder/iexploder-1.7.2/testcases/testcase-Linux_x86_64_rv2.0b6pre_Gecko-20100904_Firefox-4.0b6pre-TEST-8375-1_59.html':[
15,
],
'project:external_webkit-jb-mr1/Tools/iExploder/iexploder-1.7.2/testcases/testcase-Opera-9.80_Linux_x86_64_en_Presto-2.6.30_Version-10.61-16704-3_108,3.html':[
3,
4,
],
'project:external_webkit-jb-mr1/Tools/iExploder/iexploder-1.7.2/testcases/testcase-U_Intel_Mac_OS_X_10_6_4_en-US_AppleWebKit-534.8_Chrome-7.0.529.0-TEST-611-3_36,9.html':[
6,
],
'project:external_webkit-jb-mr1/Tools/iExploder/iexploder-1.7.2/testcases/testcase-U_Linux_x86_64_en-US_AppleWebKit-534.6_Chrome-7.0.503.1-TEST-120813-8_72,56,24,8,0.html':[
3,
4,
],
'project:external_webkit-jb-mr1/Tools/iExploder/iexploder-1.7.2/testcases/testcase-U_Linux_x86_64_en-US_AppleWebKit-534.6_Chrome-7.0.503.1-TEST-121240-3_81,3.html':[
3,
],
'project:external_webkit-jb-mr1/Tools/iExploder/iexploder-1.7.2/testcases/testcase-U_Linux_x86_64_en-US_AppleWebKit-534.7_Chrome-7.0.513.0-4800-5_80,65,15.html':[
9,
10,
],
'project:phpMyAdmin-4.0.4-english/db_datadict.php':[
238,
],
'project:phpMyAdmin-4.0.4-english/libraries/sql_query_form.lib.php':[
87,
],
'project:phpMyAdmin-4.0.4-english/pmd_general.php':[
165,
166,
170,
182,
183,
236,
277,
],
'project:phpMyAdmin-4.0.4-english/pmd_pdf.php':[
98,
],
'project:sonar-master/plugins/sonar-core-plugin/src/main/resources/org/sonar/plugins/core/widgets/complexity.html.erb':[
9,
13,
],
'project:sonar-master/sonar-server/src/main/webapp/WEB-INF/app/views/encryption_configuration/index.html.erb':[
7,
],
'project:sonar-master/sonar-server/src/main/webapp/WEB-INF/app/views/groups/select_user.html.erb':[
5,
6,
8,
22,
22,
],
'project:sonar-master/sonar-server/src/main/webapp/WEB-INF/app/views/layouts/nonav.html.erb':[
3,
],
'project:sonar-master/sonar-server/src/main/webapp/WEB-INF/app/views/project_roles/edit_groups.html.erb':[
8,
9,
12,
26,
26,
],
'project:sonar-master/sonar-server/src/main/webapp/WEB-INF/app/views/project_roles/edit_users.html.erb':[
8,
9,
13,
27,
27,
],
'project:sonar-master/sonar-server/src/main/webapp/WEB-INF/app/views/roles/edit_default_project_groups.html.erb':[
9,
10,
16,
30,
30,
],
'project:sonar-master/sonar-server/src/main/webapp/WEB-INF/app/views/roles/edit_default_project_users.html.erb':[
8,
9,
15,
29,
29,
],
'project:sonar-master/sonar-server/src/main/webapp/WEB-INF/app/views/roles/edit_groups.html.erb':[
13,
14,
21,
35,
35,
],
'project:sonar-master/sonar-server/src/main/webapp/WEB-INF/app/views/roles/edit_users.html.erb':[
13,
14,
21,
35,
35,
],
'project:sonar-master/sonar-server/src/main/webapp/WEB-INF/app/views/rules_configuration/_rule_note.html.erb':[
32,
],
'project:sonar-master/sonar-server/src/main/webapp/WEB-INF/app/views/users/select_group.html.erb':[
4,
5,
7,
22,
22,
],
'project:voten/resources/assets/js/components/GifPlayer.vue':[
27,
],
'project:voten/resources/assets/js/components/submission/GifSubmission.vue':[
24,
],
}
