{
'project:external_webkit-jb-mr1/LayoutTests/fast/encoding/hanarei-blog32-fc2-com.html':[
20,
],
'project:voten/resources/assets/js/components/GuestSidebar.vue':[
109,
116,
132,
],
'project:voten/resources/assets/js/components/MarkdownGuide.vue':[
49,
],
'project:voten/resources/assets/js/components/SearchModal.vue':[
37,
],
'project:voten/resources/assets/js/components/auth/LeftSidebar.vue':[
134,
177,
],
'project:voten/resources/assets/js/components/auth/RightSidebar.vue':[
55,
79,
88,
],
'project:voten/resources/assets/js/components/pages/About.vue':[
44,
],
}
