{
'project:voten/resources/views/channel/show.blade.php':[
7,
13,
],
}
