{
'project:external_webkit-jb-mr1/LayoutTests/dom/html/level2/html/HTMLCollection01.html':[
32,
],
'project:external_webkit-jb-mr1/LayoutTests/dom/html/level2/html/HTMLCollection02.html':[
32,
],
'project:external_webkit-jb-mr1/LayoutTests/dom/html/level2/html/HTMLCollection03.html':[
32,
],
'project:external_webkit-jb-mr1/LayoutTests/dom/html/level2/html/HTMLCollection04.html':[
32,
],
'project:external_webkit-jb-mr1/LayoutTests/dom/html/level2/html/HTMLCollection05.html':[
32,
],
'project:external_webkit-jb-mr1/LayoutTests/dom/html/level2/html/HTMLCollection06.html':[
32,
],
'project:external_webkit-jb-mr1/LayoutTests/dom/html/level2/html/HTMLCollection07.html':[
32,
],
'project:external_webkit-jb-mr1/LayoutTests/dom/html/level2/html/HTMLCollection08.html':[
32,
],
'project:external_webkit-jb-mr1/LayoutTests/dom/html/level2/html/HTMLCollection09.html':[
32,
],
'project:external_webkit-jb-mr1/LayoutTests/dom/html/level2/html/HTMLCollection10.html':[
32,
],
'project:external_webkit-jb-mr1/LayoutTests/dom/html/level2/html/HTMLCollection11.html':[
32,
],
'project:external_webkit-jb-mr1/LayoutTests/dom/html/level2/html/HTMLCollection12.html':[
32,
],
'project:external_webkit-jb-mr1/LayoutTests/dom/html/level2/html/HTMLTableCellElement01.html':[
17,
],
'project:external_webkit-jb-mr1/LayoutTests/dom/html/level2/html/HTMLTableCellElement02.html':[
17,
],
'project:external_webkit-jb-mr1/LayoutTests/dom/html/level2/html/HTMLTableCellElement03.html':[
17,
],
'project:external_webkit-jb-mr1/LayoutTests/dom/html/level2/html/HTMLTableCellElement04.html':[
17,
],
'project:external_webkit-jb-mr1/LayoutTests/dom/html/level2/html/HTMLTableCellElement05.html':[
17,
],
'project:external_webkit-jb-mr1/LayoutTests/dom/html/level2/html/HTMLTableCellElement06.html':[
17,
],
'project:external_webkit-jb-mr1/LayoutTests/dom/html/level2/html/HTMLTableCellElement07.html':[
17,
],
'project:external_webkit-jb-mr1/LayoutTests/dom/html/level2/html/HTMLTableCellElement08.html':[
17,
],
'project:external_webkit-jb-mr1/LayoutTests/dom/html/level2/html/HTMLTableCellElement09.html':[
17,
],
'project:external_webkit-jb-mr1/LayoutTests/dom/html/level2/html/HTMLTableCellElement10.html':[
17,
],
'project:external_webkit-jb-mr1/LayoutTests/dom/html/level2/html/HTMLTableCellElement11.html':[
17,
],
'project:external_webkit-jb-mr1/LayoutTests/dom/html/level2/html/HTMLTableCellElement12.html':[
17,
],
'project:external_webkit-jb-mr1/LayoutTests/dom/html/level2/html/HTMLTableCellElement13.html':[
17,
],
'project:external_webkit-jb-mr1/LayoutTests/dom/html/level2/html/HTMLTableCellElement14.html':[
17,
],
'project:external_webkit-jb-mr1/LayoutTests/dom/html/level2/html/HTMLTableCellElement15.html':[
17,
],
'project:external_webkit-jb-mr1/LayoutTests/dom/html/level2/html/HTMLTableCellElement16.html':[
17,
],
'project:external_webkit-jb-mr1/LayoutTests/dom/html/level2/html/HTMLTableCellElement17.html':[
17,
],
'project:external_webkit-jb-mr1/LayoutTests/dom/html/level2/html/HTMLTableCellElement18.html':[
17,
],
'project:external_webkit-jb-mr1/LayoutTests/dom/html/level2/html/HTMLTableCellElement19.html':[
17,
],
'project:external_webkit-jb-mr1/LayoutTests/dom/html/level2/html/HTMLTableCellElement20.html':[
17,
],
'project:external_webkit-jb-mr1/LayoutTests/dom/html/level2/html/HTMLTableCellElement21.html':[
17,
],
'project:external_webkit-jb-mr1/LayoutTests/dom/html/level2/html/HTMLTableCellElement22.html':[
17,
],
'project:external_webkit-jb-mr1/LayoutTests/dom/html/level2/html/HTMLTableCellElement23.html':[
17,
],
'project:external_webkit-jb-mr1/LayoutTests/dom/html/level2/html/HTMLTableCellElement24.html':[
17,
],
'project:external_webkit-jb-mr1/LayoutTests/dom/html/level2/html/HTMLTableCellElement25.html':[
17,
],
'project:external_webkit-jb-mr1/LayoutTests/dom/html/level2/html/HTMLTableCellElement26.html':[
17,
],
'project:external_webkit-jb-mr1/LayoutTests/dom/html/level2/html/HTMLTableCellElement27.html':[
17,
],
'project:external_webkit-jb-mr1/LayoutTests/dom/html/level2/html/HTMLTableCellElement28.html':[
17,
],
'project:external_webkit-jb-mr1/LayoutTests/dom/html/level2/html/HTMLTableCellElement29.html':[
17,
],
'project:external_webkit-jb-mr1/LayoutTests/dom/html/level2/html/HTMLTableCellElement30.html':[
17,
],
'project:external_webkit-jb-mr1/LayoutTests/dom/html/level2/html/HTMLTableElement01.html':[
40,
],
'project:external_webkit-jb-mr1/LayoutTests/dom/html/level2/html/HTMLTableElement02.html':[
40,
],
'project:external_webkit-jb-mr1/LayoutTests/dom/html/level2/html/HTMLTableElement03.html':[
40,
],
'project:external_webkit-jb-mr1/LayoutTests/dom/html/level2/html/HTMLTableElement04.html':[
40,
],
'project:external_webkit-jb-mr1/LayoutTests/dom/html/level2/html/HTMLTableElement05.html':[
40,
],
'project:external_webkit-jb-mr1/LayoutTests/dom/html/level2/html/HTMLTableElement06.html':[
40,
],
'project:external_webkit-jb-mr1/LayoutTests/dom/html/level2/html/HTMLTableElement07.html':[
40,
],
'project:external_webkit-jb-mr1/LayoutTests/dom/html/level2/html/HTMLTableElement08.html':[
40,
],
'project:external_webkit-jb-mr1/LayoutTests/dom/html/level2/html/HTMLTableElement09.html':[
40,
],
'project:external_webkit-jb-mr1/LayoutTests/dom/html/level2/html/HTMLTableElement10.html':[
40,
],
'project:external_webkit-jb-mr1/LayoutTests/dom/html/level2/html/HTMLTableElement11.html':[
40,
],
'project:external_webkit-jb-mr1/LayoutTests/dom/html/level2/html/HTMLTableElement12.html':[
40,
],
'project:external_webkit-jb-mr1/LayoutTests/dom/html/level2/html/HTMLTableElement13.html':[
40,
],
'project:external_webkit-jb-mr1/LayoutTests/dom/html/level2/html/HTMLTableElement14.html':[
40,
],
'project:external_webkit-jb-mr1/LayoutTests/dom/html/level2/html/HTMLTableElement15.html':[
40,
],
'project:external_webkit-jb-mr1/LayoutTests/dom/html/level2/html/HTMLTableElement16.html':[
40,
],
'project:external_webkit-jb-mr1/LayoutTests/dom/html/level2/html/HTMLTableElement17.html':[
40,
],
'project:external_webkit-jb-mr1/LayoutTests/dom/html/level2/html/HTMLTableElement18.html':[
40,
],
'project:external_webkit-jb-mr1/LayoutTests/dom/html/level2/html/HTMLTableElement19.html':[
40,
],
'project:external_webkit-jb-mr1/LayoutTests/dom/html/level2/html/HTMLTableElement20.html':[
40,
],
'project:external_webkit-jb-mr1/LayoutTests/dom/html/level2/html/HTMLTableElement21.html':[
40,
],
'project:external_webkit-jb-mr1/LayoutTests/dom/html/level2/html/HTMLTableElement22.html':[
40,
],
'project:external_webkit-jb-mr1/LayoutTests/dom/html/level2/html/HTMLTableElement23.html':[
40,
],
'project:external_webkit-jb-mr1/LayoutTests/dom/html/level2/html/HTMLTableElement24.html':[
40,
],
'project:external_webkit-jb-mr1/LayoutTests/dom/html/level2/html/HTMLTableElement25.html':[
40,
],
'project:external_webkit-jb-mr1/LayoutTests/dom/html/level2/html/HTMLTableElement26.html':[
40,
],
'project:external_webkit-jb-mr1/LayoutTests/dom/html/level2/html/HTMLTableElement27.html':[
40,
],
'project:external_webkit-jb-mr1/LayoutTests/dom/html/level2/html/HTMLTableElement28.html':[
40,
],
'project:external_webkit-jb-mr1/LayoutTests/dom/html/level2/html/HTMLTableElement29.html':[
40,
],
'project:external_webkit-jb-mr1/LayoutTests/dom/html/level2/html/HTMLTableElement30.html':[
40,
],
'project:external_webkit-jb-mr1/LayoutTests/dom/html/level2/html/HTMLTableElement32.html':[
40,
],
'project:external_webkit-jb-mr1/LayoutTests/dom/html/level2/html/HTMLTableElement33.html':[
40,
],
'project:external_webkit-jb-mr1/LayoutTests/dom/html/level2/html/HTMLTableElement34.html':[
40,
],
'project:external_webkit-jb-mr1/LayoutTests/dom/html/level2/html/HTMLTableElement35.html':[
40,
],
'project:external_webkit-jb-mr1/LayoutTests/dom/html/level2/html/HTMLTableElement36.html':[
40,
],
'project:external_webkit-jb-mr1/LayoutTests/dom/html/level2/html/HTMLTableElement37.html':[
40,
],
'project:external_webkit-jb-mr1/LayoutTests/dom/html/level2/html/HTMLTableElement38.html':[
40,
],
'project:external_webkit-jb-mr1/LayoutTests/dom/html/level2/html/HTMLTableElement39.html':[
40,
],
'project:external_webkit-jb-mr1/LayoutTests/dom/html/level2/html/HTMLTableElement40.html':[
40,
],
'project:external_webkit-jb-mr1/LayoutTests/dom/html/level2/html/HTMLTableRowElement01.html':[
40,
],
'project:external_webkit-jb-mr1/LayoutTests/dom/html/level2/html/HTMLTableRowElement02.html':[
40,
],
'project:external_webkit-jb-mr1/LayoutTests/dom/html/level2/html/HTMLTableRowElement03.html':[
40,
],
'project:external_webkit-jb-mr1/LayoutTests/dom/html/level2/html/HTMLTableRowElement04.html':[
40,
],
'project:external_webkit-jb-mr1/LayoutTests/dom/html/level2/html/HTMLTableRowElement05.html':[
40,
],
'project:external_webkit-jb-mr1/LayoutTests/dom/html/level2/html/HTMLTableRowElement06.html':[
40,
],
'project:external_webkit-jb-mr1/LayoutTests/dom/html/level2/html/HTMLTableRowElement07.html':[
40,
],
'project:external_webkit-jb-mr1/LayoutTests/dom/html/level2/html/HTMLTableRowElement08.html':[
40,
],
'project:external_webkit-jb-mr1/LayoutTests/dom/html/level2/html/HTMLTableRowElement09.html':[
40,
],
'project:external_webkit-jb-mr1/LayoutTests/dom/html/level2/html/HTMLTableRowElement10.html':[
40,
],
'project:external_webkit-jb-mr1/LayoutTests/dom/html/level2/html/HTMLTableRowElement11.html':[
40,
],
'project:external_webkit-jb-mr1/LayoutTests/dom/html/level2/html/HTMLTableRowElement12.html':[
40,
],
'project:external_webkit-jb-mr1/LayoutTests/dom/html/level2/html/HTMLTableRowElement13.html':[
40,
],
'project:external_webkit-jb-mr1/LayoutTests/dom/html/level2/html/HTMLTableRowElement14.html':[
40,
],
'project:external_webkit-jb-mr1/LayoutTests/dom/html/level2/html/HTMLTableRowElement15.html':[
40,
],
'project:external_webkit-jb-mr1/LayoutTests/dom/html/level2/html/HTMLTableRowElement16.html':[
40,
],
'project:external_webkit-jb-mr1/LayoutTests/dom/html/level2/html/HTMLTableRowElement17.html':[
40,
],
'project:external_webkit-jb-mr1/LayoutTests/dom/html/level2/html/HTMLTableRowElement18.html':[
40,
],
'project:external_webkit-jb-mr1/LayoutTests/dom/html/level2/html/HTMLTableRowElement19.html':[
40,
],
'project:external_webkit-jb-mr1/LayoutTests/dom/html/level2/html/HTMLTableRowElement20.html':[
40,
],
'project:external_webkit-jb-mr1/LayoutTests/dom/html/level2/html/HTMLTableRowElement21.html':[
40,
],
'project:external_webkit-jb-mr1/LayoutTests/dom/html/level2/html/HTMLTableSectionElement01.html':[
42,
],
'project:external_webkit-jb-mr1/LayoutTests/dom/html/level2/html/HTMLTableSectionElement02.html':[
42,
],
'project:external_webkit-jb-mr1/LayoutTests/dom/html/level2/html/HTMLTableSectionElement03.html':[
42,
],
'project:external_webkit-jb-mr1/LayoutTests/dom/html/level2/html/HTMLTableSectionElement04.html':[
42,
],
'project:external_webkit-jb-mr1/LayoutTests/dom/html/level2/html/HTMLTableSectionElement05.html':[
42,
],
'project:external_webkit-jb-mr1/LayoutTests/dom/html/level2/html/HTMLTableSectionElement06.html':[
42,
],
'project:external_webkit-jb-mr1/LayoutTests/dom/html/level2/html/HTMLTableSectionElement07.html':[
42,
],
'project:external_webkit-jb-mr1/LayoutTests/dom/html/level2/html/HTMLTableSectionElement08.html':[
42,
],
'project:external_webkit-jb-mr1/LayoutTests/dom/html/level2/html/HTMLTableSectionElement09.html':[
42,
],
'project:external_webkit-jb-mr1/LayoutTests/dom/html/level2/html/HTMLTableSectionElement10.html':[
42,
],
'project:external_webkit-jb-mr1/LayoutTests/dom/html/level2/html/HTMLTableSectionElement11.html':[
42,
],
'project:external_webkit-jb-mr1/LayoutTests/dom/html/level2/html/HTMLTableSectionElement12.html':[
42,
],
'project:external_webkit-jb-mr1/LayoutTests/dom/html/level2/html/HTMLTableSectionElement13.html':[
42,
],
'project:external_webkit-jb-mr1/LayoutTests/dom/html/level2/html/HTMLTableSectionElement14.html':[
42,
],
'project:external_webkit-jb-mr1/LayoutTests/dom/html/level2/html/HTMLTableSectionElement15.html':[
42,
],
'project:external_webkit-jb-mr1/LayoutTests/dom/html/level2/html/HTMLTableSectionElement16.html':[
42,
],
'project:external_webkit-jb-mr1/LayoutTests/dom/html/level2/html/HTMLTableSectionElement17.html':[
42,
],
'project:external_webkit-jb-mr1/LayoutTests/dom/html/level2/html/HTMLTableSectionElement18.html':[
42,
],
'project:external_webkit-jb-mr1/LayoutTests/dom/html/level2/html/HTMLTableSectionElement19.html':[
42,
],
'project:external_webkit-jb-mr1/LayoutTests/dom/html/level2/html/HTMLTableSectionElement20.html':[
42,
],
'project:external_webkit-jb-mr1/LayoutTests/dom/html/level2/html/HTMLTableSectionElement21.html':[
42,
],
'project:external_webkit-jb-mr1/LayoutTests/dom/html/level2/html/HTMLTableSectionElement22.html':[
42,
],
'project:external_webkit-jb-mr1/LayoutTests/dom/html/level2/html/HTMLTableSectionElement23.html':[
42,
],
'project:external_webkit-jb-mr1/LayoutTests/dom/html/level2/html/HTMLTableSectionElement24.html':[
42,
],
'project:external_webkit-jb-mr1/LayoutTests/dom/html/level2/html/HTMLTableSectionElement25.html':[
42,
],
'project:external_webkit-jb-mr1/LayoutTests/dom/html/level2/html/HTMLTableSectionElement26.html':[
42,
],
'project:external_webkit-jb-mr1/LayoutTests/dom/html/level2/html/HTMLTableSectionElement27.html':[
42,
],
'project:external_webkit-jb-mr1/LayoutTests/dom/html/level2/html/HTMLTableSectionElement28.html':[
42,
],
'project:external_webkit-jb-mr1/LayoutTests/dom/html/level2/html/HTMLTableSectionElement29.html':[
42,
],
'project:external_webkit-jb-mr1/LayoutTests/dom/html/level2/html/HTMLTableSectionElement30.html':[
42,
],
'project:external_webkit-jb-mr1/LayoutTests/dom/html/level2/html/HTMLTableSectionElement31.html':[
42,
],
'project:external_webkit-jb-mr1/LayoutTests/dom/html/level2/html/table02.html':[
42,
],
'project:external_webkit-jb-mr1/LayoutTests/dom/html/level2/html/table03.html':[
42,
],
'project:external_webkit-jb-mr1/LayoutTests/dom/html/level2/html/table04.html':[
42,
],
'project:external_webkit-jb-mr1/LayoutTests/dom/html/level2/html/table06.html':[
42,
],
'project:external_webkit-jb-mr1/LayoutTests/dom/html/level2/html/table07.html':[
42,
],
'project:external_webkit-jb-mr1/LayoutTests/dom/html/level2/html/table08.html':[
42,
],
'project:external_webkit-jb-mr1/LayoutTests/dom/html/level2/html/table09.html':[
42,
],
'project:external_webkit-jb-mr1/LayoutTests/dom/html/level2/html/table10.html':[
42,
],
'project:external_webkit-jb-mr1/LayoutTests/dom/html/level2/html/table12.html':[
42,
],
'project:external_webkit-jb-mr1/LayoutTests/dom/html/level2/html/table15.html':[
42,
],
'project:external_webkit-jb-mr1/LayoutTests/dom/html/level2/html/table17.html':[
42,
],
'project:external_webkit-jb-mr1/LayoutTests/dom/html/level2/html/table18.html':[
17,
],
'project:external_webkit-jb-mr1/LayoutTests/dom/html/level2/html/table19.html':[
17,
],
'project:external_webkit-jb-mr1/LayoutTests/dom/html/level2/html/table20.html':[
17,
],
'project:external_webkit-jb-mr1/LayoutTests/dom/html/level2/html/table21.html':[
17,
],
'project:external_webkit-jb-mr1/LayoutTests/dom/html/level2/html/table22.html':[
17,
],
'project:external_webkit-jb-mr1/LayoutTests/dom/html/level2/html/table23.html':[
17,
],
'project:external_webkit-jb-mr1/LayoutTests/dom/html/level2/html/table24.html':[
17,
],
'project:external_webkit-jb-mr1/LayoutTests/dom/html/level2/html/table25.html':[
17,
],
'project:external_webkit-jb-mr1/LayoutTests/dom/html/level2/html/table26.html':[
17,
],
'project:external_webkit-jb-mr1/LayoutTests/dom/html/level2/html/table27.html':[
17,
],
'project:external_webkit-jb-mr1/LayoutTests/dom/html/level2/html/table28.html':[
17,
],
'project:external_webkit-jb-mr1/LayoutTests/dom/html/level2/html/table29.html':[
17,
],
'project:external_webkit-jb-mr1/LayoutTests/dom/html/level2/html/table30.html':[
17,
],
'project:external_webkit-jb-mr1/LayoutTests/dom/html/level2/html/table31.html':[
17,
],
'project:external_webkit-jb-mr1/LayoutTests/dom/html/level2/html/table32.html':[
17,
],
'project:external_webkit-jb-mr1/LayoutTests/dom/html/level2/html/table33.html':[
40,
],
'project:external_webkit-jb-mr1/LayoutTests/dom/html/level2/html/table34.html':[
40,
],
'project:external_webkit-jb-mr1/LayoutTests/dom/html/level2/html/table35.html':[
40,
],
'project:external_webkit-jb-mr1/LayoutTests/dom/html/level2/html/table36.html':[
40,
],
'project:external_webkit-jb-mr1/LayoutTests/dom/html/level2/html/table37.html':[
40,
],
'project:external_webkit-jb-mr1/LayoutTests/dom/html/level2/html/table38.html':[
40,
],
'project:external_webkit-jb-mr1/LayoutTests/dom/html/level2/html/table39.html':[
40,
],
'project:external_webkit-jb-mr1/LayoutTests/dom/html/level2/html/table40.html':[
40,
],
'project:external_webkit-jb-mr1/LayoutTests/dom/html/level2/html/table41.html':[
40,
],
'project:external_webkit-jb-mr1/LayoutTests/dom/html/level2/html/table42.html':[
40,
],
'project:external_webkit-jb-mr1/LayoutTests/dom/html/level2/html/table43.html':[
40,
],
'project:external_webkit-jb-mr1/LayoutTests/dom/html/level2/html/table44.html':[
40,
],
'project:external_webkit-jb-mr1/LayoutTests/dom/html/level2/html/table45.html':[
40,
],
'project:external_webkit-jb-mr1/LayoutTests/dom/html/level2/html/table46.html':[
40,
],
'project:external_webkit-jb-mr1/LayoutTests/dom/html/level2/html/table47.html':[
40,
],
'project:external_webkit-jb-mr1/LayoutTests/dom/xhtml/level2/html/HTMLCollection01.xhtml':[
34,
],
'project:external_webkit-jb-mr1/LayoutTests/dom/xhtml/level2/html/HTMLCollection02.xhtml':[
34,
],
'project:external_webkit-jb-mr1/LayoutTests/dom/xhtml/level2/html/HTMLCollection03.xhtml':[
34,
],
'project:external_webkit-jb-mr1/LayoutTests/dom/xhtml/level2/html/HTMLCollection04.xhtml':[
34,
],
'project:external_webkit-jb-mr1/LayoutTests/dom/xhtml/level2/html/HTMLCollection05.xhtml':[
34,
],
'project:external_webkit-jb-mr1/LayoutTests/dom/xhtml/level2/html/HTMLCollection06.xhtml':[
34,
],
'project:external_webkit-jb-mr1/LayoutTests/dom/xhtml/level2/html/HTMLCollection07.xhtml':[
34,
],
'project:external_webkit-jb-mr1/LayoutTests/dom/xhtml/level2/html/HTMLCollection08.xhtml':[
34,
],
'project:external_webkit-jb-mr1/LayoutTests/dom/xhtml/level2/html/HTMLCollection09.xhtml':[
34,
],
'project:external_webkit-jb-mr1/LayoutTests/dom/xhtml/level2/html/HTMLCollection10.xhtml':[
34,
],
'project:external_webkit-jb-mr1/LayoutTests/dom/xhtml/level2/html/HTMLCollection11.xhtml':[
34,
],
'project:external_webkit-jb-mr1/LayoutTests/dom/xhtml/level2/html/HTMLCollection12.xhtml':[
34,
],
'project:external_webkit-jb-mr1/LayoutTests/dom/xhtml/level2/html/HTMLTableCellElement01.xhtml':[
19,
],
'project:external_webkit-jb-mr1/LayoutTests/dom/xhtml/level2/html/HTMLTableCellElement02.xhtml':[
19,
],
'project:external_webkit-jb-mr1/LayoutTests/dom/xhtml/level2/html/HTMLTableCellElement03.xhtml':[
19,
],
'project:external_webkit-jb-mr1/LayoutTests/dom/xhtml/level2/html/HTMLTableCellElement04.xhtml':[
19,
],
'project:external_webkit-jb-mr1/LayoutTests/dom/xhtml/level2/html/HTMLTableCellElement05.xhtml':[
19,
],
'project:external_webkit-jb-mr1/LayoutTests/dom/xhtml/level2/html/HTMLTableCellElement06.xhtml':[
19,
],
'project:external_webkit-jb-mr1/LayoutTests/dom/xhtml/level2/html/HTMLTableCellElement07.xhtml':[
19,
],
'project:external_webkit-jb-mr1/LayoutTests/dom/xhtml/level2/html/HTMLTableCellElement08.xhtml':[
19,
],
'project:external_webkit-jb-mr1/LayoutTests/dom/xhtml/level2/html/HTMLTableCellElement09.xhtml':[
19,
],
'project:external_webkit-jb-mr1/LayoutTests/dom/xhtml/level2/html/HTMLTableCellElement10.xhtml':[
19,
],
'project:external_webkit-jb-mr1/LayoutTests/dom/xhtml/level2/html/HTMLTableCellElement11.xhtml':[
19,
],
'project:external_webkit-jb-mr1/LayoutTests/dom/xhtml/level2/html/HTMLTableCellElement12.xhtml':[
19,
],
'project:external_webkit-jb-mr1/LayoutTests/dom/xhtml/level2/html/HTMLTableCellElement13.xhtml':[
19,
],
'project:external_webkit-jb-mr1/LayoutTests/dom/xhtml/level2/html/HTMLTableCellElement14.xhtml':[
19,
],
'project:external_webkit-jb-mr1/LayoutTests/dom/xhtml/level2/html/HTMLTableCellElement15.xhtml':[
19,
],
'project:external_webkit-jb-mr1/LayoutTests/dom/xhtml/level2/html/HTMLTableCellElement16.xhtml':[
19,
],
'project:external_webkit-jb-mr1/LayoutTests/dom/xhtml/level2/html/HTMLTableCellElement17.xhtml':[
19,
],
'project:external_webkit-jb-mr1/LayoutTests/dom/xhtml/level2/html/HTMLTableCellElement18.xhtml':[
19,
],
'project:external_webkit-jb-mr1/LayoutTests/dom/xhtml/level2/html/HTMLTableCellElement19.xhtml':[
19,
],
'project:external_webkit-jb-mr1/LayoutTests/dom/xhtml/level2/html/HTMLTableCellElement20.xhtml':[
19,
],
'project:external_webkit-jb-mr1/LayoutTests/dom/xhtml/level2/html/HTMLTableCellElement21.xhtml':[
19,
],
'project:external_webkit-jb-mr1/LayoutTests/dom/xhtml/level2/html/HTMLTableCellElement22.xhtml':[
19,
],
'project:external_webkit-jb-mr1/LayoutTests/dom/xhtml/level2/html/HTMLTableCellElement23.xhtml':[
19,
],
'project:external_webkit-jb-mr1/LayoutTests/dom/xhtml/level2/html/HTMLTableCellElement24.xhtml':[
19,
],
'project:external_webkit-jb-mr1/LayoutTests/dom/xhtml/level2/html/HTMLTableCellElement25.xhtml':[
19,
],
'project:external_webkit-jb-mr1/LayoutTests/dom/xhtml/level2/html/HTMLTableCellElement26.xhtml':[
19,
],
'project:external_webkit-jb-mr1/LayoutTests/dom/xhtml/level2/html/HTMLTableCellElement27.xhtml':[
19,
],
'project:external_webkit-jb-mr1/LayoutTests/dom/xhtml/level2/html/HTMLTableCellElement28.xhtml':[
19,
],
'project:external_webkit-jb-mr1/LayoutTests/dom/xhtml/level2/html/HTMLTableCellElement29.xhtml':[
19,
],
'project:external_webkit-jb-mr1/LayoutTests/dom/xhtml/level2/html/HTMLTableCellElement30.xhtml':[
19,
],
'project:external_webkit-jb-mr1/LayoutTests/dom/xhtml/level2/html/HTMLTableElement01.xhtml':[
42,
],
'project:external_webkit-jb-mr1/LayoutTests/dom/xhtml/level2/html/HTMLTableElement02.xhtml':[
42,
],
'project:external_webkit-jb-mr1/LayoutTests/dom/xhtml/level2/html/HTMLTableElement03.xhtml':[
42,
],
'project:external_webkit-jb-mr1/LayoutTests/dom/xhtml/level2/html/HTMLTableElement04.xhtml':[
42,
],
'project:external_webkit-jb-mr1/LayoutTests/dom/xhtml/level2/html/HTMLTableElement05.xhtml':[
42,
],
'project:external_webkit-jb-mr1/LayoutTests/dom/xhtml/level2/html/HTMLTableElement06.xhtml':[
42,
],
'project:external_webkit-jb-mr1/LayoutTests/dom/xhtml/level2/html/HTMLTableElement07.xhtml':[
42,
],
'project:external_webkit-jb-mr1/LayoutTests/dom/xhtml/level2/html/HTMLTableElement08.xhtml':[
42,
],
'project:external_webkit-jb-mr1/LayoutTests/dom/xhtml/level2/html/HTMLTableElement09.xhtml':[
42,
],
'project:external_webkit-jb-mr1/LayoutTests/dom/xhtml/level2/html/HTMLTableElement10.xhtml':[
42,
],
'project:external_webkit-jb-mr1/LayoutTests/dom/xhtml/level2/html/HTMLTableElement11.xhtml':[
42,
],
'project:external_webkit-jb-mr1/LayoutTests/dom/xhtml/level2/html/HTMLTableElement12.xhtml':[
42,
],
'project:external_webkit-jb-mr1/LayoutTests/dom/xhtml/level2/html/HTMLTableElement13.xhtml':[
42,
],
'project:external_webkit-jb-mr1/LayoutTests/dom/xhtml/level2/html/HTMLTableElement14.xhtml':[
42,
],
'project:external_webkit-jb-mr1/LayoutTests/dom/xhtml/level2/html/HTMLTableElement15.xhtml':[
42,
],
'project:external_webkit-jb-mr1/LayoutTests/dom/xhtml/level2/html/HTMLTableElement16.xhtml':[
42,
],
'project:external_webkit-jb-mr1/LayoutTests/dom/xhtml/level2/html/HTMLTableElement17.xhtml':[
42,
],
'project:external_webkit-jb-mr1/LayoutTests/dom/xhtml/level2/html/HTMLTableElement18.xhtml':[
42,
],
'project:external_webkit-jb-mr1/LayoutTests/dom/xhtml/level2/html/HTMLTableElement19.xhtml':[
42,
],
'project:external_webkit-jb-mr1/LayoutTests/dom/xhtml/level2/html/HTMLTableElement20.xhtml':[
42,
],
'project:external_webkit-jb-mr1/LayoutTests/dom/xhtml/level2/html/HTMLTableElement21.xhtml':[
42,
],
'project:external_webkit-jb-mr1/LayoutTests/dom/xhtml/level2/html/HTMLTableElement22.xhtml':[
42,
],
'project:external_webkit-jb-mr1/LayoutTests/dom/xhtml/level2/html/HTMLTableElement23.xhtml':[
42,
],
'project:external_webkit-jb-mr1/LayoutTests/dom/xhtml/level2/html/HTMLTableElement24.xhtml':[
42,
],
'project:external_webkit-jb-mr1/LayoutTests/dom/xhtml/level2/html/HTMLTableElement25.xhtml':[
42,
],
'project:external_webkit-jb-mr1/LayoutTests/dom/xhtml/level2/html/HTMLTableElement26.xhtml':[
42,
],
'project:external_webkit-jb-mr1/LayoutTests/dom/xhtml/level2/html/HTMLTableElement27.xhtml':[
42,
],
'project:external_webkit-jb-mr1/LayoutTests/dom/xhtml/level2/html/HTMLTableElement28.xhtml':[
42,
],
'project:external_webkit-jb-mr1/LayoutTests/dom/xhtml/level2/html/HTMLTableElement29.xhtml':[
42,
],
'project:external_webkit-jb-mr1/LayoutTests/dom/xhtml/level2/html/HTMLTableElement30.xhtml':[
42,
],
'project:external_webkit-jb-mr1/LayoutTests/dom/xhtml/level2/html/HTMLTableElement32.xhtml':[
42,
],
'project:external_webkit-jb-mr1/LayoutTests/dom/xhtml/level2/html/HTMLTableElement33.xhtml':[
42,
],
'project:external_webkit-jb-mr1/LayoutTests/dom/xhtml/level2/html/HTMLTableElement34.xhtml':[
42,
],
'project:external_webkit-jb-mr1/LayoutTests/dom/xhtml/level2/html/HTMLTableElement35.xhtml':[
42,
],
'project:external_webkit-jb-mr1/LayoutTests/dom/xhtml/level2/html/HTMLTableElement36.xhtml':[
42,
],
'project:external_webkit-jb-mr1/LayoutTests/dom/xhtml/level2/html/HTMLTableElement37.xhtml':[
42,
],
'project:external_webkit-jb-mr1/LayoutTests/dom/xhtml/level2/html/HTMLTableElement38.xhtml':[
42,
],
'project:external_webkit-jb-mr1/LayoutTests/dom/xhtml/level2/html/HTMLTableElement39.xhtml':[
42,
],
'project:external_webkit-jb-mr1/LayoutTests/dom/xhtml/level2/html/HTMLTableElement40.xhtml':[
42,
],
'project:external_webkit-jb-mr1/LayoutTests/dom/xhtml/level2/html/HTMLTableRowElement01.xhtml':[
42,
],
'project:external_webkit-jb-mr1/LayoutTests/dom/xhtml/level2/html/HTMLTableRowElement02.xhtml':[
42,
],
'project:external_webkit-jb-mr1/LayoutTests/dom/xhtml/level2/html/HTMLTableRowElement03.xhtml':[
42,
],
'project:external_webkit-jb-mr1/LayoutTests/dom/xhtml/level2/html/HTMLTableRowElement04.xhtml':[
42,
],
'project:external_webkit-jb-mr1/LayoutTests/dom/xhtml/level2/html/HTMLTableRowElement05.xhtml':[
42,
],
'project:external_webkit-jb-mr1/LayoutTests/dom/xhtml/level2/html/HTMLTableRowElement06.xhtml':[
42,
],
'project:external_webkit-jb-mr1/LayoutTests/dom/xhtml/level2/html/HTMLTableRowElement07.xhtml':[
42,
],
'project:external_webkit-jb-mr1/LayoutTests/dom/xhtml/level2/html/HTMLTableRowElement08.xhtml':[
42,
],
'project:external_webkit-jb-mr1/LayoutTests/dom/xhtml/level2/html/HTMLTableRowElement09.xhtml':[
42,
],
'project:external_webkit-jb-mr1/LayoutTests/dom/xhtml/level2/html/HTMLTableRowElement10.xhtml':[
42,
],
'project:external_webkit-jb-mr1/LayoutTests/dom/xhtml/level2/html/HTMLTableRowElement11.xhtml':[
42,
],
'project:external_webkit-jb-mr1/LayoutTests/dom/xhtml/level2/html/HTMLTableRowElement12.xhtml':[
42,
],
'project:external_webkit-jb-mr1/LayoutTests/dom/xhtml/level2/html/HTMLTableRowElement13.xhtml':[
42,
],
'project:external_webkit-jb-mr1/LayoutTests/dom/xhtml/level2/html/HTMLTableRowElement14.xhtml':[
42,
],
'project:external_webkit-jb-mr1/LayoutTests/dom/xhtml/level2/html/HTMLTableRowElement15.xhtml':[
42,
],
'project:external_webkit-jb-mr1/LayoutTests/dom/xhtml/level2/html/HTMLTableRowElement16.xhtml':[
42,
],
'project:external_webkit-jb-mr1/LayoutTests/dom/xhtml/level2/html/HTMLTableRowElement17.xhtml':[
42,
],
'project:external_webkit-jb-mr1/LayoutTests/dom/xhtml/level2/html/HTMLTableRowElement18.xhtml':[
42,
],
'project:external_webkit-jb-mr1/LayoutTests/dom/xhtml/level2/html/HTMLTableRowElement19.xhtml':[
42,
],
'project:external_webkit-jb-mr1/LayoutTests/dom/xhtml/level2/html/HTMLTableRowElement20.xhtml':[
42,
],
'project:external_webkit-jb-mr1/LayoutTests/dom/xhtml/level2/html/HTMLTableRowElement21.xhtml':[
42,
],
'project:external_webkit-jb-mr1/LayoutTests/dom/xhtml/level2/html/HTMLTableSectionElement01.xhtml':[
44,
],
'project:external_webkit-jb-mr1/LayoutTests/dom/xhtml/level2/html/HTMLTableSectionElement02.xhtml':[
44,
],
'project:external_webkit-jb-mr1/LayoutTests/dom/xhtml/level2/html/HTMLTableSectionElement03.xhtml':[
44,
],
'project:external_webkit-jb-mr1/LayoutTests/dom/xhtml/level2/html/HTMLTableSectionElement04.xhtml':[
44,
],
'project:external_webkit-jb-mr1/LayoutTests/dom/xhtml/level2/html/HTMLTableSectionElement05.xhtml':[
44,
],
'project:external_webkit-jb-mr1/LayoutTests/dom/xhtml/level2/html/HTMLTableSectionElement06.xhtml':[
44,
],
'project:external_webkit-jb-mr1/LayoutTests/dom/xhtml/level2/html/HTMLTableSectionElement07.xhtml':[
44,
],
'project:external_webkit-jb-mr1/LayoutTests/dom/xhtml/level2/html/HTMLTableSectionElement08.xhtml':[
44,
],
'project:external_webkit-jb-mr1/LayoutTests/dom/xhtml/level2/html/HTMLTableSectionElement09.xhtml':[
44,
],
'project:external_webkit-jb-mr1/LayoutTests/dom/xhtml/level2/html/HTMLTableSectionElement10.xhtml':[
44,
],
'project:external_webkit-jb-mr1/LayoutTests/dom/xhtml/level2/html/HTMLTableSectionElement11.xhtml':[
44,
],
'project:external_webkit-jb-mr1/LayoutTests/dom/xhtml/level2/html/HTMLTableSectionElement12.xhtml':[
44,
],
'project:external_webkit-jb-mr1/LayoutTests/dom/xhtml/level2/html/HTMLTableSectionElement13.xhtml':[
44,
],
'project:external_webkit-jb-mr1/LayoutTests/dom/xhtml/level2/html/HTMLTableSectionElement14.xhtml':[
44,
],
'project:external_webkit-jb-mr1/LayoutTests/dom/xhtml/level2/html/HTMLTableSectionElement15.xhtml':[
44,
],
'project:external_webkit-jb-mr1/LayoutTests/dom/xhtml/level2/html/HTMLTableSectionElement16.xhtml':[
44,
],
'project:external_webkit-jb-mr1/LayoutTests/dom/xhtml/level2/html/HTMLTableSectionElement17.xhtml':[
44,
],
'project:external_webkit-jb-mr1/LayoutTests/dom/xhtml/level2/html/HTMLTableSectionElement18.xhtml':[
44,
],
'project:external_webkit-jb-mr1/LayoutTests/dom/xhtml/level2/html/HTMLTableSectionElement19.xhtml':[
44,
],
'project:external_webkit-jb-mr1/LayoutTests/dom/xhtml/level2/html/HTMLTableSectionElement20.xhtml':[
44,
],
'project:external_webkit-jb-mr1/LayoutTests/dom/xhtml/level2/html/HTMLTableSectionElement21.xhtml':[
44,
],
'project:external_webkit-jb-mr1/LayoutTests/dom/xhtml/level2/html/HTMLTableSectionElement22.xhtml':[
44,
],
'project:external_webkit-jb-mr1/LayoutTests/dom/xhtml/level2/html/HTMLTableSectionElement23.xhtml':[
44,
],
'project:external_webkit-jb-mr1/LayoutTests/dom/xhtml/level2/html/HTMLTableSectionElement24.xhtml':[
44,
],
'project:external_webkit-jb-mr1/LayoutTests/dom/xhtml/level2/html/HTMLTableSectionElement25.xhtml':[
44,
],
'project:external_webkit-jb-mr1/LayoutTests/dom/xhtml/level2/html/HTMLTableSectionElement26.xhtml':[
44,
],
'project:external_webkit-jb-mr1/LayoutTests/dom/xhtml/level2/html/HTMLTableSectionElement27.xhtml':[
44,
],
'project:external_webkit-jb-mr1/LayoutTests/dom/xhtml/level2/html/HTMLTableSectionElement28.xhtml':[
44,
],
'project:external_webkit-jb-mr1/LayoutTests/dom/xhtml/level2/html/HTMLTableSectionElement29.xhtml':[
44,
],
'project:external_webkit-jb-mr1/LayoutTests/dom/xhtml/level2/html/HTMLTableSectionElement30.xhtml':[
44,
],
'project:external_webkit-jb-mr1/LayoutTests/dom/xhtml/level2/html/HTMLTableSectionElement31.xhtml':[
44,
],
'project:external_webkit-jb-mr1/LayoutTests/dom/xhtml/level2/html/table02.xhtml':[
44,
],
'project:external_webkit-jb-mr1/LayoutTests/dom/xhtml/level2/html/table03.xhtml':[
44,
],
'project:external_webkit-jb-mr1/LayoutTests/dom/xhtml/level2/html/table04.xhtml':[
44,
],
'project:external_webkit-jb-mr1/LayoutTests/dom/xhtml/level2/html/table06.xhtml':[
44,
],
'project:external_webkit-jb-mr1/LayoutTests/dom/xhtml/level2/html/table07.xhtml':[
44,
],
'project:external_webkit-jb-mr1/LayoutTests/dom/xhtml/level2/html/table08.xhtml':[
44,
],
'project:external_webkit-jb-mr1/LayoutTests/dom/xhtml/level2/html/table09.xhtml':[
44,
],
'project:external_webkit-jb-mr1/LayoutTests/dom/xhtml/level2/html/table10.xhtml':[
44,
],
'project:external_webkit-jb-mr1/LayoutTests/dom/xhtml/level2/html/table12.xhtml':[
44,
],
'project:external_webkit-jb-mr1/LayoutTests/dom/xhtml/level2/html/table15.xhtml':[
44,
],
'project:external_webkit-jb-mr1/LayoutTests/dom/xhtml/level2/html/table17.xhtml':[
44,
],
'project:external_webkit-jb-mr1/LayoutTests/dom/xhtml/level2/html/table18.xhtml':[
19,
],
'project:external_webkit-jb-mr1/LayoutTests/dom/xhtml/level2/html/table19.xhtml':[
19,
],
'project:external_webkit-jb-mr1/LayoutTests/dom/xhtml/level2/html/table20.xhtml':[
19,
],
'project:external_webkit-jb-mr1/LayoutTests/dom/xhtml/level2/html/table21.xhtml':[
19,
],
'project:external_webkit-jb-mr1/LayoutTests/dom/xhtml/level2/html/table22.xhtml':[
19,
],
'project:external_webkit-jb-mr1/LayoutTests/dom/xhtml/level2/html/table23.xhtml':[
19,
],
'project:external_webkit-jb-mr1/LayoutTests/dom/xhtml/level2/html/table24.xhtml':[
19,
],
'project:external_webkit-jb-mr1/LayoutTests/dom/xhtml/level2/html/table25.xhtml':[
19,
],
'project:external_webkit-jb-mr1/LayoutTests/dom/xhtml/level2/html/table26.xhtml':[
19,
],
'project:external_webkit-jb-mr1/LayoutTests/dom/xhtml/level2/html/table27.xhtml':[
19,
],
'project:external_webkit-jb-mr1/LayoutTests/dom/xhtml/level2/html/table28.xhtml':[
19,
],
'project:external_webkit-jb-mr1/LayoutTests/dom/xhtml/level2/html/table29.xhtml':[
19,
],
'project:external_webkit-jb-mr1/LayoutTests/dom/xhtml/level2/html/table30.xhtml':[
19,
],
'project:external_webkit-jb-mr1/LayoutTests/dom/xhtml/level2/html/table31.xhtml':[
19,
],
'project:external_webkit-jb-mr1/LayoutTests/dom/xhtml/level2/html/table32.xhtml':[
19,
],
'project:external_webkit-jb-mr1/LayoutTests/dom/xhtml/level2/html/table33.xhtml':[
42,
],
'project:external_webkit-jb-mr1/LayoutTests/dom/xhtml/level2/html/table34.xhtml':[
42,
],
'project:external_webkit-jb-mr1/LayoutTests/dom/xhtml/level2/html/table35.xhtml':[
42,
],
'project:external_webkit-jb-mr1/LayoutTests/dom/xhtml/level2/html/table36.xhtml':[
42,
],
'project:external_webkit-jb-mr1/LayoutTests/dom/xhtml/level2/html/table37.xhtml':[
42,
],
'project:external_webkit-jb-mr1/LayoutTests/dom/xhtml/level2/html/table38.xhtml':[
42,
],
'project:external_webkit-jb-mr1/LayoutTests/dom/xhtml/level2/html/table39.xhtml':[
42,
],
'project:external_webkit-jb-mr1/LayoutTests/dom/xhtml/level2/html/table40.xhtml':[
42,
],
'project:external_webkit-jb-mr1/LayoutTests/dom/xhtml/level2/html/table41.xhtml':[
42,
],
'project:external_webkit-jb-mr1/LayoutTests/dom/xhtml/level2/html/table42.xhtml':[
42,
],
'project:external_webkit-jb-mr1/LayoutTests/dom/xhtml/level2/html/table43.xhtml':[
42,
],
'project:external_webkit-jb-mr1/LayoutTests/dom/xhtml/level2/html/table44.xhtml':[
42,
],
'project:external_webkit-jb-mr1/LayoutTests/dom/xhtml/level2/html/table45.xhtml':[
42,
],
'project:external_webkit-jb-mr1/LayoutTests/dom/xhtml/level2/html/table46.xhtml':[
42,
],
'project:external_webkit-jb-mr1/LayoutTests/dom/xhtml/level2/html/table47.xhtml':[
42,
],
}
