{
'project:Silverpeas-Core-master/war-core/src/main/webapp/pdcPeas/jsp/positions.jsp':[
217,
],
'project:Silverpeas-Core-master/war-core/src/main/webapp/pdcPeas/jsp/positionsInComponent.jsp':[
216,
],
'project:Silverpeas-Core-master/war-core/src/main/webapp/portlet/jsp/jsr/portletSP.jsp':[
40,
43,
],
'project:Silverpeas-Core-master/war-core/src/main/webapp/profil/jsp/ProfilPrive.jsp':[
62,
],
'project:external_webkit-jb-mr1/LayoutTests/dom/html/level2/html/HTMLDirectoryElement01.html':[
9,
10,
11,
],
'project:external_webkit-jb-mr1/LayoutTests/dom/html/level2/html/HTMLMenuElement01.html':[
9,
10,
11,
],
'project:external_webkit-jb-mr1/LayoutTests/dom/xhtml/level2/html/HTMLDirectoryElement01.xhtml':[
11,
12,
13,
],
'project:external_webkit-jb-mr1/LayoutTests/dom/xhtml/level2/html/HTMLMenuElement01.xhtml':[
11,
12,
13,
],
'project:phpMyAdmin-4.0.4-english/themes/original/css/common.css.php':[
766,
],
'project:phpMyAdmin-4.0.4-english/themes/pmahomme/css/common.css.php':[
1015,
],
'project:sonar-master/sonar-server/src/main/webapp/WEB-INF/app/views/issues/_favourites.html.erb':[
3,
5,
10,
11,
],
'project:sonar-master/sonar-server/src/main/webapp/WEB-INF/app/views/layouts/_menu_administration.html.erb':[
1,
],
'project:sonar-master/sonar-server/src/main/webapp/WEB-INF/app/views/layouts/_menu_projects.html.erb':[
7,
],
'project:sonar-master/sonar-server/src/main/webapp/WEB-INF/app/views/layouts/_menu_resource_settings.html.erb':[
1,
],
'project:sonar-master/sonar-server/src/main/webapp/WEB-INF/app/views/layouts/_menu_user.html.erb':[
1,
],
'project:sonar-master/sonar-server/src/main/webapp/WEB-INF/app/views/measures/_favourites.html.erb':[
3,
5,
9,
10,
],
'project:voten/resources/assets/js/components/ChannelSearchItem.vue':[
2,
],
'project:voten/resources/assets/js/components/Notification.vue':[
2,
],
'project:voten/resources/assets/js/components/UserSearchItem.vue':[
2,
],
}
