{
'project:Silverpeas-Core-master/war-core/src/main/webapp/attachment/jsp/displayAttachedFiles.jsp':[
0,
],
'project:Silverpeas-Core-master/war-core/src/main/webapp/wysiwyg/jsp/ckeditor/CHANGES.html':[
0,
],
'project:external_webkit-jb-mr1/PerformanceTests/Parser/resources/html5.html':[
0,
],
'project:external_webkit-jb-mr1/PerformanceTests/XSSFilter/resources/target-for-large-post-many-inline-scripts-and-events.html':[
0,
],
'project:phpMyAdmin-4.0.4-english/doc/html/config.html':[
0,
],
'project:phpMyAdmin-4.0.4-english/doc/html/faq.html':[
0,
],
'project:phpMyAdmin-4.0.4-english/doc/html/genindex.html':[
0,
],
'project:phpMyAdmin-4.0.4-english/libraries/Config.class.php':[
0,
],
'project:phpMyAdmin-4.0.4-english/libraries/DBQbe.class.php':[
0,
],
'project:phpMyAdmin-4.0.4-english/libraries/DisplayResults.class.php':[
0,
],
'project:phpMyAdmin-4.0.4-english/libraries/Table.class.php':[
0,
],
'project:phpMyAdmin-4.0.4-english/libraries/TableSearch.class.php':[
0,
],
'project:phpMyAdmin-4.0.4-english/libraries/Tracker.class.php':[
0,
],
'project:phpMyAdmin-4.0.4-english/libraries/Util.class.php':[
0,
],
'project:phpMyAdmin-4.0.4-english/libraries/common.inc.php':[
0,
],
'project:phpMyAdmin-4.0.4-english/libraries/config.default.php':[
0,
],
'project:phpMyAdmin-4.0.4-english/libraries/database_interface.lib.php':[
0,
],
'project:phpMyAdmin-4.0.4-english/libraries/import.lib.php':[
0,
],
'project:phpMyAdmin-4.0.4-english/libraries/insert_edit.lib.php':[
0,
],
'project:phpMyAdmin-4.0.4-english/libraries/navigation/NavigationTree.class.php':[
0,
],
'project:phpMyAdmin-4.0.4-english/libraries/operations.lib.php':[
0,
],
'project:phpMyAdmin-4.0.4-english/libraries/phpseclib/Crypt/Rijndael.php':[
0,
],
'project:phpMyAdmin-4.0.4-english/libraries/plugins/export/ExportSql.class.php':[
0,
],
'project:phpMyAdmin-4.0.4-english/libraries/relation.lib.php':[
0,
],
'project:phpMyAdmin-4.0.4-english/libraries/rte/rte_routines.lib.php':[
0,
],
'project:phpMyAdmin-4.0.4-english/libraries/schema/Pdf_Relation_Schema.class.php':[
0,
],
'project:phpMyAdmin-4.0.4-english/libraries/server_privileges.lib.php':[
0,
],
'project:phpMyAdmin-4.0.4-english/libraries/server_variables_doc.php':[
0,
],
'project:phpMyAdmin-4.0.4-english/libraries/sqlparser.data.php':[
0,
],
'project:phpMyAdmin-4.0.4-english/libraries/sqlparser.lib.php':[
0,
],
'project:phpMyAdmin-4.0.4-english/libraries/structure.lib.php':[
0,
],
'project:phpMyAdmin-4.0.4-english/libraries/tcpdf/tcpdf.php':[
0,
],
'project:phpMyAdmin-4.0.4-english/libraries/tcpdf/unicode_data.php':[
0,
],
'project:phpMyAdmin-4.0.4-english/sql.php':[
0,
],
'project:phpMyAdmin-4.0.4-english/themes/original/css/common.css.php':[
0,
],
'project:phpMyAdmin-4.0.4-english/themes/pmahomme/css/common.css.php':[
0,
],
'project:voten/app/Http/Controllers/EmojiController.php':[
0,
],
}
