{
'project:external_webkit-jb-mr1/LayoutTests/fast/dom/beforeload/remove-video-in-beforeload-listener.html':[
22,
],
'project:external_webkit-jb-mr1/LayoutTests/fast/dom/beforeload/video-before-load.html':[
14,
],
'project:external_webkit-jb-mr1/Source/WebCore/manual-tests/media-controls-when-javascript-disabled.html':[
16,
],
'project:external_webkit-jb-mr1/Source/WebCore/manual-tests/media-elements/video-replaces-poster.html':[
10,
],
'project:external_webkit-jb-mr1/Source/WebCore/manual-tests/resources/video-tab.html':[
1,
],
'project:external_webkit-jb-mr1/Source/WebCore/manual-tests/video-rtsp.html':[
6,
],
'project:external_webkit-jb-mr1/Source/WebCore/manual-tests/video-statistics.html':[
6,
],
'project:voten/resources/assets/js/components/GifPlayer.vue':[
22,
],
'project:voten/resources/assets/js/components/submission/GifSubmission.vue':[
19,
],
}
