{
'project:Silverpeas-Core-master/config-core/src/main/config/web/weblib.war/processManager/DemandeConges/DemandeConges.html':[
6,
],
'project:Silverpeas-Core-master/config-core/src/main/config/web/weblib.war/repositorySharing/explorer.html':[
35,
],
'project:Silverpeas-Core-master/it-test-core/src/test/resources/com/silverpeas/converter/wysiwyg2.html':[
1,
3,
5,
7,
10,
17,
19,
21,
23,
26,
28,
31,
33,
35,
46,
73,
75,
77,
79,
81,
83,
85,
87,
89,
101,
118,
120,
126,
135,
139,
145,
147,
149,
],
'project:Silverpeas-Core-master/src/site/resources/font/handwritting.html':[
6,
],
'project:Silverpeas-Core-master/src/site/resources/screenshots.html':[
8,
],
'project:Silverpeas-Core-master/war-core/src/main/webapp/Error404.jsp':[
48,
],
'project:Silverpeas-Core-master/war-core/src/main/webapp/admin/jsp/MainFrameSilverpeasV5.jsp':[
178,
],
'project:Silverpeas-Core-master/war-core/src/main/webapp/admin/jsp/TopBarSilverpeasV5.jsp':[
73,
],
'project:Silverpeas-Core-master/war-core/src/main/webapp/admin/jsp/alreadyRegistered.jsp':[
44,
],
'project:Silverpeas-Core-master/war-core/src/main/webapp/admin/jsp/cipherkey.jsp':[
48,
],
'project:Silverpeas-Core-master/war-core/src/main/webapp/admin/jsp/errorpageDataStorageQuota.jsp':[
43,
],
'project:Silverpeas-Core-master/war-core/src/main/webapp/admin/jsp/newRegistration.jsp':[
43,
],
'project:Silverpeas-Core-master/war-core/src/main/webapp/admin/jsp/registerFromRemoteSocialNetwork.jsp':[
61,
],
'project:Silverpeas-Core-master/war-core/src/main/webapp/admin/jsp/registrationFailed.jsp':[
44,
],
'project:Silverpeas-Core-master/war-core/src/main/webapp/admin/jsp/registrationSuccess.jsp':[
44,
],
'project:Silverpeas-Core-master/war-core/src/main/webapp/attachment/jsp/AjaxFileUpload.html':[
6,
],
'project:Silverpeas-Core-master/war-core/src/main/webapp/explorer/jsp/explorer.jsp':[
67,
],
'project:Silverpeas-Core-master/war-core/src/main/webapp/form/jsp/editor.jsp':[
59,
],
'project:Silverpeas-Core-master/war-core/src/main/webapp/jobManagerPeas/jsp/topBarManager.jsp':[
48,
],
'project:Silverpeas-Core-master/war-core/src/main/webapp/jobStartPagePeas/jsp/UpdateJobStartPage.jsp':[
68,
],
'project:Silverpeas-Core-master/war-core/src/main/webapp/jobStartPagePeas/jsp/componentsList.jsp':[
104,
],
'project:Silverpeas-Core-master/war-core/src/main/webapp/jobStartPagePeas/jsp/jobStartPageNav.jsp':[
51,
],
'project:Silverpeas-Core-master/war-core/src/main/webapp/jobStartPagePeas/jsp/startPageInfo.jsp':[
154,
],
'project:Silverpeas-Core-master/war-core/src/main/webapp/pdcPeas/jsp/consultNavigation.jsp':[
124,
],
'project:Silverpeas-Core-master/war-core/src/main/webapp/pdcPeas/jsp/directValuesAxis.jsp':[
47,
],
'project:Silverpeas-Core-master/war-core/src/main/webapp/pdcPeas/jsp/globalResult.jsp':[
183,
],
'project:Silverpeas-Core-master/war-core/src/main/webapp/pdcPeas/jsp/positions.jsp':[
139,
],
'project:Silverpeas-Core-master/war-core/src/main/webapp/pdcPeas/jsp/tree.jsp':[
72,
],
'project:Silverpeas-Core-master/war-core/src/main/webapp/pdcPeas/jsp/webTab.jsp':[
107,
],
'project:Silverpeas-Core-master/war-core/src/main/webapp/selection/jsp/userpanel.jsp':[
60,
],
'project:Silverpeas-Core-master/war-core/src/main/webapp/sharing/jsp/displayTicketInfo.jsp':[
56,
],
'project:Silverpeas-Core-master/war-core/src/main/webapp/sharing/jsp/invalidTicket.jsp':[
39,
],
'project:Silverpeas-Core-master/war-core/src/main/webapp/silverpeasinfos.jsp':[
33,
],
'project:Silverpeas-Core-master/war-core/src/main/webapp/socialNetwork/jsp/myProfil/myProfileTabIdentity.jsp':[
63,
],
'project:Silverpeas-Core-master/war-core/src/main/webapp/socialNetwork/jsp/myProfil/myProfileTabInvitations.jsp':[
56,
],
'project:Silverpeas-Core-master/war-core/src/main/webapp/subscription/jsp/subscriptionpanel.jsp':[
87,
],
'project:Silverpeas-Core-master/war-core/src/main/webapp/templateDesigner/jsp/templateHeader.jsp':[
82,
],
'project:Silverpeas-Core-master/war-core/src/main/webapp/thesaurusPeas/jsp/thesaurus.jsp':[
49,
],
'project:Silverpeas-Core-master/war-core/src/main/webapp/thumbnail/jsp/thumbnailManager.jsp':[
74,
],
'project:Silverpeas-Core-master/war-core/src/main/webapp/wysiwyg/jsp/ckeditor/CHANGES.html':[
10,
],
'project:Silverpeas-Core-master/war-core/src/main/webapp/wysiwyg/jsp/ckeditor/INSTALL.html':[
10,
],
'project:Silverpeas-Core-master/war-core/src/main/webapp/wysiwyg/jsp/ckeditor/_samples/adobeair/sample.html':[
12,
],
'project:Silverpeas-Core-master/war-core/src/main/webapp/wysiwyg/jsp/ckeditor/_samples/api_dialog.html':[
13,
],
'project:Silverpeas-Core-master/war-core/src/main/webapp/wysiwyg/jsp/ckeditor/_samples/divreplace.html':[
13,
],
'project:Silverpeas-Core-master/war-core/src/main/webapp/wysiwyg/jsp/ckeditor/_samples/sharedspaces.html':[
13,
],
'project:Silverpeas-Core-master/war-core/src/main/webapp/wysiwyg/jsp/ckeditor/plugins/media/mediaplayer-5.9/readme.html':[
7,
],
'project:Silverpeas-Core-master/war-core/src/main/webapp/wysiwyg/jsp/htmlEditor.jsp':[
251,
],
'project:Silverpeas-Core-master/war-core/src/main/webapp/wysiwyg/jsp/uploadFile.jsp':[
111,
],
'project:external_webkit-jb-mr1/LayoutTests/dom/html/level1/core/resources/COPYRIGHT.html':[
7,
],
'project:external_webkit-jb-mr1/LayoutTests/dom/html/level2/core/resources/COPYRIGHT.html':[
7,
],
'project:external_webkit-jb-mr1/LayoutTests/dom/html/level2/events/resources/COPYRIGHT.html':[
7,
],
'project:external_webkit-jb-mr1/LayoutTests/dom/html/level2/html/HTMLStyleElement01.html':[
5,
],
'project:external_webkit-jb-mr1/LayoutTests/dom/html/level2/html/HTMLStyleElement02.html':[
5,
],
'project:external_webkit-jb-mr1/LayoutTests/dom/html/level2/html/HTMLStyleElement03.html':[
5,
],
'project:external_webkit-jb-mr1/LayoutTests/dom/html/level2/html/resources/COPYRIGHT.html':[
7,
],
'project:external_webkit-jb-mr1/LayoutTests/dom/xhtml/level2/html/HTMLStyleElement01.xhtml':[
7,
],
'project:external_webkit-jb-mr1/LayoutTests/dom/xhtml/level2/html/HTMLStyleElement02.xhtml':[
7,
],
'project:external_webkit-jb-mr1/LayoutTests/dom/xhtml/level2/html/HTMLStyleElement03.xhtml':[
7,
],
'project:external_webkit-jb-mr1/LayoutTests/dom/xhtml/level3/core/resources/COPYRIGHT.xhtml':[
7,
],
'project:external_webkit-jb-mr1/LayoutTests/fast/dom/HTMLLinkElement/pending-stylesheet-count.html':[
3,
],
'project:external_webkit-jb-mr1/LayoutTests/fast/dom/beforeload/link-before-load.html':[
3,
],
'project:external_webkit-jb-mr1/LayoutTests/fast/dom/beforeload/pi-before-load.xhtml':[
4,
],
'project:external_webkit-jb-mr1/LayoutTests/fast/encoding/css-charset-default.xhtml':[
10,
],
'project:external_webkit-jb-mr1/LayoutTests/fast/encoding/invalid-UTF-8-2.html':[
4,
],
'project:external_webkit-jb-mr1/LayoutTests/fast/encoding/invalid-UTF-8.html':[
4,
],
'project:external_webkit-jb-mr1/LayoutTests/fast/encoding/resources/001.html':[
8,
],
'project:external_webkit-jb-mr1/LayoutTests/fast/encoding/resources/002.html':[
8,
],
'project:external_webkit-jb-mr1/LayoutTests/fast/encoding/resources/003.html':[
8,
],
'project:external_webkit-jb-mr1/LayoutTests/fast/encoding/resources/004.html':[
8,
],
'project:external_webkit-jb-mr1/LayoutTests/fast/encoding/resources/005.html':[
8,
],
'project:external_webkit-jb-mr1/LayoutTests/fast/encoding/resources/006.html':[
10,
],
'project:external_webkit-jb-mr1/LayoutTests/fast/encoding/resources/007.html':[
8,
],
'project:external_webkit-jb-mr1/LayoutTests/fast/encoding/resources/008.html':[
8,
],
'project:external_webkit-jb-mr1/LayoutTests/fast/encoding/resources/009.html':[
8,
],
'project:external_webkit-jb-mr1/LayoutTests/fast/encoding/resources/010.html':[
8,
],
'project:external_webkit-jb-mr1/LayoutTests/fast/encoding/resources/011.html':[
8,
],
'project:external_webkit-jb-mr1/LayoutTests/fast/encoding/resources/012.html':[
8,
],
'project:external_webkit-jb-mr1/LayoutTests/fast/encoding/resources/013.html':[
8,
],
'project:external_webkit-jb-mr1/LayoutTests/fast/encoding/resources/014.html':[
8,
],
'project:external_webkit-jb-mr1/LayoutTests/fast/encoding/resources/015.html':[
8,
],
'project:external_webkit-jb-mr1/LayoutTests/fast/encoding/resources/016.html':[
8,
],
'project:external_webkit-jb-mr1/LayoutTests/fast/encoding/resources/017.html':[
8,
],
'project:external_webkit-jb-mr1/LayoutTests/fast/encoding/resources/018.html':[
8,
],
'project:external_webkit-jb-mr1/LayoutTests/fast/encoding/resources/019.html':[
8,
],
'project:external_webkit-jb-mr1/LayoutTests/fast/encoding/resources/020.html':[
8,
],
'project:external_webkit-jb-mr1/LayoutTests/fast/encoding/resources/021.html':[
8,
],
'project:external_webkit-jb-mr1/LayoutTests/fast/encoding/resources/022.html':[
12,
],
'project:external_webkit-jb-mr1/LayoutTests/fast/encoding/resources/023.html':[
12,
],
'project:external_webkit-jb-mr1/LayoutTests/fast/encoding/resources/024.html':[
12,
],
'project:external_webkit-jb-mr1/LayoutTests/fast/encoding/resources/025.html':[
10,
],
'project:external_webkit-jb-mr1/LayoutTests/fast/encoding/resources/026.html':[
10,
],
'project:external_webkit-jb-mr1/LayoutTests/fast/encoding/resources/027.html':[
10,
],
'project:external_webkit-jb-mr1/LayoutTests/fast/encoding/resources/028.html':[
10,
],
'project:external_webkit-jb-mr1/LayoutTests/fast/encoding/resources/029.html':[
10,
],
'project:external_webkit-jb-mr1/LayoutTests/fast/encoding/resources/030.html':[
10,
],
'project:external_webkit-jb-mr1/LayoutTests/fast/encoding/resources/031.html':[
10,
],
'project:external_webkit-jb-mr1/LayoutTests/fast/encoding/resources/032.html':[
8,
],
'project:external_webkit-jb-mr1/LayoutTests/fast/encoding/resources/033.html':[
10,
],
'project:external_webkit-jb-mr1/LayoutTests/fast/encoding/resources/034.html':[
12,
],
'project:external_webkit-jb-mr1/LayoutTests/fast/encoding/resources/035.html':[
12,
],
'project:external_webkit-jb-mr1/LayoutTests/fast/encoding/resources/036.html':[
12,
],
'project:external_webkit-jb-mr1/LayoutTests/fast/encoding/resources/037.html':[
12,
],
'project:external_webkit-jb-mr1/LayoutTests/fast/encoding/resources/038.html':[
10,
],
'project:external_webkit-jb-mr1/LayoutTests/fast/encoding/resources/039.html':[
10,
],
'project:external_webkit-jb-mr1/LayoutTests/fast/encoding/resources/040.html':[
10,
],
'project:external_webkit-jb-mr1/LayoutTests/fast/encoding/resources/041.html':[
10,
],
'project:external_webkit-jb-mr1/LayoutTests/fast/encoding/resources/042.html':[
8,
],
'project:external_webkit-jb-mr1/LayoutTests/fast/encoding/resources/043.html':[
10,
],
'project:external_webkit-jb-mr1/LayoutTests/fast/encoding/resources/044.html':[
8,
],
'project:external_webkit-jb-mr1/LayoutTests/fast/encoding/resources/045.html':[
8,
],
'project:external_webkit-jb-mr1/LayoutTests/fast/encoding/resources/046.html':[
8,
],
'project:external_webkit-jb-mr1/LayoutTests/fast/encoding/resources/047.html':[
8,
],
'project:external_webkit-jb-mr1/LayoutTests/fast/encoding/resources/048.html':[
8,
],
'project:external_webkit-jb-mr1/LayoutTests/fast/encoding/resources/049.html':[
8,
],
'project:external_webkit-jb-mr1/LayoutTests/fast/encoding/resources/050.html':[
8,
],
'project:external_webkit-jb-mr1/LayoutTests/fast/encoding/resources/051.html':[
8,
],
'project:external_webkit-jb-mr1/LayoutTests/fast/encoding/resources/052.html':[
8,
],
'project:external_webkit-jb-mr1/LayoutTests/fast/encoding/resources/053.html':[
8,
],
'project:external_webkit-jb-mr1/LayoutTests/fast/encoding/resources/054.html':[
8,
],
'project:external_webkit-jb-mr1/LayoutTests/fast/encoding/resources/055.html':[
16,
],
'project:external_webkit-jb-mr1/LayoutTests/fast/encoding/resources/056.html':[
8,
],
'project:external_webkit-jb-mr1/LayoutTests/fast/encoding/resources/057.html':[
8,
],
'project:external_webkit-jb-mr1/LayoutTests/fast/encoding/resources/058.html':[
8,
],
'project:external_webkit-jb-mr1/LayoutTests/fast/encoding/resources/059.html':[
8,
],
'project:external_webkit-jb-mr1/LayoutTests/fast/encoding/resources/060.html':[
2,
8,
],
'project:external_webkit-jb-mr1/LayoutTests/fast/encoding/resources/061.html':[
8,
],
'project:external_webkit-jb-mr1/LayoutTests/fast/encoding/resources/062.html':[
10,
],
'project:external_webkit-jb-mr1/LayoutTests/fast/encoding/resources/063.html':[
10,
],
'project:external_webkit-jb-mr1/LayoutTests/fast/encoding/resources/064.html':[
2,
10,
],
'project:external_webkit-jb-mr1/LayoutTests/fast/encoding/resources/065.html':[
10,
],
'project:external_webkit-jb-mr1/LayoutTests/fast/encoding/resources/066.html':[
10,
],
'project:external_webkit-jb-mr1/LayoutTests/fast/encoding/resources/067.html':[
8,
],
'project:external_webkit-jb-mr1/LayoutTests/fast/encoding/resources/068.html':[
8,
],
'project:external_webkit-jb-mr1/LayoutTests/fast/encoding/resources/069.html':[
10,
],
'project:external_webkit-jb-mr1/LayoutTests/fast/encoding/resources/070.html':[
10,
],
'project:external_webkit-jb-mr1/LayoutTests/fast/encoding/resources/071.html':[
8,
],
'project:external_webkit-jb-mr1/LayoutTests/fast/encoding/resources/072.html':[
8,
],
'project:external_webkit-jb-mr1/LayoutTests/fast/encoding/resources/073.html':[
8,
],
'project:external_webkit-jb-mr1/LayoutTests/fast/encoding/resources/074.html':[
8,
],
'project:external_webkit-jb-mr1/LayoutTests/fast/encoding/resources/075.html':[
8,
],
'project:external_webkit-jb-mr1/LayoutTests/fast/encoding/resources/076.html':[
8,
],
'project:external_webkit-jb-mr1/LayoutTests/fast/encoding/resources/077.html':[
8,
],
'project:external_webkit-jb-mr1/LayoutTests/fast/encoding/resources/078.html':[
8,
],
'project:external_webkit-jb-mr1/LayoutTests/fast/encoding/resources/079.html':[
8,
],
'project:external_webkit-jb-mr1/LayoutTests/fast/encoding/resources/080.html':[
8,
],
'project:external_webkit-jb-mr1/LayoutTests/fast/encoding/resources/081.html':[
8,
],
'project:external_webkit-jb-mr1/LayoutTests/fast/encoding/resources/082.html':[
8,
],
'project:external_webkit-jb-mr1/LayoutTests/fast/encoding/resources/083.html':[
8,
],
'project:external_webkit-jb-mr1/LayoutTests/fast/encoding/resources/084.html':[
8,
],
'project:external_webkit-jb-mr1/LayoutTests/fast/encoding/resources/085.html':[
8,
],
'project:external_webkit-jb-mr1/LayoutTests/fast/encoding/resources/086.html':[
8,
],
'project:external_webkit-jb-mr1/LayoutTests/fast/encoding/resources/087.html':[
8,
],
'project:external_webkit-jb-mr1/LayoutTests/fast/encoding/resources/088.html':[
8,
],
'project:external_webkit-jb-mr1/LayoutTests/fast/encoding/resources/089.html':[
8,
],
'project:external_webkit-jb-mr1/LayoutTests/fast/encoding/resources/090.html':[
8,
],
'project:external_webkit-jb-mr1/LayoutTests/fast/encoding/resources/091.html':[
8,
],
'project:external_webkit-jb-mr1/LayoutTests/fast/encoding/resources/092.html':[
8,
],
'project:external_webkit-jb-mr1/LayoutTests/fast/encoding/resources/093.html':[
8,
],
'project:external_webkit-jb-mr1/LayoutTests/fast/encoding/resources/094.html':[
8,
],
'project:external_webkit-jb-mr1/LayoutTests/fast/encoding/resources/095.html':[
8,
],
'project:external_webkit-jb-mr1/LayoutTests/fast/encoding/resources/096.html':[
10,
],
'project:external_webkit-jb-mr1/LayoutTests/fast/encoding/resources/097.html':[
8,
],
'project:external_webkit-jb-mr1/LayoutTests/fast/encoding/resources/098.html':[
12,
],
'project:external_webkit-jb-mr1/LayoutTests/fast/encoding/resources/099.html':[
10,
],
'project:external_webkit-jb-mr1/LayoutTests/fast/encoding/resources/100.html':[
10,
],
'project:external_webkit-jb-mr1/LayoutTests/fast/encoding/resources/101.html':[
10,
],
'project:external_webkit-jb-mr1/LayoutTests/fast/encoding/resources/102.html':[
10,
],
'project:external_webkit-jb-mr1/LayoutTests/fast/encoding/resources/103.html':[
8,
],
'project:external_webkit-jb-mr1/LayoutTests/fast/encoding/resources/104.html':[
8,
],
'project:external_webkit-jb-mr1/LayoutTests/fast/encoding/resources/105.html':[
8,
],
'project:external_webkit-jb-mr1/LayoutTests/fast/encoding/resources/106.html':[
8,
],
'project:external_webkit-jb-mr1/LayoutTests/fast/encoding/resources/107.html':[
8,
],
'project:external_webkit-jb-mr1/LayoutTests/fast/encoding/resources/108.html':[
8,
],
'project:external_webkit-jb-mr1/LayoutTests/fast/encoding/resources/109.html':[
8,
],
'project:external_webkit-jb-mr1/LayoutTests/fast/encoding/resources/110.html':[
16,
],
'project:external_webkit-jb-mr1/LayoutTests/fast/encoding/resources/111.html':[
26,
],
'project:external_webkit-jb-mr1/LayoutTests/fast/encoding/resources/112.html':[
8,
],
'project:external_webkit-jb-mr1/LayoutTests/fast/encoding/resources/113.html':[
8,
],
'project:external_webkit-jb-mr1/LayoutTests/fast/encoding/resources/114.html':[
8,
],
'project:external_webkit-jb-mr1/LayoutTests/fast/encoding/resources/115.html':[
8,
],
'project:external_webkit-jb-mr1/LayoutTests/fast/encoding/resources/116.html':[
8,
],
'project:external_webkit-jb-mr1/LayoutTests/fast/encoding/resources/117.html':[
8,
],
'project:external_webkit-jb-mr1/LayoutTests/fast/encoding/resources/118.html':[
8,
],
'project:external_webkit-jb-mr1/LayoutTests/fast/encoding/resources/119.html':[
8,
],
'project:external_webkit-jb-mr1/LayoutTests/fast/encoding/resources/120.html':[
8,
],
'project:external_webkit-jb-mr1/LayoutTests/fast/encoding/resources/121.html':[
8,
],
'project:external_webkit-jb-mr1/LayoutTests/fast/encoding/resources/122.html':[
8,
],
'project:external_webkit-jb-mr1/LayoutTests/fast/encoding/resources/123.html':[
8,
],
'project:external_webkit-jb-mr1/LayoutTests/fast/events/touch/touch-active-state.html':[
5,
],
'project:external_webkit-jb-mr1/LayoutTests/fast/events/touch/touch-coords-in-zoom-and-scroll.html':[
3,
],
'project:external_webkit-jb-mr1/LayoutTests/fast/leaks/001.html':[
5,
],
'project:external_webkit-jb-mr1/LayoutTests/fast/xpath/ambiguous-operators.html':[
6,
],
'project:external_webkit-jb-mr1/LayoutTests/fast/xpath/preceding-axis.xhtml':[
6,
],
'project:external_webkit-jb-mr1/LayoutTests/fast/xpath/union-context-node.xhtml':[
6,
],
'project:external_webkit-jb-mr1/PerformanceTests/Parser/resources/html5.html':[
83,
111,
170,
],
'project:external_webkit-jb-mr1/PerformanceTests/XSSFilter/large-post-many-events.html':[
6,
],
'project:external_webkit-jb-mr1/Source/WebCore/manual-tests/animate-duration.html':[
9,
],
'project:external_webkit-jb-mr1/Source/WebCore/manual-tests/animate-left.html':[
8,
],
'project:external_webkit-jb-mr1/Source/WebCore/manual-tests/animate-none.html':[
9,
],
'project:external_webkit-jb-mr1/Source/WebCore/manual-tests/animation-with-transition.html':[
5,
],
'project:external_webkit-jb-mr1/Source/WebCore/manual-tests/animation/transitions-and-paused-animations.html':[
8,
],
'project:external_webkit-jb-mr1/Source/WebCore/manual-tests/autocorrection/autocorrection-cancelled-by-ESC.html':[
4,
],
'project:external_webkit-jb-mr1/Source/WebCore/manual-tests/autocorrection/autocorrection-cancelled-by-typing-1.html':[
4,
],
'project:external_webkit-jb-mr1/Source/WebCore/manual-tests/autocorrection/autocorrection-contraction.html':[
4,
],
'project:external_webkit-jb-mr1/Source/WebCore/manual-tests/autocorrection/close-window-when-correction-is-shown.html':[
4,
],
'project:external_webkit-jb-mr1/Source/WebCore/manual-tests/autocorrection/continue-typing-to-dismiss-reversion.html':[
4,
],
'project:external_webkit-jb-mr1/Source/WebCore/manual-tests/autocorrection/delete-to-dismiss-reversion.html':[
4,
],
'project:external_webkit-jb-mr1/Source/WebCore/manual-tests/autocorrection/delete-to-end-of-word-to-show-reversion.html':[
4,
],
'project:external_webkit-jb-mr1/Source/WebCore/manual-tests/autocorrection/dismiss-multiple-guesses.html':[
4,
],
'project:external_webkit-jb-mr1/Source/WebCore/manual-tests/autocorrection/document-for-iframe-test.html':[
3,
],
'project:external_webkit-jb-mr1/Source/WebCore/manual-tests/autocorrection/move-to-end-of-word-to-show-reversion.html':[
4,
],
'project:external_webkit-jb-mr1/Source/WebCore/manual-tests/autocorrection/select-from-multiple-guesses.html':[
4,
],
'project:external_webkit-jb-mr1/Source/WebCore/manual-tests/autocorrection/spell-checking-after-reversion.html':[
4,
],
'project:external_webkit-jb-mr1/Source/WebCore/manual-tests/autocorrection/spellcheck-on-contraction-when-autocorrection-is-off.html':[
4,
],
'project:external_webkit-jb-mr1/Source/WebCore/manual-tests/autocorrection/type-whitespace-to-dismiss-reversion.html':[
4,
],
'project:external_webkit-jb-mr1/Source/WebCore/manual-tests/autocorrection/undo-autocorrection.html':[
4,
],
'project:external_webkit-jb-mr1/Source/WebCore/manual-tests/bidi-parens.html':[
3,
],
'project:external_webkit-jb-mr1/Source/WebCore/manual-tests/bugzilla-6821.html':[
5,
],
'project:external_webkit-jb-mr1/Source/WebCore/manual-tests/canvas-mask-redraw.html':[
8,
],
'project:external_webkit-jb-mr1/Source/WebCore/manual-tests/compositing/accel-comp-iframe-tab-repaint.html':[
3,
],
'project:external_webkit-jb-mr1/Source/WebCore/manual-tests/compositing/assert-on-tab-switch.html':[
5,
],
'project:external_webkit-jb-mr1/Source/WebCore/manual-tests/compositing/caret-in-compositing-frame.html':[
1,
],
'project:external_webkit-jb-mr1/Source/WebCore/manual-tests/compositing/font-smoothing.html':[
4,
],
'project:external_webkit-jb-mr1/Source/WebCore/manual-tests/compositing/missing-iframe-contents.html':[
5,
],
'project:external_webkit-jb-mr1/Source/WebCore/manual-tests/compositing/resources/composited-subframe.html':[
5,
],
'project:external_webkit-jb-mr1/Source/WebCore/manual-tests/compositing/resources/editable-compositing-subframe.html':[
1,
],
'project:external_webkit-jb-mr1/Source/WebCore/manual-tests/compositing/resources/tab-repaint-part-2.html':[
3,
],
'project:external_webkit-jb-mr1/Source/WebCore/manual-tests/compositing/show-composited-iframe-on-back-button.html':[
13,
],
'project:external_webkit-jb-mr1/Source/WebCore/manual-tests/computed-transform-value.html':[
8,
],
'project:external_webkit-jb-mr1/Source/WebCore/manual-tests/containing-block-position-change.html':[
4,
],
'project:external_webkit-jb-mr1/Source/WebCore/manual-tests/contenteditable-link.html':[
6,
],
'project:external_webkit-jb-mr1/Source/WebCore/manual-tests/context-click-generated-content.html':[
1,
],
'project:external_webkit-jb-mr1/Source/WebCore/manual-tests/crash-and-no-repaint-after-wake-from-sleep.html':[
9,
],
'project:external_webkit-jb-mr1/Source/WebCore/manual-tests/cursor-max-size.html':[
4,
],
'project:external_webkit-jb-mr1/Source/WebCore/manual-tests/database-threading-stress-test.html':[
5,
],
'project:external_webkit-jb-mr1/Source/WebCore/manual-tests/deleteToEndOfLine.html':[
4,
],
'project:external_webkit-jb-mr1/Source/WebCore/manual-tests/dom-manipulation-on-resize.html':[
2,
],
'project:external_webkit-jb-mr1/Source/WebCore/manual-tests/dom/form-control-for-label.html':[
2,
],
'project:external_webkit-jb-mr1/Source/WebCore/manual-tests/drag-cursor-notallowed.html':[
3,
],
'project:external_webkit-jb-mr1/Source/WebCore/manual-tests/drag-with-div-or-image-as-data-image.html':[
4,
],
'project:external_webkit-jb-mr1/Source/WebCore/manual-tests/drag_with_opacity.html':[
6,
],
'project:external_webkit-jb-mr1/Source/WebCore/manual-tests/first-line-style-crash.html':[
4,
],
'project:external_webkit-jb-mr1/Source/WebCore/manual-tests/frames/nested-iframe-blit-on-scroll.html':[
3,
],
'project:external_webkit-jb-mr1/Source/WebCore/manual-tests/frames/resources/blit-on-scroll-subframe.html':[
1,
],
'project:external_webkit-jb-mr1/Source/WebCore/manual-tests/frames/resources/blit-on-scroll-subsubframe.html':[
1,
],
'project:external_webkit-jb-mr1/Source/WebCore/manual-tests/gtk/plugin-resize-scroll.html':[
3,
],
'project:external_webkit-jb-mr1/Source/WebCore/manual-tests/hash-ref.html':[
4,
],
'project:external_webkit-jb-mr1/Source/WebCore/manual-tests/inline-input-marking.html':[
4,
],
'project:external_webkit-jb-mr1/Source/WebCore/manual-tests/input-number-localization.html':[
5,
],
'project:external_webkit-jb-mr1/Source/WebCore/manual-tests/inspector/bp-in-named-eval-after-reload.html':[
1,
],
'project:external_webkit-jb-mr1/Source/WebCore/manual-tests/inspector/highlight-nodes.html':[
1,
],
'project:external_webkit-jb-mr1/Source/WebCore/manual-tests/inspector/remember-last-script.html':[
1,
],
'project:external_webkit-jb-mr1/Source/WebCore/manual-tests/interrupted-compound-transform.html':[
8,
],
'project:external_webkit-jb-mr1/Source/WebCore/manual-tests/item-background.html':[
1,
],
'project:external_webkit-jb-mr1/Source/WebCore/manual-tests/korean-input-space.html':[
4,
],
'project:external_webkit-jb-mr1/Source/WebCore/manual-tests/mask-composite-missing-images.html':[
3,
],
'project:external_webkit-jb-mr1/Source/WebCore/manual-tests/match-marker-rects.html':[
1,
],
'project:external_webkit-jb-mr1/Source/WebCore/manual-tests/media-controls-when-javascript-disabled.html':[
3,
],
'project:external_webkit-jb-mr1/Source/WebCore/manual-tests/media-controls.html':[
3,
],
'project:external_webkit-jb-mr1/Source/WebCore/manual-tests/no-listbox-rendering.html':[
3,
],
'project:external_webkit-jb-mr1/Source/WebCore/manual-tests/no-repaint-after-wake-from-sleep.html':[
8,
],
'project:external_webkit-jb-mr1/Source/WebCore/manual-tests/partially-opaque-form-elements.html':[
2,
],
'project:external_webkit-jb-mr1/Source/WebCore/manual-tests/partially-opaque-text-input.html':[
2,
],
'project:external_webkit-jb-mr1/Source/WebCore/manual-tests/plug-in-mutates-NSView-hierarchy-during-resize.html':[
1,
],
'project:external_webkit-jb-mr1/Source/WebCore/manual-tests/plugins/object-clipping.html':[
6,
],
'project:external_webkit-jb-mr1/Source/WebCore/manual-tests/plugins/plugin-paint-causes-layout.html':[
5,
],
'project:external_webkit-jb-mr1/Source/WebCore/manual-tests/plugins/windowed.html':[
6,
],
'project:external_webkit-jb-mr1/Source/WebCore/manual-tests/plugins/windowless.html':[
6,
],
'project:external_webkit-jb-mr1/Source/WebCore/manual-tests/pointer-events.html':[
7,
],
'project:external_webkit-jb-mr1/Source/WebCore/manual-tests/pop-up-alignment-and-direction.html':[
1,
],
'project:external_webkit-jb-mr1/Source/WebCore/manual-tests/pre-tab-selection-rect.html':[
4,
],
'project:external_webkit-jb-mr1/Source/WebCore/manual-tests/print-with-height-transition-in-screen-stylesheet.html':[
2,
],
'project:external_webkit-jb-mr1/Source/WebCore/manual-tests/qt/plugin-iframe.html':[
3,
],
'project:external_webkit-jb-mr1/Source/WebCore/manual-tests/qt/qtplugin-scrolling.html':[
3,
],
'project:external_webkit-jb-mr1/Source/WebCore/manual-tests/resources/chrome-bidi-text-window.html':[
3,
],
'project:external_webkit-jb-mr1/Source/WebCore/manual-tests/resources/hash-ref-test.html':[
4,
],
'project:external_webkit-jb-mr1/Source/WebCore/manual-tests/resources/hover-subframe-1.html':[
4,
],
'project:external_webkit-jb-mr1/Source/WebCore/manual-tests/resources/hover-subframe-2.html':[
4,
],
'project:external_webkit-jb-mr1/Source/WebCore/manual-tests/scrollbar-hover-active.html':[
2,
],
'project:external_webkit-jb-mr1/Source/WebCore/manual-tests/select-webkit-appearance-off-narrow-select.html':[
5,
],
'project:external_webkit-jb-mr1/Source/WebCore/manual-tests/simple-image-compositing.html':[
8,
],
'project:external_webkit-jb-mr1/Source/WebCore/manual-tests/textarea-focus.html':[
5,
],
'project:external_webkit-jb-mr1/Source/WebCore/manual-tests/transition-accelerated.html':[
5,
],
'project:external_webkit-jb-mr1/Source/WebCore/manual-tests/transition-delay.html':[
8,
],
'project:external_webkit-jb-mr1/Source/WebCore/manual-tests/transition-events.html':[
8,
],
'project:external_webkit-jb-mr1/Source/WebCore/manual-tests/transition-left.html':[
8,
],
'project:external_webkit-jb-mr1/Source/WebCore/manual-tests/transition-timing-functions.html':[
7,
],
'project:external_webkit-jb-mr1/Source/WebCore/manual-tests/transitions.html':[
1,
],
'project:external_webkit-jb-mr1/Source/WebCore/manual-tests/transitions2.html':[
1,
],
'project:external_webkit-jb-mr1/Source/WebCore/manual-tests/video-player.html':[
1,
],
'project:external_webkit-jb-mr1/Source/WebCore/manual-tests/visited-link-new-window.html':[
5,
],
'project:external_webkit-jb-mr1/Source/WebCore/manual-tests/win/contextmenu-key.html':[
4,
],
'project:external_webkit-jb-mr1/Source/WebCore/manual-tests/win/milliondollar.html':[
6,
],
'project:external_webkit-jb-mr1/Source/WebKit/gtk/resources/error.html':[
4,
],
'project:external_webkit-jb-mr1/Source/WebKit/qt/tests/hybridPixmap/test.html':[
3,
],
'project:external_webkit-jb-mr1/Source/WebKit/qt/tests/qwebframe/resources/testiframe.html':[
5,
],
'project:external_webkit-jb-mr1/Source/WebKit/qt/tests/qwebframe/resources/testiframe2.html':[
5,
],
'project:external_webkit-jb-mr1/Tools/QueueStatusServer/templates/recentstatus.html':[
6,
],
'project:external_webkit-jb-mr1/Tools/QueueStatusServer/templates/statusbubble.html':[
4,
],
'project:external_webkit-jb-mr1/Tools/Scripts/webkitpy/layout_tests/layout_package/json_results.html':[
2,
],
'project:external_webkit-jb-mr1/Tools/iExploder/iexploder-1.7.2/src/index.html':[
5,
],
'project:external_webkit-jb-mr1/Tools/iExploder/iexploder-1.7.2/testcases/testcase-U_Linux_x86_64_en-US_AppleWebKit-534.6_Chrome-7.0.503.1-TEST-121240-3_81,3.html':[
5,
],
'project:phpMyAdmin-4.0.4-english/libraries/error.inc.php':[
24,
],
'project:sonar-master/plugins/sonar-core-plugin/src/main/resources/org/sonar/plugins/core/web/lcom4_viewer.html.erb':[
1,
],
'project:sonar-master/plugins/sonar-core-plugin/src/main/resources/org/sonar/plugins/core/widgets/complexity.html.erb':[
63,
],
'project:sonar-master/plugins/sonar-design-plugin/src/main/resources/org/sonar/plugins/design/ui/dependencies/dependencies_viewer.html.erb':[
1,
],
'project:sonar-master/sonar-server/src/main/webapp/401.html':[
9,
],
'project:sonar-master/sonar-server/src/main/webapp/404.html':[
9,
],
'project:sonar-master/sonar-server/src/main/webapp/500.html':[
7,
],
'project:sonar-master/sonar-server/src/main/webapp/WEB-INF/app/views/account/index.html.erb':[
2,
],
'project:sonar-master/sonar-server/src/main/webapp/WEB-INF/app/views/cloud/index.html.erb':[
1,
],
'project:sonar-master/sonar-server/src/main/webapp/WEB-INF/app/views/comparison/index.html.erb':[
2,
],
'project:sonar-master/sonar-server/src/main/webapp/WEB-INF/app/views/dependencies/index.html.erb':[
2,
],
'project:sonar-master/sonar-server/src/main/webapp/WEB-INF/app/views/email_configuration/index.html.erb':[
1,
],
'project:sonar-master/sonar-server/src/main/webapp/WEB-INF/app/views/encryption_configuration/generate_secret_form.html.erb':[
1,
],
'project:sonar-master/sonar-server/src/main/webapp/WEB-INF/app/views/encryption_configuration/index.html.erb':[
1,
],
'project:sonar-master/sonar-server/src/main/webapp/WEB-INF/app/views/maintenance/index.html.erb':[
1,
],
'project:sonar-master/sonar-server/src/main/webapp/WEB-INF/app/views/manual_measures/index.html.erb':[
1,
],
'project:sonar-master/sonar-server/src/main/webapp/WEB-INF/app/views/project/history.html.erb':[
2,
],
'project:sonar-master/sonar-server/src/main/webapp/WEB-INF/app/views/project/links.html.erb':[
4,
],
'project:sonar-master/sonar-server/src/main/webapp/WEB-INF/app/views/server_id_configuration/index.html.erb':[
1,
],
'project:sonar-master/sonar-server/src/main/webapp/WEB-INF/app/views/updatecenter/system_updates.html.erb':[
1,
],
'project:sonar-master/sonar-server/src/main/webapp/WEB-INF/gems/gems/actionpack-2.3.15/lib/action_controller/templates/rescues/layout.erb':[
4,
],
'project:sonar-master/sonar-server/src/main/webapp/WEB-INF/gems/gems/rails-2.3.15/html/404.html':[
9,
],
'project:sonar-master/sonar-server/src/main/webapp/WEB-INF/gems/gems/rails-2.3.15/html/422.html':[
9,
],
'project:sonar-master/sonar-server/src/main/webapp/WEB-INF/gems/gems/rails-2.3.15/html/500.html':[
9,
],
'project:sonar-master/sonar-server/src/main/webapp/WEB-INF/gems/gems/rails-2.3.15/html/index.html':[
7,
],
'project:voten/resources/views/errors/403.blade.php':[
8,
],
'project:voten/resources/views/errors/503.blade.php':[
8,
],
'project:voten/resources/views/vendor/mail/html/layout.blade.php':[
8,
],
'project:voten/resources/views/vendor/notifications/email.blade.php':[
8,
],
}
