{
'project:Silverpeas-Core-master/war-core/src/main/webapp/admin/jsp/alreadyRegistered.jsp':[
73,
],
'project:Silverpeas-Core-master/war-core/src/main/webapp/admin/jsp/newRegistration.jsp':[
258,
],
'project:Silverpeas-Core-master/war-core/src/main/webapp/admin/jsp/registerFromRemoteSocialNetwork.jsp':[
255,
],
'project:Silverpeas-Core-master/war-core/src/main/webapp/applicationIndexer/jsp/didYouMeanIndexer.jsp':[
156,
],
'project:Silverpeas-Core-master/war-core/src/main/webapp/defaultLogin.jsp':[
287,
],
'project:Silverpeas-Core-master/war-core/src/main/webapp/form/jsp/editor.jsp':[
323,
],
'project:Silverpeas-Core-master/war-core/src/main/webapp/jobStartPagePeas/jsp/roleInstance.jsp':[
148,
],
'project:Silverpeas-Core-master/war-core/src/main/webapp/loginAuto.jsp':[
271,
],
'project:Silverpeas-Core-master/war-core/src/main/webapp/pdcPeas/jsp/addPdc_test.jsp':[
98,
],
'project:Silverpeas-Core-master/war-core/src/main/webapp/pdcPeas/jsp/searchResult.jsp':[
183,
],
'project:Silverpeas-Core-master/war-core/src/main/webapp/pdcPeas/jsp/webTab.jsp':[
150,
151,
],
'project:Silverpeas-Core-master/war-core/src/main/webapp/portlet/jsp/admin/colHeader.jsp':[
134,
],
'project:Silverpeas-Core-master/war-core/src/main/webapp/portlet/jsp/admin/portletTitle.jsp':[
81,
111,
],
'project:Silverpeas-Core-master/war-core/src/main/webapp/portlet/jsp/jsr/create-portlet.jsp':[
91,
],
'project:Silverpeas-Core-master/war-core/src/main/webapp/portlet/jsp/jsr/deploy-portlet.jsp':[
70,
],
'project:Silverpeas-Core-master/war-core/src/main/webapp/portlet/jsp/jsr/layout-1.jsp':[
72,
76,
],
'project:Silverpeas-Core-master/war-core/src/main/webapp/portlet/jsp/jsr/portletSP.jsp':[
92,
],
'project:Silverpeas-Core-master/war-core/src/main/webapp/portlet/jsp/portletmin.jsp':[
47,
],
'project:Silverpeas-Core-master/war-core/src/main/webapp/sharing/jsp/displayTicketInfo.jsp':[
57,
],
'project:Silverpeas-Core-master/war-core/src/main/webapp/socialNetwork/jsp/myContactProfil/myContactProfileTabIdentity.jsp':[
41,
],
'project:Silverpeas-Core-master/war-core/src/main/webapp/socialNetwork/jsp/myProfil/myProfileTabIdentity.jsp':[
70,
],
'project:Silverpeas-Core-master/war-core/src/main/webapp/socialNetwork/jsp/myProfil/myProfileTabSettings.jsp':[
38,
],
'project:external_webkit-jb-mr1/Examples/NetscapeCoreAnimationMoviePlugin/test.html':[
8,
],
'project:external_webkit-jb-mr1/LayoutTests/dom/xhtml/level2/html/HTMLBodyElement01.xhtml':[
7,
],
'project:external_webkit-jb-mr1/LayoutTests/dom/xhtml/level2/html/HTMLBodyElement02.xhtml':[
7,
],
'project:external_webkit-jb-mr1/LayoutTests/dom/xhtml/level2/html/HTMLBodyElement03.xhtml':[
7,
],
'project:external_webkit-jb-mr1/LayoutTests/dom/xhtml/level2/html/HTMLBodyElement04.xhtml':[
7,
],
'project:external_webkit-jb-mr1/LayoutTests/dom/xhtml/level2/html/HTMLBodyElement05.xhtml':[
7,
],
'project:external_webkit-jb-mr1/LayoutTests/dom/xhtml/level2/html/HTMLBodyElement06.xhtml':[
7,
],
'project:external_webkit-jb-mr1/LayoutTests/dom/xhtml/level2/html/body01.xhtml':[
7,
],
'project:external_webkit-jb-mr1/LayoutTests/fast/encoding/hanarei-blog32-fc2-com.html':[
13,
],
'project:external_webkit-jb-mr1/LayoutTests/fast/encoding/resources/040.html':[
2,
],
'project:external_webkit-jb-mr1/LayoutTests/fast/encoding/resources/041.html':[
2,
],
'project:external_webkit-jb-mr1/LayoutTests/fast/xpath/4XPath/Borrowed/od_20000608.html':[
1,
],
'project:external_webkit-jb-mr1/PerformanceTests/Parser/resources/html5.html':[
196,
1256,
3883,
4103,
4258,
5533,
6365,
7614,
8738,
9731,
9978,
11080,
12588,
12603,
13021,
13050,
13263,
13428,
13706,
15589,
17421,
17607,
17815,
18199,
18926,
19608,
21903,
22195,
22262,
22498,
23114,
23253,
23374,
23380,
23400,
23406,
23623,
24147,
24250,
24770,
25530,
25563,
26313,
27178,
27256,
27615,
27924,
28674,
29238,
31113,
31115,
31134,
32799,
32813,
34631,
34632,
34636,
34637,
34638,
34639,
34641,
34645,
34650,
34655,
34656,
34660,
34661,
34662,
34663,
34665,
34669,
34674,
34679,
34680,
34684,
34685,
34686,
34687,
34689,
34693,
34698,
34703,
34704,
34708,
34709,
34710,
34711,
34713,
34717,
34722,
34727,
34728,
34732,
34733,
34734,
34735,
34737,
34741,
34746,
34751,
34752,
34756,
34757,
34758,
34759,
34761,
34765,
34770,
34775,
34776,
34780,
34781,
34782,
34783,
34785,
34789,
34794,
34799,
34800,
34804,
34805,
34806,
34807,
34809,
34813,
34818,
34823,
34824,
34828,
34829,
34830,
34831,
34833,
34837,
34842,
34847,
34848,
34852,
34853,
34854,
34855,
34857,
34861,
34866,
34871,
34872,
34876,
34877,
34878,
34879,
34881,
34885,
34890,
34895,
34896,
34900,
34901,
34902,
34903,
34905,
34909,
34914,
34919,
34920,
34924,
34925,
34926,
34927,
34929,
34933,
34938,
34943,
34944,
34948,
34949,
34950,
34951,
34953,
34957,
34962,
34967,
34968,
34972,
34973,
34974,
34975,
34977,
34981,
34986,
34991,
34992,
34996,
34997,
34998,
34999,
35001,
35005,
35010,
35015,
35016,
35020,
35021,
35022,
35023,
35025,
35029,
35034,
35039,
35040,
35044,
35045,
35046,
35047,
35049,
35053,
35058,
35063,
35064,
35068,
35069,
35070,
35071,
35073,
35077,
35082,
35087,
35088,
35092,
35093,
35094,
35095,
35097,
35101,
35106,
35111,
35112,
35116,
35117,
35118,
35119,
35121,
35125,
35130,
35135,
35136,
35140,
35141,
35142,
35143,
35145,
35149,
35154,
35159,
35160,
35164,
35165,
35166,
35167,
35169,
35173,
35178,
35185,
35186,
35190,
35191,
35192,
35193,
35195,
35199,
35204,
35209,
35210,
35214,
35215,
35216,
35217,
35219,
35223,
35228,
35233,
35234,
35238,
35239,
35240,
35241,
35243,
35247,
35252,
35257,
35258,
35262,
35263,
35264,
35265,
35267,
35271,
35276,
35281,
35282,
35286,
35287,
35288,
35289,
35291,
35295,
35300,
35305,
35306,
35310,
35311,
35312,
35313,
35315,
35319,
35324,
35329,
35330,
35334,
35335,
35336,
35337,
35339,
35343,
35348,
35353,
35354,
35358,
35359,
35360,
35361,
35363,
35367,
35372,
35377,
35378,
35382,
35383,
35384,
35385,
35387,
35391,
35396,
35401,
35402,
35406,
35407,
35408,
35409,
35411,
35415,
35420,
35425,
35426,
35430,
35431,
35432,
35433,
35435,
35439,
35444,
35449,
35450,
35454,
35455,
35456,
35457,
35459,
35463,
35468,
35473,
35474,
35478,
35479,
35480,
35481,
35483,
35487,
35492,
35499,
35500,
35504,
35505,
35506,
35507,
35509,
35513,
35518,
35523,
35524,
35528,
35529,
35530,
35531,
35533,
35537,
35542,
36944,
38034,
39872,
40259,
40972,
41001,
41931,
42609,
42991,
43718,
46332,
46342,
46424,
46450,
46492,
46646,
46685,
46693,
46925,
47018,
47063,
48031,
48050,
48113,
48114,
48119,
48321,
49509,
49641,
49962,
50331,
54786,
55366,
55465,
56597,
56784,
57058,
57063,
57196,
58215,
58620,
59720,
59737,
59755,
60660,
60837,
61148,
61149,
61150,
61152,
61224,
61810,
62032,
62051,
62065,
62112,
62560,
63282,
63292,
63344,
63613,
64279,
64963,
65491,
66876,
66877,
66887,
66992,
67061,
67597,
67744,
67754,
67764,
67769,
67774,
67780,
67786,
67793,
67798,
67809,
67815,
67821,
67825,
67827,
67832,
67840,
67854,
67859,
67874,
67880,
67886,
67892,
67898,
69105,
69108,
69176,
69184,
69245,
69265,
69652,
69726,
69814,
69906,
70096,
70142,
70258,
70291,
70333,
70384,
70428,
70512,
70563,
70727,
70788,
70816,
70836,
70868,
70899,
70939,
70976,
71056,
71092,
71128,
71165,
71247,
71312,
71473,
71911,
71916,
71918,
71920,
71922,
71924,
71926,
71928,
71930,
71932,
71933,
71935,
71936,
71966,
72711,
72759,
72905,
73510,
73563,
73599,
73622,
73627,
74868,
76224,
76940,
77665,
79088,
81940,
82111,
82131,
83274,
83827,
83837,
83854,
83880,
83886,
83920,
83958,
84013,
84056,
84288,
84300,
84316,
84355,
84945,
],
'project:external_webkit-jb-mr1/Source/WebCore/manual-tests/NPN_Invoke/test.html':[
8,
],
'project:external_webkit-jb-mr1/Source/WebCore/manual-tests/liveconnect-applet-array-parameters.html':[
25,
],
'project:external_webkit-jb-mr1/Source/WebCore/manual-tests/plugins/windowed.html':[
67,
],
'project:external_webkit-jb-mr1/Source/WebCore/manual-tests/plugins/windowless.html':[
67,
],
'project:external_webkit-jb-mr1/Source/WebCore/manual-tests/qt/plugin-sibling-frame-include.html':[
10,
],
'project:external_webkit-jb-mr1/Source/WebKit/chromium/tests/data/pageserialization/top_frame.html':[
23,
],
'project:voten/resources/assets/js/components/AdminPanelInactiveChannels.vue':[
55,
],
'project:voten/resources/assets/js/components/FullSubmission.vue':[
62,
],
'project:voten/resources/assets/js/components/NewSubmission.vue':[
87,
216,
],
'project:voten/resources/assets/js/components/SubmissionFooter.vue':[
3,
14,
],
'project:voten/resources/assets/js/components/pages/Credits.vue':[
115,
],
}
