{
'project:Silverpeas-Core-master/src/site/resources/screenshots.html':[
51,
58,
65,
72,
79,
86,
93,
100,
107,
114,
121,
128,
],
'project:external_webkit-jb-mr1/LayoutTests/dom/html/level2/html/HTMLAnchorElement01.html':[
9,
],
'project:external_webkit-jb-mr1/LayoutTests/dom/html/level2/html/HTMLAnchorElement02.html':[
9,
],
'project:external_webkit-jb-mr1/LayoutTests/dom/html/level2/html/HTMLAnchorElement03.html':[
9,
],
'project:external_webkit-jb-mr1/LayoutTests/dom/html/level2/html/HTMLAnchorElement04.html':[
9,
],
'project:external_webkit-jb-mr1/LayoutTests/dom/html/level2/html/HTMLAnchorElement05.html':[
9,
],
'project:external_webkit-jb-mr1/LayoutTests/dom/html/level2/html/HTMLAnchorElement06.html':[
9,
],
'project:external_webkit-jb-mr1/LayoutTests/dom/html/level2/html/HTMLAnchorElement07.html':[
9,
],
'project:external_webkit-jb-mr1/LayoutTests/dom/html/level2/html/HTMLAnchorElement08.html':[
9,
],
'project:external_webkit-jb-mr1/LayoutTests/dom/html/level2/html/HTMLAnchorElement09.html':[
9,
],
'project:external_webkit-jb-mr1/LayoutTests/dom/html/level2/html/HTMLAnchorElement10.html':[
9,
],
'project:external_webkit-jb-mr1/LayoutTests/dom/html/level2/html/HTMLAnchorElement11.html':[
10,
],
'project:external_webkit-jb-mr1/LayoutTests/dom/html/level2/html/HTMLAnchorElement12.html':[
9,
],
'project:external_webkit-jb-mr1/LayoutTests/dom/html/level2/html/HTMLAnchorElement13.html':[
9,
],
'project:external_webkit-jb-mr1/LayoutTests/dom/html/level2/html/HTMLAnchorElement14.html':[
9,
],
'project:external_webkit-jb-mr1/LayoutTests/dom/html/level2/html/HTMLBodyElement07.html':[
33,
],
'project:external_webkit-jb-mr1/LayoutTests/dom/html/level2/html/HTMLBodyElement08.html':[
33,
],
'project:external_webkit-jb-mr1/LayoutTests/dom/html/level2/html/HTMLBodyElement09.html':[
33,
],
'project:external_webkit-jb-mr1/LayoutTests/dom/html/level2/html/HTMLBodyElement10.html':[
33,
],
'project:external_webkit-jb-mr1/LayoutTests/dom/html/level2/html/HTMLBodyElement11.html':[
33,
],
'project:external_webkit-jb-mr1/LayoutTests/dom/html/level2/html/HTMLBodyElement12.html':[
33,
],
'project:external_webkit-jb-mr1/LayoutTests/dom/html/level2/html/HTMLDocument01.html':[
33,
],
'project:external_webkit-jb-mr1/LayoutTests/dom/html/level2/html/HTMLDocument02.html':[
33,
],
'project:external_webkit-jb-mr1/LayoutTests/dom/html/level2/html/HTMLDocument03.html':[
33,
],
'project:external_webkit-jb-mr1/LayoutTests/dom/html/level2/html/HTMLDocument04.html':[
33,
],
'project:external_webkit-jb-mr1/LayoutTests/dom/html/level2/html/HTMLDocument05.html':[
33,
],
'project:external_webkit-jb-mr1/LayoutTests/dom/html/level2/html/HTMLDocument07.html':[
33,
],
'project:external_webkit-jb-mr1/LayoutTests/dom/html/level2/html/HTMLDocument08.html':[
33,
],
'project:external_webkit-jb-mr1/LayoutTests/dom/html/level2/html/HTMLDocument09.html':[
33,
],
'project:external_webkit-jb-mr1/LayoutTests/dom/html/level2/html/HTMLDocument10.html':[
33,
],
'project:external_webkit-jb-mr1/LayoutTests/dom/html/level2/html/HTMLDocument11.html':[
33,
],
'project:external_webkit-jb-mr1/LayoutTests/dom/html/level2/html/HTMLDocument12.html':[
33,
],
'project:external_webkit-jb-mr1/LayoutTests/dom/html/level2/html/HTMLDocument13.html':[
33,
],
'project:external_webkit-jb-mr1/LayoutTests/dom/html/level2/html/HTMLDocument14.html':[
33,
],
'project:external_webkit-jb-mr1/LayoutTests/dom/html/level2/html/HTMLDocument15.html':[
33,
],
'project:external_webkit-jb-mr1/LayoutTests/dom/html/level2/html/HTMLDocument16.html':[
33,
],
'project:external_webkit-jb-mr1/LayoutTests/dom/html/level2/html/HTMLDocument17.html':[
33,
],
'project:external_webkit-jb-mr1/LayoutTests/dom/html/level2/html/HTMLDocument18.html':[
33,
],
'project:external_webkit-jb-mr1/LayoutTests/dom/html/level2/html/HTMLDocument19.html':[
33,
],
'project:external_webkit-jb-mr1/LayoutTests/dom/html/level2/html/HTMLDocument20.html':[
33,
],
'project:external_webkit-jb-mr1/LayoutTests/dom/html/level2/html/HTMLDocument21.html':[
33,
],
'project:external_webkit-jb-mr1/LayoutTests/dom/html/level2/html/HTMLDocument22.html':[
33,
],
'project:external_webkit-jb-mr1/LayoutTests/dom/html/level2/html/HTMLDocument23.html':[
33,
],
'project:external_webkit-jb-mr1/LayoutTests/dom/html/level2/html/HTMLDocument24.html':[
33,
],
'project:external_webkit-jb-mr1/LayoutTests/dom/html/level2/html/HTMLDocument25.html':[
33,
],
'project:external_webkit-jb-mr1/LayoutTests/dom/html/level2/html/HTMLDocument26.html':[
33,
],
'project:external_webkit-jb-mr1/LayoutTests/dom/html/level2/html/HTMLDocument27.html':[
33,
],
'project:external_webkit-jb-mr1/LayoutTests/dom/html/level2/html/anchor01.html':[
9,
],
'project:external_webkit-jb-mr1/LayoutTests/dom/html/level2/html/anchor02.html':[
9,
],
'project:external_webkit-jb-mr1/LayoutTests/dom/html/level2/html/anchor03.html':[
9,
],
'project:external_webkit-jb-mr1/LayoutTests/dom/html/level2/html/anchor04.html':[
9,
],
'project:external_webkit-jb-mr1/LayoutTests/dom/html/level2/html/anchor05.html':[
9,
],
'project:external_webkit-jb-mr1/LayoutTests/dom/html/level2/html/anchor06.html':[
9,
],
'project:external_webkit-jb-mr1/LayoutTests/dom/html/level2/html/doc01.html':[
9,
],
'project:external_webkit-jb-mr1/LayoutTests/dom/xhtml/level2/html/HTMLAnchorElement01.xhtml':[
11,
],
'project:external_webkit-jb-mr1/LayoutTests/dom/xhtml/level2/html/HTMLAnchorElement02.xhtml':[
11,
],
'project:external_webkit-jb-mr1/LayoutTests/dom/xhtml/level2/html/HTMLAnchorElement03.xhtml':[
11,
],
'project:external_webkit-jb-mr1/LayoutTests/dom/xhtml/level2/html/HTMLAnchorElement04.xhtml':[
11,
],
'project:external_webkit-jb-mr1/LayoutTests/dom/xhtml/level2/html/HTMLAnchorElement05.xhtml':[
11,
],
'project:external_webkit-jb-mr1/LayoutTests/dom/xhtml/level2/html/HTMLAnchorElement06.xhtml':[
11,
],
'project:external_webkit-jb-mr1/LayoutTests/dom/xhtml/level2/html/HTMLAnchorElement07.xhtml':[
11,
],
'project:external_webkit-jb-mr1/LayoutTests/dom/xhtml/level2/html/HTMLAnchorElement08.xhtml':[
11,
],
'project:external_webkit-jb-mr1/LayoutTests/dom/xhtml/level2/html/HTMLAnchorElement09.xhtml':[
11,
],
'project:external_webkit-jb-mr1/LayoutTests/dom/xhtml/level2/html/HTMLAnchorElement10.xhtml':[
11,
],
'project:external_webkit-jb-mr1/LayoutTests/dom/xhtml/level2/html/HTMLAnchorElement11.xhtml':[
11,
],
'project:external_webkit-jb-mr1/LayoutTests/dom/xhtml/level2/html/HTMLAnchorElement12.xhtml':[
11,
],
'project:external_webkit-jb-mr1/LayoutTests/dom/xhtml/level2/html/HTMLAnchorElement13.xhtml':[
11,
],
'project:external_webkit-jb-mr1/LayoutTests/dom/xhtml/level2/html/HTMLAnchorElement14.xhtml':[
11,
],
'project:external_webkit-jb-mr1/LayoutTests/dom/xhtml/level2/html/HTMLBodyElement07.xhtml':[
35,
],
'project:external_webkit-jb-mr1/LayoutTests/dom/xhtml/level2/html/HTMLBodyElement08.xhtml':[
35,
],
'project:external_webkit-jb-mr1/LayoutTests/dom/xhtml/level2/html/HTMLBodyElement09.xhtml':[
35,
],
'project:external_webkit-jb-mr1/LayoutTests/dom/xhtml/level2/html/HTMLBodyElement10.xhtml':[
35,
],
'project:external_webkit-jb-mr1/LayoutTests/dom/xhtml/level2/html/HTMLBodyElement11.xhtml':[
35,
],
'project:external_webkit-jb-mr1/LayoutTests/dom/xhtml/level2/html/HTMLBodyElement12.xhtml':[
35,
],
'project:external_webkit-jb-mr1/LayoutTests/dom/xhtml/level2/html/HTMLDocument01.xhtml':[
35,
],
'project:external_webkit-jb-mr1/LayoutTests/dom/xhtml/level2/html/HTMLDocument02.xhtml':[
35,
],
'project:external_webkit-jb-mr1/LayoutTests/dom/xhtml/level2/html/HTMLDocument03.xhtml':[
35,
],
'project:external_webkit-jb-mr1/LayoutTests/dom/xhtml/level2/html/HTMLDocument04.xhtml':[
35,
],
'project:external_webkit-jb-mr1/LayoutTests/dom/xhtml/level2/html/HTMLDocument05.xhtml':[
35,
],
'project:external_webkit-jb-mr1/LayoutTests/dom/xhtml/level2/html/HTMLDocument07.xhtml':[
35,
],
'project:external_webkit-jb-mr1/LayoutTests/dom/xhtml/level2/html/HTMLDocument08.xhtml':[
35,
],
'project:external_webkit-jb-mr1/LayoutTests/dom/xhtml/level2/html/HTMLDocument09.xhtml':[
35,
],
'project:external_webkit-jb-mr1/LayoutTests/dom/xhtml/level2/html/HTMLDocument10.xhtml':[
35,
],
'project:external_webkit-jb-mr1/LayoutTests/dom/xhtml/level2/html/HTMLDocument11.xhtml':[
35,
],
'project:external_webkit-jb-mr1/LayoutTests/dom/xhtml/level2/html/HTMLDocument12.xhtml':[
35,
],
'project:external_webkit-jb-mr1/LayoutTests/dom/xhtml/level2/html/HTMLDocument13.xhtml':[
35,
],
'project:external_webkit-jb-mr1/LayoutTests/dom/xhtml/level2/html/HTMLDocument14.xhtml':[
35,
],
'project:external_webkit-jb-mr1/LayoutTests/dom/xhtml/level2/html/HTMLDocument15.xhtml':[
35,
],
'project:external_webkit-jb-mr1/LayoutTests/dom/xhtml/level2/html/HTMLDocument16.xhtml':[
35,
],
'project:external_webkit-jb-mr1/LayoutTests/dom/xhtml/level2/html/HTMLDocument17.xhtml':[
35,
],
'project:external_webkit-jb-mr1/LayoutTests/dom/xhtml/level2/html/HTMLDocument18.xhtml':[
35,
],
'project:external_webkit-jb-mr1/LayoutTests/dom/xhtml/level2/html/HTMLDocument19.xhtml':[
35,
],
'project:external_webkit-jb-mr1/LayoutTests/dom/xhtml/level2/html/HTMLDocument20.xhtml':[
35,
],
'project:external_webkit-jb-mr1/LayoutTests/dom/xhtml/level2/html/HTMLDocument21.xhtml':[
35,
],
'project:external_webkit-jb-mr1/LayoutTests/dom/xhtml/level2/html/HTMLDocument22.xhtml':[
35,
],
'project:external_webkit-jb-mr1/LayoutTests/dom/xhtml/level2/html/HTMLDocument23.xhtml':[
35,
],
'project:external_webkit-jb-mr1/LayoutTests/dom/xhtml/level2/html/HTMLDocument24.xhtml':[
35,
],
'project:external_webkit-jb-mr1/LayoutTests/dom/xhtml/level2/html/HTMLDocument25.xhtml':[
35,
],
'project:external_webkit-jb-mr1/LayoutTests/dom/xhtml/level2/html/HTMLDocument26.xhtml':[
35,
],
'project:external_webkit-jb-mr1/LayoutTests/dom/xhtml/level2/html/HTMLDocument27.xhtml':[
35,
],
'project:external_webkit-jb-mr1/LayoutTests/dom/xhtml/level2/html/anchor01.xhtml':[
11,
],
'project:external_webkit-jb-mr1/LayoutTests/dom/xhtml/level2/html/anchor02.xhtml':[
11,
],
'project:external_webkit-jb-mr1/LayoutTests/dom/xhtml/level2/html/anchor03.xhtml':[
11,
],
'project:external_webkit-jb-mr1/LayoutTests/dom/xhtml/level2/html/anchor04.xhtml':[
11,
],
'project:external_webkit-jb-mr1/LayoutTests/dom/xhtml/level2/html/anchor05.xhtml':[
11,
],
'project:external_webkit-jb-mr1/LayoutTests/dom/xhtml/level2/html/anchor06.xhtml':[
11,
],
'project:external_webkit-jb-mr1/LayoutTests/dom/xhtml/level2/html/doc01.xhtml':[
11,
],
'project:external_webkit-jb-mr1/PerformanceTests/Parser/resources/html5.html':[
20177,
],
}
