{
'project:Silverpeas-Core-master/war-core/src/main/webapp/pdcPeas/jsp/globalSearch.jsp':[
820,
],
'project:Silverpeas-Core-master/war-core/src/main/webapp/pdcSubscriptionPeas/jsp/subscription.jsp':[
81,
],
'project:Silverpeas-Core-master/war-core/src/main/webapp/portlet/jsp/jsr/modify-window.jsp':[
54,
],
'project:Silverpeas-Core-master/war-core/src/main/webapp/sharing/jsp/invalidTicket.jsp':[
45,
],
'project:phpMyAdmin-4.0.4-english/libraries/display_create_table.lib.php':[
60,
],
'project:phpMyAdmin-4.0.4-english/libraries/mult_submits.inc.php':[
289,
306,
322,
],
'project:phpMyAdmin-4.0.4-english/libraries/schema/User_Schema.class.php':[
163,
225,
482,
],
'project:phpMyAdmin-4.0.4-english/tbl_indexes.php':[
340,
],
'project:phpMyAdmin-4.0.4-english/view_operations.php':[
97,
],
'project:sonar-master/sonar-server/src/main/webapp/WEB-INF/app/views/confirm/_confirm.html.erb':[
8,
],
'project:sonar-master/sonar-server/src/main/webapp/WEB-INF/app/views/dashboards/_create_form.html.erb':[
7,
],
'project:sonar-master/sonar-server/src/main/webapp/WEB-INF/app/views/dashboards/_delete_form.html.erb':[
3,
],
'project:sonar-master/sonar-server/src/main/webapp/WEB-INF/app/views/dashboards/_edit_form.html.erb':[
8,
],
'project:sonar-master/sonar-server/src/main/webapp/WEB-INF/app/views/issue/_delete_comment_form.html.erb':[
3,
],
'project:sonar-master/sonar-server/src/main/webapp/WEB-INF/app/views/issues/_copy_form.html.erb':[
3,
],
'project:sonar-master/sonar-server/src/main/webapp/WEB-INF/app/views/issues/_edit_form.html.erb':[
3,
],
'project:sonar-master/sonar-server/src/main/webapp/WEB-INF/app/views/issues/_save_as_form.html.erb':[
3,
],
'project:sonar-master/sonar-server/src/main/webapp/WEB-INF/app/views/measures/_copy_form.html.erb':[
3,
],
'project:sonar-master/sonar-server/src/main/webapp/WEB-INF/app/views/measures/_edit_form.html.erb':[
3,
],
'project:sonar-master/sonar-server/src/main/webapp/WEB-INF/app/views/measures/_save_as_form.html.erb':[
4,
],
'project:sonar-master/sonar-server/src/main/webapp/WEB-INF/app/views/profiles/_copy_form.html.erb':[
3,
],
'project:sonar-master/sonar-server/src/main/webapp/WEB-INF/app/views/profiles/_create_form.html.erb':[
6,
],
'project:sonar-master/sonar-server/src/main/webapp/WEB-INF/app/views/profiles/_rename_form.html.erb':[
3,
],
'project:sonar-master/sonar-server/src/main/webapp/WEB-INF/app/views/profiles/_restore_form.html.erb':[
2,
],
'project:sonar-master/sonar-server/src/main/webapp/WEB-INF/app/views/property_sets/_list.html.erb':[
2,
],
}
