{
'project:Silverpeas-Core-master/config-core/src/main/config/web/weblib.war/repositorySharing/explorer.html':[
307,
],
'project:Silverpeas-Core-master/it-test-core/src/test/resources/com/silverpeas/converter/wysiwyg2.html':[
22,
140,
146,
],
'project:Silverpeas-Core-master/src/site/resources/css/tn3/tn3.html':[
19,
],
'project:Silverpeas-Core-master/src/site/resources/screenshots.html':[
34,
52,
59,
66,
73,
80,
87,
94,
101,
108,
115,
122,
129,
],
'project:Silverpeas-Core-master/war-core/src/main/webapp/Error404.jsp':[
61,
],
'project:Silverpeas-Core-master/war-core/src/main/webapp/SILVERMAIL/jsp/readMessage.jsp':[
108,
],
'project:Silverpeas-Core-master/war-core/src/main/webapp/SILVERMAIL/jsp/readSendedNotification.jsp':[
96,
],
'project:Silverpeas-Core-master/war-core/src/main/webapp/admin/jsp/DomainsBarSilverpeasV5.jsp':[
280,
347,
],
'project:Silverpeas-Core-master/war-core/src/main/webapp/admin/jsp/Map.jsp':[
153,
174,
],
'project:Silverpeas-Core-master/war-core/src/main/webapp/admin/jsp/TopBarSilverpeasV5.jsp':[
140,
141,
152,
],
'project:Silverpeas-Core-master/war-core/src/main/webapp/admin/jsp/alreadyRegistered.jsp':[
67,
],
'project:Silverpeas-Core-master/war-core/src/main/webapp/admin/jsp/appInMaintenance.jsp':[
64,
65,
68,
69,
72,
73,
79,
83,
108,
111,
119,
129,
],
'project:Silverpeas-Core-master/war-core/src/main/webapp/admin/jsp/errorpageDataStorageQuota.jsp':[
58,
],
'project:Silverpeas-Core-master/war-core/src/main/webapp/admin/jsp/newRegistration.jsp':[
252,
],
'project:Silverpeas-Core-master/war-core/src/main/webapp/admin/jsp/pdcSearchSilverpeasV5.jsp':[
255,
],
'project:Silverpeas-Core-master/war-core/src/main/webapp/admin/jsp/registerFromRemoteSocialNetwork.jsp':[
249,
],
'project:Silverpeas-Core-master/war-core/src/main/webapp/admin/jsp/registrationFailed.jsp':[
62,
],
'project:Silverpeas-Core-master/war-core/src/main/webapp/admin/jsp/registrationSuccess.jsp':[
62,
],
'project:Silverpeas-Core-master/war-core/src/main/webapp/admin/jsp/spaceInMaintenance.jsp':[
66,
67,
70,
71,
74,
75,
81,
85,
111,
114,
122,
126,
],
'project:Silverpeas-Core-master/war-core/src/main/webapp/agenda/jsp/agenda.jsp':[
317,
319,
324,
333,
395,
418,
421,
],
'project:Silverpeas-Core-master/war-core/src/main/webapp/agenda/jsp/chooseWorkingDays.jsp':[
229,
231,
237,
],
'project:Silverpeas-Core-master/war-core/src/main/webapp/alertUserPeas/jsp/writeMessage.jsp':[
98,
115,
127,
144,
],
'project:Silverpeas-Core-master/war-core/src/main/webapp/applicationIndexer/jsp/applicationIndexer.jsp':[
224,
],
'project:Silverpeas-Core-master/war-core/src/main/webapp/applicationIndexer/jsp/didYouMeanIndexer.jsp':[
200,
201,
205,
206,
209,
210,
214,
218,
222,
227,
240,
252,
253,
257,
258,
263,
],
'project:Silverpeas-Core-master/war-core/src/main/webapp/attachment/jsp/displayAttachedFiles.jsp':[
198,
224,
227,
252,
259,
262,
286,
301,
],
'project:Silverpeas-Core-master/war-core/src/main/webapp/attachment/jsp/editAttachedFiles.jsp':[
437,
449,
465,
515,
],
'project:Silverpeas-Core-master/war-core/src/main/webapp/clipboard/jsp/clipboard.jsp':[
143,
],
'project:Silverpeas-Core-master/war-core/src/main/webapp/communicationUser/jsp/discussion.jsp':[
153,
],
'project:Silverpeas-Core-master/war-core/src/main/webapp/defaultChangePassword.jsp':[
143,
180,
],
'project:Silverpeas-Core-master/war-core/src/main/webapp/defaultForcePasswordChange.jsp':[
84,
108,
],
'project:Silverpeas-Core-master/war-core/src/main/webapp/defaultLogin.jsp':[
182,
187,
198,
240,
],
'project:Silverpeas-Core-master/war-core/src/main/webapp/defaultLoginQuestion.jsp':[
85,
101,
],
'project:Silverpeas-Core-master/war-core/src/main/webapp/defaultLoginQuestionSelection.jsp':[
87,
121,
],
'project:Silverpeas-Core-master/war-core/src/main/webapp/defaultPasswordAboutToExpire.jsp':[
85,
],
'project:Silverpeas-Core-master/war-core/src/main/webapp/defaultPasswordExpired.jsp':[
82,
110,
],
'project:Silverpeas-Core-master/war-core/src/main/webapp/defaultReInitPassword.jsp':[
87,
99,
],
'project:Silverpeas-Core-master/war-core/src/main/webapp/defaultResetPassword.jsp':[
86,
104,
],
'project:Silverpeas-Core-master/war-core/src/main/webapp/genericPanelPeas/jsp/genericPanelPeas.jsp':[
249,
],
'project:Silverpeas-Core-master/war-core/src/main/webapp/importExportPeas/jsp/downloadPdf.jsp':[
62,
],
'project:Silverpeas-Core-master/war-core/src/main/webapp/importExportPeas/jsp/downloadZip.jsp':[
78,
],
'project:Silverpeas-Core-master/war-core/src/main/webapp/importExportPeas/jsp/welcome.jsp':[
60,
],
'project:Silverpeas-Core-master/war-core/src/main/webapp/jobDomainPeas/jsp/domainContent.jsp':[
162,
],
'project:Silverpeas-Core-master/war-core/src/main/webapp/jobDomainPeas/jsp/domainNavigation.jsp':[
66,
87,
88,
92,
93,
96,
97,
98,
101,
102,
103,
107,
108,
151,
152,
155,
156,
157,
160,
161,
162,
166,
167,
186,
186,
196,
197,
201,
],
'project:Silverpeas-Core-master/war-core/src/main/webapp/jobDomainPeas/jsp/groupContent.jsp':[
140,
],
'project:Silverpeas-Core-master/war-core/src/main/webapp/jobDomainPeas/jsp/groupCreate.jsp':[
127,
],
'project:Silverpeas-Core-master/war-core/src/main/webapp/jobDomainPeas/jsp/groupManagers.jsp':[
87,
94,
117,
122,
],
'project:Silverpeas-Core-master/war-core/src/main/webapp/jobDomainPeas/jsp/userImport.jsp':[
201,
209,
],
'project:Silverpeas-Core-master/war-core/src/main/webapp/jobManagerPeas/jsp/topBarManager.jsp':[
74,
75,
76,
79,
82,
120,
126,
150,
154,
],
'project:Silverpeas-Core-master/war-core/src/main/webapp/jobStartPagePeas/jsp/componentInfo.jsp':[
232,
],
'project:Silverpeas-Core-master/war-core/src/main/webapp/jobStartPagePeas/jsp/componentsList.jsp':[
131,
134,
],
'project:Silverpeas-Core-master/war-core/src/main/webapp/jobStartPagePeas/jsp/createInstance.jsp':[
272,
],
'project:Silverpeas-Core-master/war-core/src/main/webapp/jobStartPagePeas/jsp/jobStartPageNav.jsp':[
80,
101,
102,
105,
106,
107,
110,
111,
112,
116,
117,
137,
143,
148,
149,
177,
178,
185,
],
'project:Silverpeas-Core-master/war-core/src/main/webapp/jobStartPagePeas/jsp/roleInstance.jsp':[
178,
185,
211,
216,
229,
236,
262,
267,
],
'project:Silverpeas-Core-master/war-core/src/main/webapp/jobStartPagePeas/jsp/spaceLook.jsp':[
133,
147,
],
'project:Silverpeas-Core-master/war-core/src/main/webapp/jobStartPagePeas/jsp/spaceManager.jsp':[
133,
140,
146,
148,
158,
164,
177,
184,
189,
191,
199,
204,
],
'project:Silverpeas-Core-master/war-core/src/main/webapp/jobStartPagePeas/jsp/updateInstance.jsp':[
288,
],
'project:Silverpeas-Core-master/war-core/src/main/webapp/loginAuto.jsp':[
209,
241,
],
'project:Silverpeas-Core-master/war-core/src/main/webapp/pdcPeas/jsp/axisManager.jsp':[
274,
317,
],
'project:Silverpeas-Core-master/war-core/src/main/webapp/pdcPeas/jsp/editValue.jsp':[
177,
],
'project:Silverpeas-Core-master/war-core/src/main/webapp/pdcPeas/jsp/globalSearch.jsp':[
769,
769,
],
'project:Silverpeas-Core-master/war-core/src/main/webapp/pdcPeas/jsp/newDaughterValue.jsp':[
128,
160,
],
'project:Silverpeas-Core-master/war-core/src/main/webapp/pdcPeas/jsp/newMotherValue.jsp':[
121,
157,
],
'project:Silverpeas-Core-master/war-core/src/main/webapp/pdcPeas/jsp/positionAdd.jsp':[
413,
416,
424,
425,
],
'project:Silverpeas-Core-master/war-core/src/main/webapp/pdcPeas/jsp/positionEdit.jsp':[
382,
385,
394,
395,
],
'project:Silverpeas-Core-master/war-core/src/main/webapp/pdcPeas/jsp/positions.jsp':[
235,
],
'project:Silverpeas-Core-master/war-core/src/main/webapp/pdcPeas/jsp/positionsInComponent.jsp':[
233,
],
'project:Silverpeas-Core-master/war-core/src/main/webapp/pdcPeas/jsp/searchContext.jsp':[
266,
407,
553,
615,
640,
648,
656,
663,
671,
687,
710,
],
'project:Silverpeas-Core-master/war-core/src/main/webapp/pdcPeas/jsp/searchContextInComponent.jsp':[
381,
542,
565,
701,
727,
],
'project:Silverpeas-Core-master/war-core/src/main/webapp/pdcPeas/jsp/searchResult.jsp':[
215,
],
'project:Silverpeas-Core-master/war-core/src/main/webapp/pdcPeas/jsp/searchToSelect.jsp':[
443,
603,
631,
768,
796,
],
'project:Silverpeas-Core-master/war-core/src/main/webapp/pdcPeas/jsp/viewValueManager.jsp':[
98,
105,
134,
142,
150,
157,
183,
193,
],
'project:Silverpeas-Core-master/war-core/src/main/webapp/portlet/jsp/admin/addColumnList.jsp':[
78,
],
'project:Silverpeas-Core-master/war-core/src/main/webapp/portlet/jsp/admin/colHeader.jsp':[
113,
154,
],
'project:Silverpeas-Core-master/war-core/src/main/webapp/portlet/jsp/admin/portletAdminBarre.jsp':[
57,
61,
65,
],
'project:Silverpeas-Core-master/war-core/src/main/webapp/portlet/jsp/admin/portletList.jsp':[
105,
],
'project:Silverpeas-Core-master/war-core/src/main/webapp/portlet/jsp/admin/portletTitle.jsp':[
109,
118,
],
'project:Silverpeas-Core-master/war-core/src/main/webapp/portlet/jsp/jsr/portlet.jsp':[
47,
54,
61,
68,
75,
82,
89,
95,
],
'project:Silverpeas-Core-master/war-core/src/main/webapp/portlet/jsp/jsr/portletSP.jsp':[
53,
60,
67,
74,
81,
88,
102,
],
'project:Silverpeas-Core-master/war-core/src/main/webapp/portlet/jsp/portletTitle.jsp':[
58,
70,
72,
78,
80,
],
'project:Silverpeas-Core-master/war-core/src/main/webapp/portlet/jsp/portletTitlemax.jsp':[
60,
72,
74,
80,
],
'project:Silverpeas-Core-master/war-core/src/main/webapp/portlet/jsp/portletTitlemin.jsp':[
60,
72,
74,
78,
80,
],
'project:Silverpeas-Core-master/war-core/src/main/webapp/portlets/jsp/lastPublications/portlet.jsp':[
93,
],
'project:Silverpeas-Core-master/war-core/src/main/webapp/sharing/jsp/displayTicketInfo.jsp':[
71,
],
'project:Silverpeas-Core-master/war-core/src/main/webapp/silverStatisticsPeas/jsp/viewAccess.jsp':[
187,
188,
196,
197,
224,
],
'project:Silverpeas-Core-master/war-core/src/main/webapp/silverStatisticsPeas/jsp/viewConnection.jsp':[
226,
227,
279,
283,
],
'project:Silverpeas-Core-master/war-core/src/main/webapp/silverStatisticsPeas/jsp/viewEvolutionAccess.jsp':[
158,
],
'project:Silverpeas-Core-master/war-core/src/main/webapp/silverStatisticsPeas/jsp/viewEvolutionVolumeSizeServer.jsp':[
129,
],
'project:Silverpeas-Core-master/war-core/src/main/webapp/silverStatisticsPeas/jsp/viewFrequence.jsp':[
155,
],
'project:Silverpeas-Core-master/war-core/src/main/webapp/silverStatisticsPeas/jsp/viewVolume.jsp':[
221,
222,
230,
231,
250,
],
'project:Silverpeas-Core-master/war-core/src/main/webapp/silverStatisticsPeas/jsp/viewVolumeServer.jsp':[
135,
],
'project:Silverpeas-Core-master/war-core/src/main/webapp/silverStatisticsPeas/jsp/viewVolumeServices.jsp':[
92,
],
'project:Silverpeas-Core-master/war-core/src/main/webapp/silverStatisticsPeas/jsp/viewVolumeSizeServer.jsp':[
132,
],
'project:Silverpeas-Core-master/war-core/src/main/webapp/silverpeasinfos.jsp':[
45,
],
'project:Silverpeas-Core-master/war-core/src/main/webapp/socialNetwork/jsp/myContactProfil/myContactProfile.jsp':[
82,
84,
95,
110,
133,
],
'project:Silverpeas-Core-master/war-core/src/main/webapp/socialNetwork/jsp/myProfil/myProfile.jsp':[
213,
252,
],
'project:Silverpeas-Core-master/war-core/src/main/webapp/socialNetwork/jsp/myProfil/myProfileTabInvitations.jsp':[
206,
],
'project:Silverpeas-Core-master/war-core/src/main/webapp/socialNetwork/jsp/myProfil/myProfileTabNetworks.jsp':[
57,
],
'project:Silverpeas-Core-master/war-core/src/main/webapp/socialNetwork/jsp/profil/profilPublic.jsp':[
72,
74,
87,
],
'project:Silverpeas-Core-master/war-core/src/main/webapp/subscription/jsp/subscriptionpanel.jsp':[
577,
],
'project:Silverpeas-Core-master/war-core/src/main/webapp/templateDesigner/jsp/fieldMultivalues.jsp':[
281,
282,
283,
285,
299,
301,
],
'project:Silverpeas-Core-master/war-core/src/main/webapp/templateDesigner/jsp/templateHeader.jsp':[
249,
],
'project:Silverpeas-Core-master/war-core/src/main/webapp/thumbnail/jsp/thumbnailManager.jsp':[
219,
223,
],
'project:Silverpeas-Core-master/war-core/src/main/webapp/workflowDesigner/jsp/actions.jsp':[
112,
],
'project:Silverpeas-Core-master/war-core/src/main/webapp/workflowDesigner/jsp/dataFolder.jsp':[
64,
],
'project:Silverpeas-Core-master/war-core/src/main/webapp/workflowDesigner/jsp/forms.jsp':[
115,
],
'project:Silverpeas-Core-master/war-core/src/main/webapp/workflowDesigner/jsp/participants.jsp':[
108,
],
'project:Silverpeas-Core-master/war-core/src/main/webapp/workflowDesigner/jsp/presentation.jsp':[
116,
],
'project:Silverpeas-Core-master/war-core/src/main/webapp/workflowDesigner/jsp/roles.jsp':[
103,
],
'project:Silverpeas-Core-master/war-core/src/main/webapp/workflowDesigner/jsp/states.jsp':[
110,
],
'project:Silverpeas-Core-master/war-core/src/main/webapp/workflowDesigner/jsp/userInfos.jsp':[
65,
],
'project:Silverpeas-Core-master/war-core/src/main/webapp/workflowDesigner/jsp/welcome.jsp':[
101,
],
'project:Silverpeas-Core-master/war-core/src/main/webapp/workflowDesigner/jsp/workflow.jsp':[
148,
],
'project:external_webkit-jb-mr1/LayoutTests/dom/html/level2/html/HTMLBodyElement07.html':[
22,
],
'project:external_webkit-jb-mr1/LayoutTests/dom/html/level2/html/HTMLBodyElement08.html':[
22,
],
'project:external_webkit-jb-mr1/LayoutTests/dom/html/level2/html/HTMLBodyElement09.html':[
22,
],
'project:external_webkit-jb-mr1/LayoutTests/dom/html/level2/html/HTMLBodyElement10.html':[
22,
],
'project:external_webkit-jb-mr1/LayoutTests/dom/html/level2/html/HTMLBodyElement11.html':[
22,
],
'project:external_webkit-jb-mr1/LayoutTests/dom/html/level2/html/HTMLBodyElement12.html':[
22,
],
'project:external_webkit-jb-mr1/LayoutTests/dom/html/level2/html/HTMLDocument01.html':[
22,
],
'project:external_webkit-jb-mr1/LayoutTests/dom/html/level2/html/HTMLDocument02.html':[
22,
],
'project:external_webkit-jb-mr1/LayoutTests/dom/html/level2/html/HTMLDocument03.html':[
22,
],
'project:external_webkit-jb-mr1/LayoutTests/dom/html/level2/html/HTMLDocument04.html':[
22,
],
'project:external_webkit-jb-mr1/LayoutTests/dom/html/level2/html/HTMLDocument05.html':[
22,
],
'project:external_webkit-jb-mr1/LayoutTests/dom/html/level2/html/HTMLDocument07.html':[
22,
],
'project:external_webkit-jb-mr1/LayoutTests/dom/html/level2/html/HTMLDocument08.html':[
22,
],
'project:external_webkit-jb-mr1/LayoutTests/dom/html/level2/html/HTMLDocument09.html':[
22,
],
'project:external_webkit-jb-mr1/LayoutTests/dom/html/level2/html/HTMLDocument10.html':[
22,
],
'project:external_webkit-jb-mr1/LayoutTests/dom/html/level2/html/HTMLDocument11.html':[
22,
],
'project:external_webkit-jb-mr1/LayoutTests/dom/html/level2/html/HTMLDocument12.html':[
22,
],
'project:external_webkit-jb-mr1/LayoutTests/dom/html/level2/html/HTMLDocument13.html':[
22,
],
'project:external_webkit-jb-mr1/LayoutTests/dom/html/level2/html/HTMLDocument14.html':[
22,
],
'project:external_webkit-jb-mr1/LayoutTests/dom/html/level2/html/HTMLDocument15.html':[
22,
],
'project:external_webkit-jb-mr1/LayoutTests/dom/html/level2/html/HTMLDocument16.html':[
22,
],
'project:external_webkit-jb-mr1/LayoutTests/dom/html/level2/html/HTMLDocument17.html':[
22,
],
'project:external_webkit-jb-mr1/LayoutTests/dom/html/level2/html/HTMLDocument18.html':[
22,
],
'project:external_webkit-jb-mr1/LayoutTests/dom/html/level2/html/HTMLDocument19.html':[
22,
],
'project:external_webkit-jb-mr1/LayoutTests/dom/html/level2/html/HTMLDocument20.html':[
22,
],
'project:external_webkit-jb-mr1/LayoutTests/dom/html/level2/html/HTMLDocument21.html':[
22,
],
'project:external_webkit-jb-mr1/LayoutTests/dom/html/level2/html/HTMLDocument22.html':[
22,
],
'project:external_webkit-jb-mr1/LayoutTests/dom/html/level2/html/HTMLDocument23.html':[
22,
],
'project:external_webkit-jb-mr1/LayoutTests/dom/html/level2/html/HTMLDocument24.html':[
22,
],
'project:external_webkit-jb-mr1/LayoutTests/dom/html/level2/html/HTMLDocument25.html':[
22,
],
'project:external_webkit-jb-mr1/LayoutTests/dom/html/level2/html/HTMLDocument26.html':[
22,
],
'project:external_webkit-jb-mr1/LayoutTests/dom/html/level2/html/HTMLDocument27.html':[
22,
],
'project:external_webkit-jb-mr1/LayoutTests/dom/html/level2/html/HTMLInputElement01.html':[
46,
],
'project:external_webkit-jb-mr1/LayoutTests/dom/html/level2/html/HTMLInputElement02.html':[
46,
],
'project:external_webkit-jb-mr1/LayoutTests/dom/html/level2/html/HTMLInputElement03.html':[
46,
],
'project:external_webkit-jb-mr1/LayoutTests/dom/html/level2/html/HTMLInputElement04.html':[
46,
],
'project:external_webkit-jb-mr1/LayoutTests/dom/html/level2/html/HTMLInputElement05.html':[
46,
],
'project:external_webkit-jb-mr1/LayoutTests/dom/html/level2/html/HTMLInputElement06.html':[
46,
],
'project:external_webkit-jb-mr1/LayoutTests/dom/html/level2/html/HTMLInputElement07.html':[
46,
],
'project:external_webkit-jb-mr1/LayoutTests/dom/html/level2/html/HTMLInputElement08.html':[
46,
],
'project:external_webkit-jb-mr1/LayoutTests/dom/html/level2/html/HTMLInputElement09.html':[
46,
],
'project:external_webkit-jb-mr1/LayoutTests/dom/html/level2/html/HTMLInputElement10.html':[
46,
],
'project:external_webkit-jb-mr1/LayoutTests/dom/html/level2/html/HTMLInputElement11.html':[
46,
],
'project:external_webkit-jb-mr1/LayoutTests/dom/html/level2/html/HTMLInputElement12.html':[
46,
],
'project:external_webkit-jb-mr1/LayoutTests/dom/html/level2/html/HTMLInputElement13.html':[
46,
],
'project:external_webkit-jb-mr1/LayoutTests/dom/html/level2/html/HTMLInputElement14.html':[
46,
],
'project:external_webkit-jb-mr1/LayoutTests/dom/html/level2/html/HTMLInputElement15.html':[
46,
],
'project:external_webkit-jb-mr1/LayoutTests/dom/html/level2/html/HTMLInputElement16.html':[
46,
],
'project:external_webkit-jb-mr1/LayoutTests/dom/html/level2/html/HTMLInputElement17.html':[
46,
],
'project:external_webkit-jb-mr1/LayoutTests/dom/html/level2/html/HTMLInputElement18.html':[
46,
],
'project:external_webkit-jb-mr1/LayoutTests/dom/html/level2/html/HTMLInputElement19.html':[
46,
],
'project:external_webkit-jb-mr1/LayoutTests/dom/html/level2/html/HTMLInputElement20.html':[
46,
],
'project:external_webkit-jb-mr1/LayoutTests/dom/html/level2/html/HTMLInputElement21.html':[
46,
],
'project:external_webkit-jb-mr1/LayoutTests/dom/html/level2/html/HTMLInputElement22.html':[
46,
],
'project:external_webkit-jb-mr1/LayoutTests/dom/xhtml/level2/html/HTMLBodyElement07.xhtml':[
24,
],
'project:external_webkit-jb-mr1/LayoutTests/dom/xhtml/level2/html/HTMLBodyElement08.xhtml':[
24,
],
'project:external_webkit-jb-mr1/LayoutTests/dom/xhtml/level2/html/HTMLBodyElement09.xhtml':[
24,
],
'project:external_webkit-jb-mr1/LayoutTests/dom/xhtml/level2/html/HTMLBodyElement10.xhtml':[
24,
],
'project:external_webkit-jb-mr1/LayoutTests/dom/xhtml/level2/html/HTMLBodyElement11.xhtml':[
24,
],
'project:external_webkit-jb-mr1/LayoutTests/dom/xhtml/level2/html/HTMLBodyElement12.xhtml':[
24,
],
'project:external_webkit-jb-mr1/LayoutTests/dom/xhtml/level2/html/HTMLDocument01.xhtml':[
24,
],
'project:external_webkit-jb-mr1/LayoutTests/dom/xhtml/level2/html/HTMLDocument02.xhtml':[
24,
],
'project:external_webkit-jb-mr1/LayoutTests/dom/xhtml/level2/html/HTMLDocument03.xhtml':[
24,
],
'project:external_webkit-jb-mr1/LayoutTests/dom/xhtml/level2/html/HTMLDocument04.xhtml':[
24,
],
'project:external_webkit-jb-mr1/LayoutTests/dom/xhtml/level2/html/HTMLDocument05.xhtml':[
24,
],
'project:external_webkit-jb-mr1/LayoutTests/dom/xhtml/level2/html/HTMLDocument07.xhtml':[
24,
],
'project:external_webkit-jb-mr1/LayoutTests/dom/xhtml/level2/html/HTMLDocument08.xhtml':[
24,
],
'project:external_webkit-jb-mr1/LayoutTests/dom/xhtml/level2/html/HTMLDocument09.xhtml':[
24,
],
'project:external_webkit-jb-mr1/LayoutTests/dom/xhtml/level2/html/HTMLDocument10.xhtml':[
24,
],
'project:external_webkit-jb-mr1/LayoutTests/dom/xhtml/level2/html/HTMLDocument11.xhtml':[
24,
],
'project:external_webkit-jb-mr1/LayoutTests/dom/xhtml/level2/html/HTMLDocument12.xhtml':[
24,
],
'project:external_webkit-jb-mr1/LayoutTests/dom/xhtml/level2/html/HTMLDocument13.xhtml':[
24,
],
'project:external_webkit-jb-mr1/LayoutTests/dom/xhtml/level2/html/HTMLDocument14.xhtml':[
24,
],
'project:external_webkit-jb-mr1/LayoutTests/dom/xhtml/level2/html/HTMLDocument15.xhtml':[
24,
],
'project:external_webkit-jb-mr1/LayoutTests/dom/xhtml/level2/html/HTMLDocument16.xhtml':[
24,
],
'project:external_webkit-jb-mr1/LayoutTests/dom/xhtml/level2/html/HTMLDocument17.xhtml':[
24,
],
'project:external_webkit-jb-mr1/LayoutTests/dom/xhtml/level2/html/HTMLDocument18.xhtml':[
24,
],
'project:external_webkit-jb-mr1/LayoutTests/dom/xhtml/level2/html/HTMLDocument19.xhtml':[
24,
],
'project:external_webkit-jb-mr1/LayoutTests/dom/xhtml/level2/html/HTMLDocument20.xhtml':[
24,
],
'project:external_webkit-jb-mr1/LayoutTests/dom/xhtml/level2/html/HTMLDocument21.xhtml':[
24,
],
'project:external_webkit-jb-mr1/LayoutTests/dom/xhtml/level2/html/HTMLDocument22.xhtml':[
24,
],
'project:external_webkit-jb-mr1/LayoutTests/dom/xhtml/level2/html/HTMLDocument23.xhtml':[
24,
],
'project:external_webkit-jb-mr1/LayoutTests/dom/xhtml/level2/html/HTMLDocument24.xhtml':[
24,
],
'project:external_webkit-jb-mr1/LayoutTests/dom/xhtml/level2/html/HTMLDocument25.xhtml':[
24,
],
'project:external_webkit-jb-mr1/LayoutTests/dom/xhtml/level2/html/HTMLDocument26.xhtml':[
24,
],
'project:external_webkit-jb-mr1/LayoutTests/dom/xhtml/level2/html/HTMLDocument27.xhtml':[
24,
],
'project:external_webkit-jb-mr1/LayoutTests/dom/xhtml/level2/html/HTMLInputElement01.xhtml':[
48,
],
'project:external_webkit-jb-mr1/LayoutTests/dom/xhtml/level2/html/HTMLInputElement02.xhtml':[
48,
],
'project:external_webkit-jb-mr1/LayoutTests/dom/xhtml/level2/html/HTMLInputElement03.xhtml':[
48,
],
'project:external_webkit-jb-mr1/LayoutTests/dom/xhtml/level2/html/HTMLInputElement04.xhtml':[
48,
],
'project:external_webkit-jb-mr1/LayoutTests/dom/xhtml/level2/html/HTMLInputElement05.xhtml':[
48,
],
'project:external_webkit-jb-mr1/LayoutTests/dom/xhtml/level2/html/HTMLInputElement06.xhtml':[
48,
],
'project:external_webkit-jb-mr1/LayoutTests/dom/xhtml/level2/html/HTMLInputElement07.xhtml':[
48,
],
'project:external_webkit-jb-mr1/LayoutTests/dom/xhtml/level2/html/HTMLInputElement08.xhtml':[
48,
],
'project:external_webkit-jb-mr1/LayoutTests/dom/xhtml/level2/html/HTMLInputElement09.xhtml':[
48,
],
'project:external_webkit-jb-mr1/LayoutTests/dom/xhtml/level2/html/HTMLInputElement10.xhtml':[
48,
],
'project:external_webkit-jb-mr1/LayoutTests/dom/xhtml/level2/html/HTMLInputElement11.xhtml':[
48,
],
'project:external_webkit-jb-mr1/LayoutTests/dom/xhtml/level2/html/HTMLInputElement12.xhtml':[
48,
],
'project:external_webkit-jb-mr1/LayoutTests/dom/xhtml/level2/html/HTMLInputElement13.xhtml':[
48,
],
'project:external_webkit-jb-mr1/LayoutTests/dom/xhtml/level2/html/HTMLInputElement14.xhtml':[
48,
],
'project:external_webkit-jb-mr1/LayoutTests/dom/xhtml/level2/html/HTMLInputElement15.xhtml':[
48,
],
'project:external_webkit-jb-mr1/LayoutTests/dom/xhtml/level2/html/HTMLInputElement16.xhtml':[
48,
],
'project:external_webkit-jb-mr1/LayoutTests/dom/xhtml/level2/html/HTMLInputElement17.xhtml':[
48,
],
'project:external_webkit-jb-mr1/LayoutTests/dom/xhtml/level2/html/HTMLInputElement18.xhtml':[
48,
],
'project:external_webkit-jb-mr1/LayoutTests/dom/xhtml/level2/html/HTMLInputElement19.xhtml':[
48,
],
'project:external_webkit-jb-mr1/LayoutTests/dom/xhtml/level2/html/HTMLInputElement20.xhtml':[
48,
],
'project:external_webkit-jb-mr1/LayoutTests/dom/xhtml/level2/html/HTMLInputElement21.xhtml':[
48,
],
'project:external_webkit-jb-mr1/LayoutTests/dom/xhtml/level2/html/HTMLInputElement22.xhtml':[
48,
],
'project:external_webkit-jb-mr1/LayoutTests/fast/dom/HTMLLinkElement/link-and-subresource-test.html':[
35,
],
'project:external_webkit-jb-mr1/LayoutTests/fast/dom/HTMLLinkElement/onload-completion-test.html':[
23,
],
'project:external_webkit-jb-mr1/LayoutTests/fast/dom/beforeload/image-before-load.html':[
13,
],
'project:external_webkit-jb-mr1/LayoutTests/fast/dom/beforeload/remove-image-in-beforeload-listener.html':[
22,
],
'project:external_webkit-jb-mr1/LayoutTests/fast/encoding/hanarei-blog32-fc2-com.html':[
20,
],
'project:external_webkit-jb-mr1/LayoutTests/fast/encoding/noscript-in-head.html':[
2,
],
'project:external_webkit-jb-mr1/LayoutTests/http/tests/canvas/webgl/origin-clean-conformance.html':[
215,
],
'project:external_webkit-jb-mr1/PerformanceTests/Parser/resources/html5.html':[
191,
9648,
18841,
18860,
18881,
29070,
29451,
30429,
32020,
36087,
37564,
37586,
37590,
38970,
38989,
41822,
43690,
43690,
46632,
62435,
62453,
68170,
],
'project:external_webkit-jb-mr1/PerformanceTests/XSSFilter/resources/target-for-large-post-many-inline-scripts-and-events.html':[
8,
12,
16,
20,
24,
28,
32,
36,
40,
44,
48,
52,
56,
60,
64,
68,
72,
76,
80,
84,
88,
92,
96,
100,
104,
108,
112,
116,
120,
124,
128,
132,
136,
140,
144,
148,
152,
156,
160,
164,
168,
172,
176,
180,
184,
188,
192,
196,
200,
204,
208,
212,
216,
220,
224,
228,
232,
236,
240,
244,
248,
252,
256,
260,
264,
268,
272,
276,
280,
284,
288,
292,
296,
300,
304,
308,
312,
316,
320,
324,
328,
332,
336,
340,
344,
348,
352,
356,
360,
364,
368,
372,
376,
380,
384,
388,
392,
396,
400,
404,
408,
412,
416,
420,
424,
428,
432,
436,
440,
444,
448,
452,
456,
460,
464,
468,
472,
476,
480,
484,
488,
492,
496,
500,
504,
508,
512,
516,
520,
524,
528,
532,
536,
540,
544,
548,
552,
556,
560,
564,
568,
572,
576,
580,
584,
588,
592,
596,
600,
604,
608,
612,
616,
620,
624,
628,
632,
636,
640,
644,
648,
652,
656,
660,
664,
668,
672,
676,
680,
684,
688,
692,
696,
700,
704,
708,
712,
716,
720,
724,
728,
732,
736,
740,
744,
748,
752,
756,
760,
764,
768,
772,
776,
780,
784,
788,
792,
796,
800,
804,
808,
812,
816,
820,
824,
828,
832,
836,
840,
844,
848,
852,
856,
860,
864,
868,
872,
876,
880,
884,
888,
892,
896,
900,
904,
908,
912,
916,
920,
924,
928,
932,
936,
940,
944,
948,
952,
956,
960,
964,
968,
972,
976,
980,
984,
988,
992,
996,
1000,
1004,
1008,
1012,
1016,
1020,
1024,
1028,
1032,
1036,
1040,
1044,
1048,
1052,
1056,
1060,
1064,
1068,
1072,
1076,
1080,
1084,
1088,
1092,
1096,
1100,
1104,
1108,
1112,
1116,
1120,
1124,
1128,
1132,
1136,
1140,
1144,
1148,
1152,
1156,
1160,
1164,
1168,
1172,
1176,
1180,
1184,
1188,
1192,
1196,
1200,
1204,
1208,
1212,
1216,
1220,
1224,
1228,
1232,
1236,
1240,
1244,
1248,
1252,
1256,
1260,
1264,
1268,
1272,
1276,
1280,
1284,
],
'project:external_webkit-jb-mr1/Source/WebCore/manual-tests/animated-gif-looping.html':[
4,
8,
],
'project:external_webkit-jb-mr1/Source/WebCore/manual-tests/caret-image.html':[
7,
],
'project:external_webkit-jb-mr1/Source/WebCore/manual-tests/drag-cursor-notallowed.html':[
95,
103,
],
'project:external_webkit-jb-mr1/Source/WebCore/manual-tests/drag-image-to-address-bar.html':[
21,
],
'project:external_webkit-jb-mr1/Source/WebCore/manual-tests/drag-image.html':[
22,
],
'project:external_webkit-jb-mr1/Source/WebCore/manual-tests/drag-with-div-or-image-as-data-image.html':[
46,
49,
],
'project:external_webkit-jb-mr1/Source/WebCore/manual-tests/gtk/copy-htmltext.html':[
12,
],
'project:external_webkit-jb-mr1/Source/WebCore/manual-tests/inspector/display-form-data.html':[
107,
108,
109,
],
'project:external_webkit-jb-mr1/Source/WebCore/manual-tests/large-size-image-crash.html':[
4,
],
'project:external_webkit-jb-mr1/Source/WebCore/manual-tests/linkjump-4.html':[
35,
60,
85,
85,
110,
],
'project:external_webkit-jb-mr1/Source/WebCore/manual-tests/pointer-events.html':[
169,
175,
180,
186,
192,
198,
],
'project:external_webkit-jb-mr1/Source/WebCore/manual-tests/print-onload-with-image.html':[
7,
],
'project:external_webkit-jb-mr1/Source/WebCore/manual-tests/reset-initiatedDrag.html':[
24,
],
'project:external_webkit-jb-mr1/Source/WebCore/manual-tests/resources/containsAnimatedGif.html':[
2,
],
'project:external_webkit-jb-mr1/Source/WebCore/manual-tests/simple-image-compositing.html':[
43,
48,
53,
58,
63,
68,
],
'project:external_webkit-jb-mr1/Source/WebKit/chromium/tests/data/pageserialization/embed_iframe.html':[
3,
],
'project:external_webkit-jb-mr1/Source/WebKit/chromium/tests/data/pageserialization/object_iframe.html':[
3,
],
'project:external_webkit-jb-mr1/Source/WebKit/chromium/tests/data/pageserialization/simple_iframe.html':[
9,
10,
],
'project:external_webkit-jb-mr1/Source/WebKit/chromium/tests/data/pageserialization/simple_page.html':[
20,
21,
24,
43,
44,
45,
46,
],
'project:external_webkit-jb-mr1/Source/WebKit/chromium/tests/data/pageserialization/top_frame.html':[
11,
],
'project:external_webkit-jb-mr1/Source/WebKit/qt/tests/hybridPixmap/test.html':[
60,
61,
62,
63,
],
'project:external_webkit-jb-mr1/Tools/BuildSlaveSupport/build.webkit.org-config/public_html/LeaksViewer/index.html':[
65,
],
'project:external_webkit-jb-mr1/Tools/Scripts/webkitpy/tool/commands/data/rebaselineserver/index.html':[
98,
99,
],
'project:external_webkit-jb-mr1/Tools/iExploder/iexploder-1.7.2/src/index.html':[
68,
],
'project:phpMyAdmin-4.0.4-english/pmd_general.php':[
82,
86,
90,
93,
95,
100,
104,
109,
113,
117,
120,
123,
127,
130,
133,
137,
141,
144,
160,
174,
178,
272,
],
'project:sonar-master/plugins/sonar-core-plugin/src/main/resources/org/sonar/plugins/core/web/tests_viewer.html.erb':[
94,
],
'project:sonar-master/plugins/sonar-core-plugin/src/main/resources/org/sonar/plugins/core/widgets/events.html.erb':[
87,
],
'project:sonar-master/sonar-server/src/main/webapp/WEB-INF/app/views/account/_per_project_notifications.html.erb':[
45,
],
'project:sonar-master/sonar-server/src/main/webapp/WEB-INF/app/views/action_plans/index.html.erb':[
28,
84,
],
'project:sonar-master/sonar-server/src/main/webapp/WEB-INF/app/views/comparison/index.html.erb':[
167,
169,
174,
179,
181,
221,
224,
226,
],
'project:sonar-master/sonar-server/src/main/webapp/WEB-INF/app/views/confirm/_confirm.html.erb':[
14,
],
'project:sonar-master/sonar-server/src/main/webapp/WEB-INF/app/views/dashboards/_delete_form.html.erb':[
9,
],
'project:sonar-master/sonar-server/src/main/webapp/WEB-INF/app/views/drilldown/issues.html.erb':[
91,
],
'project:sonar-master/sonar-server/src/main/webapp/WEB-INF/app/views/issue/_delete_comment_form.html.erb':[
9,
],
'project:sonar-master/sonar-server/src/main/webapp/WEB-INF/app/views/issue/_issue.html.erb':[
4,
7,
12,
17,
22,
27,
68,
83,
101,
148,
],
'project:sonar-master/sonar-server/src/main/webapp/WEB-INF/app/views/issues/_list.html.erb':[
66,
],
'project:sonar-master/sonar-server/src/main/webapp/WEB-INF/app/views/layouts/_layout.html.erb':[
30,
],
'project:sonar-master/sonar-server/src/main/webapp/WEB-INF/app/views/measures/_sidebar.html.erb':[
120,
],
'project:sonar-master/sonar-server/src/main/webapp/WEB-INF/app/views/project/widgets/issues/_issues_list.html.erb':[
90,
96,
],
'project:sonar-master/sonar-server/src/main/webapp/WEB-INF/app/views/resource/_tabs.html.erb':[
47,
],
'project:sonar-master/sonar-server/src/main/webapp/WEB-INF/app/views/rules_configuration/_rule.html.erb':[
23,
25,
70,
],
'project:sonar-master/sonar-server/src/main/webapp/WEB-INF/app/views/rules_configuration/_rule_param.html.erb':[
24,
35,
],
'project:sonar-master/sonar-server/src/main/webapp/WEB-INF/app/views/settings/_properties.html.erb':[
79,
],
'project:sonar-master/sonar-server/src/main/webapp/WEB-INF/app/views/test/_testable.html.erb':[
26,
],
'project:sonar-master/sonar-server/src/main/webapp/WEB-INF/app/views/treemap/_gradient.html.erb':[
15,
],
'project:voten/resources/assets/js/components/AdminPanelDashboard.vue':[
98,
],
'project:voten/resources/assets/js/components/AdminPanelInactiveChannels.vue':[
13,
],
'project:voten/resources/assets/js/components/AdminPanelUsers.vue':[
26,
],
'project:voten/resources/assets/js/components/BannedUser.vue':[
6,
],
'project:voten/resources/assets/js/components/BookmarkedChannel.vue':[
6,
],
'project:voten/resources/assets/js/components/BookmarkedUser.vue':[
6,
],
'project:voten/resources/assets/js/components/ChannelHeader.vue':[
12,
],
'project:voten/resources/assets/js/components/ChannelSearchItem.vue':[
5,
],
'project:voten/resources/assets/js/components/ChannelSettings.vue':[
39,
],
'project:voten/resources/assets/js/components/Comment.vue':[
86,
],
'project:voten/resources/assets/js/components/EmojiPicker.vue':[
29,
44,
],
'project:voten/resources/assets/js/components/FindChannelsItem.vue':[
5,
],
'project:voten/resources/assets/js/components/FullSubmission.vue':[
38,
],
'project:voten/resources/assets/js/components/Home.vue':[
24,
],
'project:voten/resources/assets/js/components/Message.vue':[
5,
],
'project:voten/resources/assets/js/components/Messages.vue':[
30,
132,
151,
],
'project:voten/resources/assets/js/components/Moderator.vue':[
6,
],
'project:voten/resources/assets/js/components/Moderators.vue':[
17,
],
'project:voten/resources/assets/js/components/NewSubmission.vue':[
151,
],
'project:voten/resources/assets/js/components/Notification.vue':[
5,
],
'project:voten/resources/assets/js/components/PhotoViewer.vue':[
37,
],
'project:voten/resources/assets/js/components/QuickChannelPicker.vue':[
26,
],
'project:voten/resources/assets/js/components/QuickEmojiPicker.vue':[
24,
],
'project:voten/resources/assets/js/components/QuickMentioner.vue':[
26,
],
'project:voten/resources/assets/js/components/SearchModal.vue':[
38,
],
'project:voten/resources/assets/js/components/SubmissionChannelHeader.vue':[
8,
],
'project:voten/resources/assets/js/components/SuggestedChannel.vue':[
15,
],
'project:voten/resources/assets/js/components/UserHeader.vue':[
11,
],
'project:voten/resources/assets/js/components/UserSearchItem.vue':[
5,
],
'project:voten/resources/assets/js/components/UserSettingsEditProfile.vue':[
33,
],
'project:voten/resources/assets/js/components/auth/RightSidebar.vue':[
12,
162,
],
'project:voten/resources/assets/js/components/pages/Credits.vue':[
32,
46,
64,
82,
100,
136,
150,
167,
184,
],
'project:voten/resources/assets/js/components/submission/ImgSubmission.vue':[
13,
25,
],
'project:voten/resources/assets/js/components/submission/LinkSubmission.vue':[
22,
],
'project:voten/resources/views/backend/channel.blade.php':[
20,
],
'project:voten/resources/views/backend/channels.blade.php':[
58,
],
'project:voten/resources/views/backend/dashboard.blade.php':[
233,
],
'project:voten/resources/views/backend/header.blade.php':[
4,
],
'project:voten/resources/views/backend/spams/comments.blade.php':[
53,
60,
],
'project:voten/resources/views/backend/spams/multiple-accounts.blade.php':[
51,
],
'project:voten/resources/views/backend/spams/submissions.blade.php':[
53,
60,
],
'project:voten/resources/views/backend/user.blade.php':[
56,
],
'project:voten/resources/views/backend/users.blade.php':[
48,
],
'project:voten/resources/views/errors/403.blade.php':[
66,
],
'project:voten/resources/views/errors/503.blade.php':[
67,
],
}
